---
train_chr19_frac:               0.099574
eval_chr21_frac:                0.100329
primary_score:                  -0.615821
best_epoch:                     18
imp_count_r2_gw:                -0.112345
den_count_r2_gw:                -0.289593
count_imp_loss:                 1.970416
count_obs_loss:                 0.987840
train_count_imp_loss:           0.930098
train_count_obs_loss:           4.770636
train_count_imp_loss_ep0:       1.310076
train_count_obs_loss_ep0:       7.043341
eval_count_imp_loss_ep0:        1.828508
eval_count_obs_loss_ep0:        1.420990
loss_check_ok:                  False
loss_check_reason:              eval_count_imp_drop_-0.078
depth_count_ratio:              3.077800
param_count:                    833202
param_ok:                       True
encoder_eff_rank:               2.949007
grad_pre_clip_norm:             3.096473
grad_clipped_frac_running:      0.937500
training_grad_norms/count_obs:  0.517552
training_grad_norms/count_imp:  1.561006
peak_vram_mb:                   136.500977
peak_vram_ok:                   True
training_seconds:               212.398458
status:                         ok
guards_ok:                      True
error:                          None
---
/project/6014832/mforooz/EpiDenoise/sandbox/eval.py:46: ConstantInputWarning: An input array is constant; the correlation coefficient is not defined.
  r, _ = spearmanr(p.cpu().numpy(), t.cpu().numpy())
/project/6014832/mforooz/EpiDenoise/sandbox/eval.py:46: ConstantInputWarning: An input array is constant; the correlation coefficient is not defined.
  r, _ = spearmanr(p.cpu().numpy(), t.cpu().numpy())
/project/6014832/mforooz/EpiDenoise/sandbox/eval.py:46: ConstantInputWarning: An input array is constant; the correlation coefficient is not defined.
  r, _ = spearmanr(p.cpu().numpy(), t.cpu().numpy())
/project/6014832/mforooz/EpiDenoise/sandbox/eval.py:46: ConstantInputWarning: An input array is constant; the correlation coefficient is not defined.
  r, _ = spearmanr(p.cpu().numpy(), t.cpu().numpy())
/project/6014832/mforooz/EpiDenoise/sandbox/eval.py:46: ConstantInputWarning: An input array is constant; the correlation coefficient is not defined.
  r, _ = spearmanr(p.cpu().numpy(), t.cpu().numpy())
/project/6014832/mforooz/EpiDenoise/sandbox/eval.py:46: ConstantInputWarning: An input array is constant; the correlation coefficient is not defined.
  r, _ = spearmanr(p.cpu().numpy(), t.cpu().numpy())
/project/6014832/mforooz/EpiDenoise/sandbox/eval.py:46: ConstantInputWarning: An input array is constant; the correlation coefficient is not defined.
  r, _ = spearmanr(p.cpu().numpy(), t.cpu().numpy())
/project/6014832/mforooz/EpiDenoise/sandbox/eval.py:46: ConstantInputWarning: An input array is constant; the correlation coefficient is not defined.
  r, _ = spearmanr(p.cpu().numpy(), t.cpu().numpy())
/project/6014832/mforooz/EpiDenoise/sandbox/eval.py:46: ConstantInputWarning: An input array is constant; the correlation coefficient is not defined.
  r, _ = spearmanr(p.cpu().numpy(), t.cpu().numpy())
/project/6014832/mforooz/EpiDenoise/sandbox/eval.py:46: ConstantInputWarning: An input array is constant; the correlation coefficient is not defined.
  r, _ = spearmanr(p.cpu().numpy(), t.cpu().numpy())
/project/6014832/mforooz/EpiDenoise/sandbox/eval.py:46: ConstantInputWarning: An input array is constant; the correlation coefficient is not defined.
  r, _ = spearmanr(p.cpu().numpy(), t.cpu().numpy())
/project/6014832/mforooz/EpiDenoise/sandbox/eval.py:46: ConstantInputWarning: An input array is constant; the correlation coefficient is not defined.
  r, _ = spearmanr(p.cpu().numpy(), t.cpu().numpy())
/project/6014832/mforooz/EpiDenoise/sandbox/eval.py:46: ConstantInputWarning: An input array is constant; the correlation coefficient is not defined.
  r, _ = spearmanr(p.cpu().numpy(), t.cpu().numpy())
/project/6014832/mforooz/EpiDenoise/sandbox/eval.py:46: ConstantInputWarning: An input array is constant; the correlation coefficient is not defined.
  r, _ = spearmanr(p.cpu().numpy(), t.cpu().numpy())
/project/6014832/mforooz/EpiDenoise/sandbox/eval.py:46: ConstantInputWarning: An input array is constant; the correlation coefficient is not defined.
  r, _ = spearmanr(p.cpu().numpy(), t.cpu().numpy())
/project/6014832/mforooz/EpiDenoise/sandbox/eval.py:46: ConstantInputWarning: An input array is constant; the correlation coefficient is not defined.
  r, _ = spearmanr(p.cpu().numpy(), t.cpu().numpy())
/project/6014832/mforooz/EpiDenoise/sandbox/eval.py:46: ConstantInputWarning: An input array is constant; the correlation coefficient is not defined.
  r, _ = spearmanr(p.cpu().numpy(), t.cpu().numpy())
/project/6014832/mforooz/EpiDenoise/sandbox/eval.py:46: ConstantInputWarning: An input array is constant; the correlation coefficient is not defined.
  r, _ = spearmanr(p.cpu().numpy(), t.cpu().numpy())
/project/6014832/mforooz/EpiDenoise/sandbox/eval.py:46: ConstantInputWarning: An input array is constant; the correlation coefficient is not defined.
  r, _ = spearmanr(p.cpu().numpy(), t.cpu().numpy())
/project/6014832/mforooz/EpiDenoise/sandbox/eval.py:46: ConstantInputWarning: An input array is constant; the correlation coefficient is not defined.
  r, _ = spearmanr(p.cpu().numpy(), t.cpu().numpy())
/project/6014832/mforooz/EpiDenoise/sandbox/eval.py:46: ConstantInputWarning: An input array is constant; the correlation coefficient is not defined.
  r, _ = spearmanr(p.cpu().numpy(), t.cpu().numpy())
/project/6014832/mforooz/EpiDenoise/candi_venv/lib/python3.10/site-packages/torch/optim/lr_scheduler.py:243: UserWarning: The epoch parameter in `scheduler.step()` was not necessary and is being deprecated where possible. Please use `scheduler.step()` to step the scheduler. During the deprecation, if epoch is different from None, the closed form is used instead of the new chainable form, where available. Please open an issue if you are unable to replicate your use case: https://github.com/pytorch/pytorch/issues/new/choose.
  warnings.warn(EPOCH_DEPRECATION_WARNING, UserWarning)
/project/6014832/mforooz/EpiDenoise/sandbox/eval.py:46: ConstantInputWarning: An input array is constant; the correlation coefficient is not defined.
  r, _ = spearmanr(p.cpu().numpy(), t.cpu().numpy())
/project/6014832/mforooz/EpiDenoise/sandbox/eval.py:46: ConstantInputWarning: An input array is constant; the correlation coefficient is not defined.
  r, _ = spearmanr(p.cpu().numpy(), t.cpu().numpy())
/project/6014832/mforooz/EpiDenoise/sandbox/eval.py:46: ConstantInputWarning: An input array is constant; the correlation coefficient is not defined.
  r, _ = spearmanr(p.cpu().numpy(), t.cpu().numpy())
/project/6014832/mforooz/EpiDenoise/sandbox/eval.py:46: ConstantInputWarning: An input array is constant; the correlation coefficient is not defined.
  r, _ = spearmanr(p.cpu().numpy(), t.cpu().numpy())
/project/6014832/mforooz/EpiDenoise/sandbox/eval.py:46: ConstantInputWarning: An input array is constant; the correlation coefficient is not defined.
  r, _ = spearmanr(p.cpu().numpy(), t.cpu().numpy())
/project/6014832/mforooz/EpiDenoise/sandbox/eval.py:46: ConstantInputWarning: An input array is constant; the correlation coefficient is not defined.
  r, _ = spearmanr(p.cpu().numpy(), t.cpu().numpy())
/project/6014832/mforooz/EpiDenoise/sandbox/eval.py:46: ConstantInputWarning: An input array is constant; the correlation coefficient is not defined.
  r, _ = spearmanr(p.cpu().numpy(), t.cpu().numpy())
/project/6014832/mforooz/EpiDenoise/sandbox/eval.py:46: ConstantInputWarning: An input array is constant; the correlation coefficient is not defined.
  r, _ = spearmanr(p.cpu().numpy(), t.cpu().numpy())
/project/6014832/mforooz/EpiDenoise/sandbox/eval.py:46: ConstantInputWarning: An input array is constant; the correlation coefficient is not defined.
  r, _ = spearmanr(p.cpu().numpy(), t.cpu().numpy())
/project/6014832/mforooz/EpiDenoise/sandbox/eval.py:46: ConstantInputWarning: An input array is constant; the correlation coefficient is not defined.
  r, _ = spearmanr(p.cpu().numpy(), t.cpu().numpy())
/project/6014832/mforooz/EpiDenoise/sandbox/eval.py:46: ConstantInputWarning: An input array is constant; the correlation coefficient is not defined.
  r, _ = spearmanr(p.cpu().numpy(), t.cpu().numpy())
/project/6014832/mforooz/EpiDenoise/sandbox/eval.py:46: ConstantInputWarning: An input array is constant; the correlation coefficient is not defined.
  r, _ = spearmanr(p.cpu().numpy(), t.cpu().numpy())
/project/6014832/mforooz/EpiDenoise/sandbox/eval.py:46: ConstantInputWarning: An input array is constant; the correlation coefficient is not defined.
  r, _ = spearmanr(p.cpu().numpy(), t.cpu().numpy())
/project/6014832/mforooz/EpiDenoise/sandbox/eval.py:46: ConstantInputWarning: An input array is constant; the correlation coefficient is not defined.
  r, _ = spearmanr(p.cpu().numpy(), t.cpu().numpy())
/project/6014832/mforooz/EpiDenoise/sandbox/eval.py:46: ConstantInputWarning: An input array is constant; the correlation coefficient is not defined.
  r, _ = spearmanr(p.cpu().numpy(), t.cpu().numpy())
/project/6014832/mforooz/EpiDenoise/sandbox/eval.py:46: ConstantInputWarning: An input array is constant; the correlation coefficient is not defined.
  r, _ = spearmanr(p.cpu().numpy(), t.cpu().numpy())
/project/6014832/mforooz/EpiDenoise/sandbox/eval.py:46: ConstantInputWarning: An input array is constant; the correlation coefficient is not defined.
  r, _ = spearmanr(p.cpu().numpy(), t.cpu().numpy())
/project/6014832/mforooz/EpiDenoise/sandbox/eval.py:46: ConstantInputWarning: An input array is constant; the correlation coefficient is not defined.
  r, _ = spearmanr(p.cpu().numpy(), t.cpu().numpy())
/project/6014832/mforooz/EpiDenoise/sandbox/eval.py:46: ConstantInputWarning: An input array is constant; the correlation coefficient is not defined.
  r, _ = spearmanr(p.cpu().numpy(), t.cpu().numpy())
/project/6014832/mforooz/EpiDenoise/sandbox/eval.py:46: ConstantInputWarning: An input array is constant; the correlation coefficient is not defined.
  r, _ = spearmanr(p.cpu().numpy(), t.cpu().numpy())
/project/6014832/mforooz/EpiDenoise/sandbox/eval.py:46: ConstantInputWarning: An input array is constant; the correlation coefficient is not defined.
  r, _ = spearmanr(p.cpu().numpy(), t.cpu().numpy())
/project/6014832/mforooz/EpiDenoise/sandbox/eval.py:46: ConstantInputWarning: An input array is constant; the correlation coefficient is not defined.
  r, _ = spearmanr(p.cpu().numpy(), t.cpu().numpy())
/project/6014832/mforooz/EpiDenoise/sandbox/eval.py:46: ConstantInputWarning: An input array is constant; the correlation coefficient is not defined.
  r, _ = spearmanr(p.cpu().numpy(), t.cpu().numpy())
/project/6014832/mforooz/EpiDenoise/sandbox/eval.py:46: ConstantInputWarning: An input array is constant; the correlation coefficient is not defined.
  r, _ = spearmanr(p.cpu().numpy(), t.cpu().numpy())
/project/6014832/mforooz/EpiDenoise/sandbox/eval.py:46: ConstantInputWarning: An input array is constant; the correlation coefficient is not defined.
  r, _ = spearmanr(p.cpu().numpy(), t.cpu().numpy())
/project/6014832/mforooz/EpiDenoise/sandbox/eval.py:46: ConstantInputWarning: An input array is constant; the correlation coefficient is not defined.
  r, _ = spearmanr(p.cpu().numpy(), t.cpu().numpy())
/project/6014832/mforooz/EpiDenoise/sandbox/eval.py:46: ConstantInputWarning: An input array is constant; the correlation coefficient is not defined.
  r, _ = spearmanr(p.cpu().numpy(), t.cpu().numpy())
/project/6014832/mforooz/EpiDenoise/sandbox/eval.py:46: ConstantInputWarning: An input array is constant; the correlation coefficient is not defined.
  r, _ = spearmanr(p.cpu().numpy(), t.cpu().numpy())
/project/6014832/mforooz/EpiDenoise/sandbox/eval.py:46: ConstantInputWarning: An input array is constant; the correlation coefficient is not defined.
  r, _ = spearmanr(p.cpu().numpy(), t.cpu().numpy())
/project/6014832/mforooz/EpiDenoise/sandbox/eval.py:46: ConstantInputWarning: An input array is constant; the correlation coefficient is not defined.
  r, _ = spearmanr(p.cpu().numpy(), t.cpu().numpy())
/project/6014832/mforooz/EpiDenoise/sandbox/eval.py:46: ConstantInputWarning: An input array is constant; the correlation coefficient is not defined.
  r, _ = spearmanr(p.cpu().numpy(), t.cpu().numpy())
/project/6014832/mforooz/EpiDenoise/sandbox/eval.py:46: ConstantInputWarning: An input array is constant; the correlation coefficient is not defined.
  r, _ = spearmanr(p.cpu().numpy(), t.cpu().numpy())
/project/6014832/mforooz/EpiDenoise/sandbox/eval.py:46: ConstantInputWarning: An input array is constant; the correlation coefficient is not defined.
  r, _ = spearmanr(p.cpu().numpy(), t.cpu().numpy())
/project/6014832/mforooz/EpiDenoise/sandbox/eval.py:46: ConstantInputWarning: An input array is constant; the correlation coefficient is not defined.
  r, _ = spearmanr(p.cpu().numpy(), t.cpu().numpy())
/project/6014832/mforooz/EpiDenoise/sandbox/eval.py:46: ConstantInputWarning: An input array is constant; the correlation coefficient is not defined.
  r, _ = spearmanr(p.cpu().numpy(), t.cpu().numpy())
/project/6014832/mforooz/EpiDenoise/sandbox/eval.py:46: ConstantInputWarning: An input array is constant; the correlation coefficient is not defined.
  r, _ = spearmanr(p.cpu().numpy(), t.cpu().numpy())
/project/6014832/mforooz/EpiDenoise/sandbox/eval.py:46: ConstantInputWarning: An input array is constant; the correlation coefficient is not defined.
  r, _ = spearmanr(p.cpu().numpy(), t.cpu().numpy())
/project/6014832/mforooz/EpiDenoise/sandbox/eval.py:46: ConstantInputWarning: An input array is constant; the correlation coefficient is not defined.
  r, _ = spearmanr(p.cpu().numpy(), t.cpu().numpy())
/project/6014832/mforooz/EpiDenoise/sandbox/eval.py:46: ConstantInputWarning: An input array is constant; the correlation coefficient is not defined.
  r, _ = spearmanr(p.cpu().numpy(), t.cpu().numpy())
/project/6014832/mforooz/EpiDenoise/sandbox/eval.py:46: ConstantInputWarning: An input array is constant; the correlation coefficient is not defined.
  r, _ = spearmanr(p.cpu().numpy(), t.cpu().numpy())
/project/6014832/mforooz/EpiDenoise/sandbox/eval.py:46: ConstantInputWarning: An input array is constant; the correlation coefficient is not defined.
  r, _ = spearmanr(p.cpu().numpy(), t.cpu().numpy())
/project/6014832/mforooz/EpiDenoise/sandbox/eval.py:46: ConstantInputWarning: An input array is constant; the correlation coefficient is not defined.
  r, _ = spearmanr(p.cpu().numpy(), t.cpu().numpy())
/project/6014832/mforooz/EpiDenoise/sandbox/eval.py:46: ConstantInputWarning: An input array is constant; the correlation coefficient is not defined.
  r, _ = spearmanr(p.cpu().numpy(), t.cpu().numpy())
/project/6014832/mforooz/EpiDenoise/sandbox/eval.py:46: ConstantInputWarning: An input array is constant; the correlation coefficient is not defined.
  r, _ = spearmanr(p.cpu().numpy(), t.cpu().numpy())
/project/6014832/mforooz/EpiDenoise/sandbox/eval.py:46: ConstantInputWarning: An input array is constant; the correlation coefficient is not defined.
  r, _ = spearmanr(p.cpu().numpy(), t.cpu().numpy())
/project/6014832/mforooz/EpiDenoise/sandbox/eval.py:46: ConstantInputWarning: An input array is constant; the correlation coefficient is not defined.
  r, _ = spearmanr(p.cpu().numpy(), t.cpu().numpy())
/project/6014832/mforooz/EpiDenoise/sandbox/eval.py:46: ConstantInputWarning: An input array is constant; the correlation coefficient is not defined.
  r, _ = spearmanr(p.cpu().numpy(), t.cpu().numpy())
/project/6014832/mforooz/EpiDenoise/sandbox/eval.py:46: ConstantInputWarning: An input array is constant; the correlation coefficient is not defined.
  r, _ = spearmanr(p.cpu().numpy(), t.cpu().numpy())
/project/6014832/mforooz/EpiDenoise/sandbox/eval.py:46: ConstantInputWarning: An input array is constant; the correlation coefficient is not defined.
  r, _ = spearmanr(p.cpu().numpy(), t.cpu().numpy())
/project/6014832/mforooz/EpiDenoise/sandbox/eval.py:46: ConstantInputWarning: An input array is constant; the correlation coefficient is not defined.
  r, _ = spearmanr(p.cpu().numpy(), t.cpu().numpy())
/project/6014832/mforooz/EpiDenoise/sandbox/eval.py:46: ConstantInputWarning: An input array is constant; the correlation coefficient is not defined.
  r, _ = spearmanr(p.cpu().numpy(), t.cpu().numpy())
/project/6014832/mforooz/EpiDenoise/sandbox/eval.py:46: ConstantInputWarning: An input array is constant; the correlation coefficient is not defined.
  r, _ = spearmanr(p.cpu().numpy(), t.cpu().numpy())
/project/6014832/mforooz/EpiDenoise/sandbox/eval.py:46: ConstantInputWarning: An input array is constant; the correlation coefficient is not defined.
  r, _ = spearmanr(p.cpu().numpy(), t.cpu().numpy())
/project/6014832/mforooz/EpiDenoise/sandbox/eval.py:46: ConstantInputWarning: An input array is constant; the correlation coefficient is not defined.
  r, _ = spearmanr(p.cpu().numpy(), t.cpu().numpy())
/project/6014832/mforooz/EpiDenoise/sandbox/eval.py:46: ConstantInputWarning: An input array is constant; the correlation coefficient is not defined.
  r, _ = spearmanr(p.cpu().numpy(), t.cpu().numpy())
/project/6014832/mforooz/EpiDenoise/sandbox/eval.py:46: ConstantInputWarning: An input array is constant; the correlation coefficient is not defined.
  r, _ = spearmanr(p.cpu().numpy(), t.cpu().numpy())
/project/6014832/mforooz/EpiDenoise/sandbox/eval.py:46: ConstantInputWarning: An input array is constant; the correlation coefficient is not defined.
  r, _ = spearmanr(p.cpu().numpy(), t.cpu().numpy())
/project/6014832/mforooz/EpiDenoise/sandbox/eval.py:46: ConstantInputWarning: An input array is constant; the correlation coefficient is not defined.
  r, _ = spearmanr(p.cpu().numpy(), t.cpu().numpy())
/project/6014832/mforooz/EpiDenoise/sandbox/eval.py:46: ConstantInputWarning: An input array is constant; the correlation coefficient is not defined.
  r, _ = spearmanr(p.cpu().numpy(), t.cpu().numpy())
/project/6014832/mforooz/EpiDenoise/sandbox/eval.py:46: ConstantInputWarning: An input array is constant; the correlation coefficient is not defined.
  r, _ = spearmanr(p.cpu().numpy(), t.cpu().numpy())
/project/6014832/mforooz/EpiDenoise/sandbox/eval.py:46: ConstantInputWarning: An input array is constant; the correlation coefficient is not defined.
  r, _ = spearmanr(p.cpu().numpy(), t.cpu().numpy())
/project/6014832/mforooz/EpiDenoise/sandbox/eval.py:46: ConstantInputWarning: An input array is constant; the correlation coefficient is not defined.
  r, _ = spearmanr(p.cpu().numpy(), t.cpu().numpy())
/project/6014832/mforooz/EpiDenoise/sandbox/eval.py:46: ConstantInputWarning: An input array is constant; the correlation coefficient is not defined.
  r, _ = spearmanr(p.cpu().numpy(), t.cpu().numpy())
/project/6014832/mforooz/EpiDenoise/sandbox/eval.py:46: ConstantInputWarning: An input array is constant; the correlation coefficient is not defined.
  r, _ = spearmanr(p.cpu().numpy(), t.cpu().numpy())
/project/6014832/mforooz/EpiDenoise/sandbox/eval.py:46: ConstantInputWarning: An input array is constant; the correlation coefficient is not defined.
  r, _ = spearmanr(p.cpu().numpy(), t.cpu().numpy())
/project/6014832/mforooz/EpiDenoise/sandbox/eval.py:46: ConstantInputWarning: An input array is constant; the correlation coefficient is not defined.
  r, _ = spearmanr(p.cpu().numpy(), t.cpu().numpy())
/project/6014832/mforooz/EpiDenoise/sandbox/eval.py:46: ConstantInputWarning: An input array is constant; the correlation coefficient is not defined.
  r, _ = spearmanr(p.cpu().numpy(), t.cpu().numpy())
/project/6014832/mforooz/EpiDenoise/sandbox/eval.py:46: ConstantInputWarning: An input array is constant; the correlation coefficient is not defined.
  r, _ = spearmanr(p.cpu().numpy(), t.cpu().numpy())
/project/6014832/mforooz/EpiDenoise/sandbox/eval.py:46: ConstantInputWarning: An input array is constant; the correlation coefficient is not defined.
  r, _ = spearmanr(p.cpu().numpy(), t.cpu().numpy())
/project/6014832/mforooz/EpiDenoise/sandbox/eval.py:46: ConstantInputWarning: An input array is constant; the correlation coefficient is not defined.
  r, _ = spearmanr(p.cpu().numpy(), t.cpu().numpy())
/project/6014832/mforooz/EpiDenoise/sandbox/eval.py:46: ConstantInputWarning: An input array is constant; the correlation coefficient is not defined.
  r, _ = spearmanr(p.cpu().numpy(), t.cpu().numpy())
/project/6014832/mforooz/EpiDenoise/sandbox/eval.py:46: ConstantInputWarning: An input array is constant; the correlation coefficient is not defined.
  r, _ = spearmanr(p.cpu().numpy(), t.cpu().numpy())
/project/6014832/mforooz/EpiDenoise/sandbox/eval.py:46: ConstantInputWarning: An input array is constant; the correlation coefficient is not defined.
  r, _ = spearmanr(p.cpu().numpy(), t.cpu().numpy())
/project/6014832/mforooz/EpiDenoise/sandbox/eval.py:46: ConstantInputWarning: An input array is constant; the correlation coefficient is not defined.
  r, _ = spearmanr(p.cpu().numpy(), t.cpu().numpy())
/project/6014832/mforooz/EpiDenoise/sandbox/eval.py:46: ConstantInputWarning: An input array is constant; the correlation coefficient is not defined.
  r, _ = spearmanr(p.cpu().numpy(), t.cpu().numpy())
/project/6014832/mforooz/EpiDenoise/sandbox/eval.py:46: ConstantInputWarning: An input array is constant; the correlation coefficient is not defined.
  r, _ = spearmanr(p.cpu().numpy(), t.cpu().numpy())
/project/6014832/mforooz/EpiDenoise/sandbox/eval.py:46: ConstantInputWarning: An input array is constant; the correlation coefficient is not defined.
  r, _ = spearmanr(p.cpu().numpy(), t.cpu().numpy())
/project/6014832/mforooz/EpiDenoise/sandbox/eval.py:46: ConstantInputWarning: An input array is constant; the correlation coefficient is not defined.
  r, _ = spearmanr(p.cpu().numpy(), t.cpu().numpy())
/project/6014832/mforooz/EpiDenoise/sandbox/eval.py:46: ConstantInputWarning: An input array is constant; the correlation coefficient is not defined.
  r, _ = spearmanr(p.cpu().numpy(), t.cpu().numpy())
/project/6014832/mforooz/EpiDenoise/sandbox/eval.py:46: ConstantInputWarning: An input array is constant; the correlation coefficient is not defined.
  r, _ = spearmanr(p.cpu().numpy(), t.cpu().numpy())
/project/6014832/mforooz/EpiDenoise/sandbox/eval.py:46: ConstantInputWarning: An input array is constant; the correlation coefficient is not defined.
  r, _ = spearmanr(p.cpu().numpy(), t.cpu().numpy())
/project/6014832/mforooz/EpiDenoise/sandbox/eval.py:46: ConstantInputWarning: An input array is constant; the correlation coefficient is not defined.
  r, _ = spearmanr(p.cpu().numpy(), t.cpu().numpy())
/project/6014832/mforooz/EpiDenoise/sandbox/eval.py:46: ConstantInputWarning: An input array is constant; the correlation coefficient is not defined.
  r, _ = spearmanr(p.cpu().numpy(), t.cpu().numpy())
/project/6014832/mforooz/EpiDenoise/sandbox/eval.py:46: ConstantInputWarning: An input array is constant; the correlation coefficient is not defined.
  r, _ = spearmanr(p.cpu().numpy(), t.cpu().numpy())
/project/6014832/mforooz/EpiDenoise/sandbox/eval.py:46: ConstantInputWarning: An input array is constant; the correlation coefficient is not defined.
  r, _ = spearmanr(p.cpu().numpy(), t.cpu().numpy())
/project/6014832/mforooz/EpiDenoise/sandbox/eval.py:46: ConstantInputWarning: An input array is constant; the correlation coefficient is not defined.
  r, _ = spearmanr(p.cpu().numpy(), t.cpu().numpy())
/project/6014832/mforooz/EpiDenoise/sandbox/eval.py:46: ConstantInputWarning: An input array is constant; the correlation coefficient is not defined.
  r, _ = spearmanr(p.cpu().numpy(), t.cpu().numpy())
/project/6014832/mforooz/EpiDenoise/sandbox/eval.py:46: ConstantInputWarning: An input array is constant; the correlation coefficient is not defined.
  r, _ = spearmanr(p.cpu().numpy(), t.cpu().numpy())
/project/6014832/mforooz/EpiDenoise/sandbox/eval.py:46: ConstantInputWarning: An input array is constant; the correlation coefficient is not defined.
  r, _ = spearmanr(p.cpu().numpy(), t.cpu().numpy())
/project/6014832/mforooz/EpiDenoise/sandbox/eval.py:46: ConstantInputWarning: An input array is constant; the correlation coefficient is not defined.
  r, _ = spearmanr(p.cpu().numpy(), t.cpu().numpy())
/project/6014832/mforooz/EpiDenoise/sandbox/eval.py:46: ConstantInputWarning: An input array is constant; the correlation coefficient is not defined.
  r, _ = spearmanr(p.cpu().numpy(), t.cpu().numpy())
/project/6014832/mforooz/EpiDenoise/sandbox/eval.py:46: ConstantInputWarning: An input array is constant; the correlation coefficient is not defined.
  r, _ = spearmanr(p.cpu().numpy(), t.cpu().numpy())
/project/6014832/mforooz/EpiDenoise/sandbox/eval.py:46: ConstantInputWarning: An input array is constant; the correlation coefficient is not defined.
  r, _ = spearmanr(p.cpu().numpy(), t.cpu().numpy())
/project/6014832/mforooz/EpiDenoise/sandbox/eval.py:46: ConstantInputWarning: An input array is constant; the correlation coefficient is not defined.
  r, _ = spearmanr(p.cpu().numpy(), t.cpu().numpy())
/project/6014832/mforooz/EpiDenoise/sandbox/eval.py:46: ConstantInputWarning: An input array is constant; the correlation coefficient is not defined.
  r, _ = spearmanr(p.cpu().numpy(), t.cpu().numpy())
/project/6014832/mforooz/EpiDenoise/sandbox/eval.py:46: ConstantInputWarning: An input array is constant; the correlation coefficient is not defined.
  r, _ = spearmanr(p.cpu().numpy(), t.cpu().numpy())
/project/6014832/mforooz/EpiDenoise/sandbox/eval.py:46: ConstantInputWarning: An input array is constant; the correlation coefficient is not defined.
  r, _ = spearmanr(p.cpu().numpy(), t.cpu().numpy())
/project/6014832/mforooz/EpiDenoise/sandbox/eval.py:46: ConstantInputWarning: An input array is constant; the correlation coefficient is not defined.
  r, _ = spearmanr(p.cpu().numpy(), t.cpu().numpy())
/project/6014832/mforooz/EpiDenoise/sandbox/eval.py:46: ConstantInputWarning: An input array is constant; the correlation coefficient is not defined.
  r, _ = spearmanr(p.cpu().numpy(), t.cpu().numpy())
/project/6014832/mforooz/EpiDenoise/sandbox/eval.py:46: ConstantInputWarning: An input array is constant; the correlation coefficient is not defined.
  r, _ = spearmanr(p.cpu().numpy(), t.cpu().numpy())
/project/6014832/mforooz/EpiDenoise/sandbox/eval.py:46: ConstantInputWarning: An input array is constant; the correlation coefficient is not defined.
  r, _ = spearmanr(p.cpu().numpy(), t.cpu().numpy())
/project/6014832/mforooz/EpiDenoise/sandbox/eval.py:46: ConstantInputWarning: An input array is constant; the correlation coefficient is not defined.
  r, _ = spearmanr(p.cpu().numpy(), t.cpu().numpy())
/project/6014832/mforooz/EpiDenoise/sandbox/eval.py:46: ConstantInputWarning: An input array is constant; the correlation coefficient is not defined.
  r, _ = spearmanr(p.cpu().numpy(), t.cpu().numpy())
/project/6014832/mforooz/EpiDenoise/sandbox/eval.py:46: ConstantInputWarning: An input array is constant; the correlation coefficient is not defined.
  r, _ = spearmanr(p.cpu().numpy(), t.cpu().numpy())
/project/6014832/mforooz/EpiDenoise/sandbox/eval.py:46: ConstantInputWarning: An input array is constant; the correlation coefficient is not defined.
  r, _ = spearmanr(p.cpu().numpy(), t.cpu().numpy())
/project/6014832/mforooz/EpiDenoise/sandbox/eval.py:46: ConstantInputWarning: An input array is constant; the correlation coefficient is not defined.
  r, _ = spearmanr(p.cpu().numpy(), t.cpu().numpy())
/project/6014832/mforooz/EpiDenoise/sandbox/eval.py:46: ConstantInputWarning: An input array is constant; the correlation coefficient is not defined.
  r, _ = spearmanr(p.cpu().numpy(), t.cpu().numpy())
/project/6014832/mforooz/EpiDenoise/sandbox/eval.py:46: ConstantInputWarning: An input array is constant; the correlation coefficient is not defined.
  r, _ = spearmanr(p.cpu().numpy(), t.cpu().numpy())
/project/6014832/mforooz/EpiDenoise/sandbox/eval.py:46: ConstantInputWarning: An input array is constant; the correlation coefficient is not defined.
  r, _ = spearmanr(p.cpu().numpy(), t.cpu().numpy())
/project/6014832/mforooz/EpiDenoise/sandbox/eval.py:46: ConstantInputWarning: An input array is constant; the correlation coefficient is not defined.
  r, _ = spearmanr(p.cpu().numpy(), t.cpu().numpy())
/project/6014832/mforooz/EpiDenoise/sandbox/eval.py:46: ConstantInputWarning: An input array is constant; the correlation coefficient is not defined.
  r, _ = spearmanr(p.cpu().numpy(), t.cpu().numpy())
/project/6014832/mforooz/EpiDenoise/sandbox/eval.py:46: ConstantInputWarning: An input array is constant; the correlation coefficient is not defined.
  r, _ = spearmanr(p.cpu().numpy(), t.cpu().numpy())
/project/6014832/mforooz/EpiDenoise/sandbox/eval.py:46: ConstantInputWarning: An input array is constant; the correlation coefficient is not defined.
  r, _ = spearmanr(p.cpu().numpy(), t.cpu().numpy())
/project/6014832/mforooz/EpiDenoise/sandbox/eval.py:46: ConstantInputWarning: An input array is constant; the correlation coefficient is not defined.
  r, _ = spearmanr(p.cpu().numpy(), t.cpu().numpy())
/project/6014832/mforooz/EpiDenoise/sandbox/eval.py:46: ConstantInputWarning: An input array is constant; the correlation coefficient is not defined.
  r, _ = spearmanr(p.cpu().numpy(), t.cpu().numpy())
/project/6014832/mforooz/EpiDenoise/sandbox/eval.py:46: ConstantInputWarning: An input array is constant; the correlation coefficient is not defined.
  r, _ = spearmanr(p.cpu().numpy(), t.cpu().numpy())
/project/6014832/mforooz/EpiDenoise/sandbox/eval.py:46: ConstantInputWarning: An input array is constant; the correlation coefficient is not defined.
  r, _ = spearmanr(p.cpu().numpy(), t.cpu().numpy())
/project/6014832/mforooz/EpiDenoise/sandbox/eval.py:46: ConstantInputWarning: An input array is constant; the correlation coefficient is not defined.
  r, _ = spearmanr(p.cpu().numpy(), t.cpu().numpy())
/project/6014832/mforooz/EpiDenoise/sandbox/eval.py:46: ConstantInputWarning: An input array is constant; the correlation coefficient is not defined.
  r, _ = spearmanr(p.cpu().numpy(), t.cpu().numpy())
/project/6014832/mforooz/EpiDenoise/sandbox/eval.py:46: ConstantInputWarning: An input array is constant; the correlation coefficient is not defined.
  r, _ = spearmanr(p.cpu().numpy(), t.cpu().numpy())
/project/6014832/mforooz/EpiDenoise/sandbox/eval.py:46: ConstantInputWarning: An input array is constant; the correlation coefficient is not defined.
  r, _ = spearmanr(p.cpu().numpy(), t.cpu().numpy())
/project/6014832/mforooz/EpiDenoise/sandbox/eval.py:46: ConstantInputWarning: An input array is constant; the correlation coefficient is not defined.
  r, _ = spearmanr(p.cpu().numpy(), t.cpu().numpy())
/project/6014832/mforooz/EpiDenoise/sandbox/eval.py:46: ConstantInputWarning: An input array is constant; the correlation coefficient is not defined.
  r, _ = spearmanr(p.cpu().numpy(), t.cpu().numpy())
/project/6014832/mforooz/EpiDenoise/sandbox/eval.py:46: ConstantInputWarning: An input array is constant; the correlation coefficient is not defined.
  r, _ = spearmanr(p.cpu().numpy(), t.cpu().numpy())
/project/6014832/mforooz/EpiDenoise/sandbox/eval.py:46: ConstantInputWarning: An input array is constant; the correlation coefficient is not defined.
  r, _ = spearmanr(p.cpu().numpy(), t.cpu().numpy())
/project/6014832/mforooz/EpiDenoise/sandbox/eval.py:46: ConstantInputWarning: An input array is constant; the correlation coefficient is not defined.
  r, _ = spearmanr(p.cpu().numpy(), t.cpu().numpy())
/project/6014832/mforooz/EpiDenoise/sandbox/eval.py:46: ConstantInputWarning: An input array is constant; the correlation coefficient is not defined.
  r, _ = spearmanr(p.cpu().numpy(), t.cpu().numpy())
/project/6014832/mforooz/EpiDenoise/sandbox/eval.py:46: ConstantInputWarning: An input array is constant; the correlation coefficient is not defined.
  r, _ = spearmanr(p.cpu().numpy(), t.cpu().numpy())
/project/6014832/mforooz/EpiDenoise/sandbox/eval.py:46: ConstantInputWarning: An input array is constant; the correlation coefficient is not defined.
  r, _ = spearmanr(p.cpu().numpy(), t.cpu().numpy())
/project/6014832/mforooz/EpiDenoise/sandbox/eval.py:46: ConstantInputWarning: An input array is constant; the correlation coefficient is not defined.
  r, _ = spearmanr(p.cpu().numpy(), t.cpu().numpy())
/project/6014832/mforooz/EpiDenoise/sandbox/eval.py:46: ConstantInputWarning: An input array is constant; the correlation coefficient is not defined.
  r, _ = spearmanr(p.cpu().numpy(), t.cpu().numpy())
/project/6014832/mforooz/EpiDenoise/sandbox/eval.py:46: ConstantInputWarning: An input array is constant; the correlation coefficient is not defined.
  r, _ = spearmanr(p.cpu().numpy(), t.cpu().numpy())
/project/6014832/mforooz/EpiDenoise/sandbox/eval.py:46: ConstantInputWarning: An input array is constant; the correlation coefficient is not defined.
  r, _ = spearmanr(p.cpu().numpy(), t.cpu().numpy())
/project/6014832/mforooz/EpiDenoise/sandbox/eval.py:46: ConstantInputWarning: An input array is constant; the correlation coefficient is not defined.
  r, _ = spearmanr(p.cpu().numpy(), t.cpu().numpy())
/project/6014832/mforooz/EpiDenoise/sandbox/eval.py:46: ConstantInputWarning: An input array is constant; the correlation coefficient is not defined.
  r, _ = spearmanr(p.cpu().numpy(), t.cpu().numpy())
/project/6014832/mforooz/EpiDenoise/sandbox/eval.py:46: ConstantInputWarning: An input array is constant; the correlation coefficient is not defined.
  r, _ = spearmanr(p.cpu().numpy(), t.cpu().numpy())
/project/6014832/mforooz/EpiDenoise/sandbox/eval.py:46: ConstantInputWarning: An input array is constant; the correlation coefficient is not defined.
  r, _ = spearmanr(p.cpu().numpy(), t.cpu().numpy())
/project/6014832/mforooz/EpiDenoise/sandbox/eval.py:46: ConstantInputWarning: An input array is constant; the correlation coefficient is not defined.
  r, _ = spearmanr(p.cpu().numpy(), t.cpu().numpy())
/project/6014832/mforooz/EpiDenoise/sandbox/eval.py:46: ConstantInputWarning: An input array is constant; the correlation coefficient is not defined.
  r, _ = spearmanr(p.cpu().numpy(), t.cpu().numpy())
/project/6014832/mforooz/EpiDenoise/sandbox/eval.py:46: ConstantInputWarning: An input array is constant; the correlation coefficient is not defined.
  r, _ = spearmanr(p.cpu().numpy(), t.cpu().numpy())
/project/6014832/mforooz/EpiDenoise/sandbox/eval.py:46: ConstantInputWarning: An input array is constant; the correlation coefficient is not defined.
  r, _ = spearmanr(p.cpu().numpy(), t.cpu().numpy())
/project/6014832/mforooz/EpiDenoise/sandbox/eval.py:46: ConstantInputWarning: An input array is constant; the correlation coefficient is not defined.
  r, _ = spearmanr(p.cpu().numpy(), t.cpu().numpy())
/project/6014832/mforooz/EpiDenoise/sandbox/eval.py:46: ConstantInputWarning: An input array is constant; the correlation coefficient is not defined.
  r, _ = spearmanr(p.cpu().numpy(), t.cpu().numpy())
/project/6014832/mforooz/EpiDenoise/sandbox/eval.py:46: ConstantInputWarning: An input array is constant; the correlation coefficient is not defined.
  r, _ = spearmanr(p.cpu().numpy(), t.cpu().numpy())
/project/6014832/mforooz/EpiDenoise/sandbox/eval.py:46: ConstantInputWarning: An input array is constant; the correlation coefficient is not defined.
  r, _ = spearmanr(p.cpu().numpy(), t.cpu().numpy())
/project/6014832/mforooz/EpiDenoise/sandbox/eval.py:46: ConstantInputWarning: An input array is constant; the correlation coefficient is not defined.
  r, _ = spearmanr(p.cpu().numpy(), t.cpu().numpy())
/project/6014832/mforooz/EpiDenoise/sandbox/eval.py:46: ConstantInputWarning: An input array is constant; the correlation coefficient is not defined.
  r, _ = spearmanr(p.cpu().numpy(), t.cpu().numpy())
/project/6014832/mforooz/EpiDenoise/sandbox/eval.py:46: ConstantInputWarning: An input array is constant; the correlation coefficient is not defined.
  r, _ = spearmanr(p.cpu().numpy(), t.cpu().numpy())
/project/6014832/mforooz/EpiDenoise/sandbox/eval.py:46: ConstantInputWarning: An input array is constant; the correlation coefficient is not defined.
  r, _ = spearmanr(p.cpu().numpy(), t.cpu().numpy())
/project/6014832/mforooz/EpiDenoise/sandbox/eval.py:46: ConstantInputWarning: An input array is constant; the correlation coefficient is not defined.
  r, _ = spearmanr(p.cpu().numpy(), t.cpu().numpy())
/project/6014832/mforooz/EpiDenoise/sandbox/eval.py:46: ConstantInputWarning: An input array is constant; the correlation coefficient is not defined.
  r, _ = spearmanr(p.cpu().numpy(), t.cpu().numpy())
/project/6014832/mforooz/EpiDenoise/sandbox/eval.py:46: ConstantInputWarning: An input array is constant; the correlation coefficient is not defined.
  r, _ = spearmanr(p.cpu().numpy(), t.cpu().numpy())
/project/6014832/mforooz/EpiDenoise/sandbox/eval.py:46: ConstantInputWarning: An input array is constant; the correlation coefficient is not defined.
  r, _ = spearmanr(p.cpu().numpy(), t.cpu().numpy())
/project/6014832/mforooz/EpiDenoise/sandbox/eval.py:46: ConstantInputWarning: An input array is constant; the correlation coefficient is not defined.
  r, _ = spearmanr(p.cpu().numpy(), t.cpu().numpy())
/project/6014832/mforooz/EpiDenoise/sandbox/eval.py:46: ConstantInputWarning: An input array is constant; the correlation coefficient is not defined.
  r, _ = spearmanr(p.cpu().numpy(), t.cpu().numpy())
/project/6014832/mforooz/EpiDenoise/sandbox/eval.py:46: ConstantInputWarning: An input array is constant; the correlation coefficient is not defined.
  r, _ = spearmanr(p.cpu().numpy(), t.cpu().numpy())
/project/6014832/mforooz/EpiDenoise/sandbox/eval.py:46: ConstantInputWarning: An input array is constant; the correlation coefficient is not defined.
  r, _ = spearmanr(p.cpu().numpy(), t.cpu().numpy())
/project/6014832/mforooz/EpiDenoise/sandbox/eval.py:46: ConstantInputWarning: An input array is constant; the correlation coefficient is not defined.
  r, _ = spearmanr(p.cpu().numpy(), t.cpu().numpy())
/project/6014832/mforooz/EpiDenoise/sandbox/eval.py:46: ConstantInputWarning: An input array is constant; the correlation coefficient is not defined.
  r, _ = spearmanr(p.cpu().numpy(), t.cpu().numpy())
/project/6014832/mforooz/EpiDenoise/sandbox/eval.py:46: ConstantInputWarning: An input array is constant; the correlation coefficient is not defined.
  r, _ = spearmanr(p.cpu().numpy(), t.cpu().numpy())
/project/6014832/mforooz/EpiDenoise/sandbox/eval.py:46: ConstantInputWarning: An input array is constant; the correlation coefficient is not defined.
  r, _ = spearmanr(p.cpu().numpy(), t.cpu().numpy())
/project/6014832/mforooz/EpiDenoise/sandbox/eval.py:46: ConstantInputWarning: An input array is constant; the correlation coefficient is not defined.
  r, _ = spearmanr(p.cpu().numpy(), t.cpu().numpy())
/project/6014832/mforooz/EpiDenoise/sandbox/eval.py:46: ConstantInputWarning: An input array is constant; the correlation coefficient is not defined.
  r, _ = spearmanr(p.cpu().numpy(), t.cpu().numpy())
/project/6014832/mforooz/EpiDenoise/sandbox/eval.py:46: ConstantInputWarning: An input array is constant; the correlation coefficient is not defined.
  r, _ = spearmanr(p.cpu().numpy(), t.cpu().numpy())
/project/6014832/mforooz/EpiDenoise/sandbox/eval.py:46: ConstantInputWarning: An input array is constant; the correlation coefficient is not defined.
  r, _ = spearmanr(p.cpu().numpy(), t.cpu().numpy())
/project/6014832/mforooz/EpiDenoise/sandbox/eval.py:46: ConstantInputWarning: An input array is constant; the correlation coefficient is not defined.
  r, _ = spearmanr(p.cpu().numpy(), t.cpu().numpy())
/project/6014832/mforooz/EpiDenoise/sandbox/eval.py:46: ConstantInputWarning: An input array is constant; the correlation coefficient is not defined.
  r, _ = spearmanr(p.cpu().numpy(), t.cpu().numpy())
/project/6014832/mforooz/EpiDenoise/sandbox/eval.py:46: ConstantInputWarning: An input array is constant; the correlation coefficient is not defined.
  r, _ = spearmanr(p.cpu().numpy(), t.cpu().numpy())
/project/6014832/mforooz/EpiDenoise/sandbox/eval.py:46: ConstantInputWarning: An input array is constant; the correlation coefficient is not defined.
  r, _ = spearmanr(p.cpu().numpy(), t.cpu().numpy())
/project/6014832/mforooz/EpiDenoise/sandbox/eval.py:46: ConstantInputWarning: An input array is constant; the correlation coefficient is not defined.
  r, _ = spearmanr(p.cpu().numpy(), t.cpu().numpy())
/project/6014832/mforooz/EpiDenoise/sandbox/eval.py:46: ConstantInputWarning: An input array is constant; the correlation coefficient is not defined.
  r, _ = spearmanr(p.cpu().numpy(), t.cpu().numpy())
/project/6014832/mforooz/EpiDenoise/sandbox/eval.py:46: ConstantInputWarning: An input array is constant; the correlation coefficient is not defined.
  r, _ = spearmanr(p.cpu().numpy(), t.cpu().numpy())
/project/6014832/mforooz/EpiDenoise/sandbox/eval.py:46: ConstantInputWarning: An input array is constant; the correlation coefficient is not defined.
  r, _ = spearmanr(p.cpu().numpy(), t.cpu().numpy())
/project/6014832/mforooz/EpiDenoise/sandbox/eval.py:46: ConstantInputWarning: An input array is constant; the correlation coefficient is not defined.
  r, _ = spearmanr(p.cpu().numpy(), t.cpu().numpy())
/project/6014832/mforooz/EpiDenoise/sandbox/eval.py:46: ConstantInputWarning: An input array is constant; the correlation coefficient is not defined.
  r, _ = spearmanr(p.cpu().numpy(), t.cpu().numpy())
/project/6014832/mforooz/EpiDenoise/sandbox/eval.py:46: ConstantInputWarning: An input array is constant; the correlation coefficient is not defined.
  r, _ = spearmanr(p.cpu().numpy(), t.cpu().numpy())
/project/6014832/mforooz/EpiDenoise/sandbox/eval.py:46: ConstantInputWarning: An input array is constant; the correlation coefficient is not defined.
  r, _ = spearmanr(p.cpu().numpy(), t.cpu().numpy())
/project/6014832/mforooz/EpiDenoise/sandbox/eval.py:46: ConstantInputWarning: An input array is constant; the correlation coefficient is not defined.
  r, _ = spearmanr(p.cpu().numpy(), t.cpu().numpy())
/project/6014832/mforooz/EpiDenoise/sandbox/eval.py:46: ConstantInputWarning: An input array is constant; the correlation coefficient is not defined.
  r, _ = spearmanr(p.cpu().numpy(), t.cpu().numpy())
/project/6014832/mforooz/EpiDenoise/sandbox/eval.py:46: ConstantInputWarning: An input array is constant; the correlation coefficient is not defined.
  r, _ = spearmanr(p.cpu().numpy(), t.cpu().numpy())
/project/6014832/mforooz/EpiDenoise/sandbox/eval.py:46: ConstantInputWarning: An input array is constant; the correlation coefficient is not defined.
  r, _ = spearmanr(p.cpu().numpy(), t.cpu().numpy())
/project/6014832/mforooz/EpiDenoise/sandbox/eval.py:46: ConstantInputWarning: An input array is constant; the correlation coefficient is not defined.
  r, _ = spearmanr(p.cpu().numpy(), t.cpu().numpy())
/project/6014832/mforooz/EpiDenoise/sandbox/eval.py:46: ConstantInputWarning: An input array is constant; the correlation coefficient is not defined.
  r, _ = spearmanr(p.cpu().numpy(), t.cpu().numpy())
/project/6014832/mforooz/EpiDenoise/sandbox/eval.py:46: ConstantInputWarning: An input array is constant; the correlation coefficient is not defined.
  r, _ = spearmanr(p.cpu().numpy(), t.cpu().numpy())
/project/6014832/mforooz/EpiDenoise/sandbox/eval.py:46: ConstantInputWarning: An input array is constant; the correlation coefficient is not defined.
  r, _ = spearmanr(p.cpu().numpy(), t.cpu().numpy())
/project/6014832/mforooz/EpiDenoise/sandbox/eval.py:46: ConstantInputWarning: An input array is constant; the correlation coefficient is not defined.
  r, _ = spearmanr(p.cpu().numpy(), t.cpu().numpy())
/project/6014832/mforooz/EpiDenoise/sandbox/eval.py:46: ConstantInputWarning: An input array is constant; the correlation coefficient is not defined.
  r, _ = spearmanr(p.cpu().numpy(), t.cpu().numpy())
/project/6014832/mforooz/EpiDenoise/sandbox/eval.py:46: ConstantInputWarning: An input array is constant; the correlation coefficient is not defined.
  r, _ = spearmanr(p.cpu().numpy(), t.cpu().numpy())
/project/6014832/mforooz/EpiDenoise/sandbox/eval.py:46: ConstantInputWarning: An input array is constant; the correlation coefficient is not defined.
  r, _ = spearmanr(p.cpu().numpy(), t.cpu().numpy())
/project/6014832/mforooz/EpiDenoise/sandbox/eval.py:46: ConstantInputWarning: An input array is constant; the correlation coefficient is not defined.
  r, _ = spearmanr(p.cpu().numpy(), t.cpu().numpy())
/project/6014832/mforooz/EpiDenoise/sandbox/eval.py:46: ConstantInputWarning: An input array is constant; the correlation coefficient is not defined.
  r, _ = spearmanr(p.cpu().numpy(), t.cpu().numpy())
/project/6014832/mforooz/EpiDenoise/sandbox/eval.py:46: ConstantInputWarning: An input array is constant; the correlation coefficient is not defined.
  r, _ = spearmanr(p.cpu().numpy(), t.cpu().numpy())
/project/6014832/mforooz/EpiDenoise/sandbox/eval.py:46: ConstantInputWarning: An input array is constant; the correlation coefficient is not defined.
  r, _ = spearmanr(p.cpu().numpy(), t.cpu().numpy())
/project/6014832/mforooz/EpiDenoise/sandbox/eval.py:46: ConstantInputWarning: An input array is constant; the correlation coefficient is not defined.
  r, _ = spearmanr(p.cpu().numpy(), t.cpu().numpy())
/project/6014832/mforooz/EpiDenoise/sandbox/eval.py:46: ConstantInputWarning: An input array is constant; the correlation coefficient is not defined.
  r, _ = spearmanr(p.cpu().numpy(), t.cpu().numpy())
/project/6014832/mforooz/EpiDenoise/sandbox/eval.py:46: ConstantInputWarning: An input array is constant; the correlation coefficient is not defined.
  r, _ = spearmanr(p.cpu().numpy(), t.cpu().numpy())
/project/6014832/mforooz/EpiDenoise/sandbox/eval.py:46: ConstantInputWarning: An input array is constant; the correlation coefficient is not defined.
  r, _ = spearmanr(p.cpu().numpy(), t.cpu().numpy())
/project/6014832/mforooz/EpiDenoise/sandbox/eval.py:46: ConstantInputWarning: An input array is constant; the correlation coefficient is not defined.
  r, _ = spearmanr(p.cpu().numpy(), t.cpu().numpy())
/project/6014832/mforooz/EpiDenoise/sandbox/eval.py:46: ConstantInputWarning: An input array is constant; the correlation coefficient is not defined.
  r, _ = spearmanr(p.cpu().numpy(), t.cpu().numpy())
/project/6014832/mforooz/EpiDenoise/sandbox/eval.py:46: ConstantInputWarning: An input array is constant; the correlation coefficient is not defined.
  r, _ = spearmanr(p.cpu().numpy(), t.cpu().numpy())
/project/6014832/mforooz/EpiDenoise/sandbox/eval.py:46: ConstantInputWarning: An input array is constant; the correlation coefficient is not defined.
  r, _ = spearmanr(p.cpu().numpy(), t.cpu().numpy())
/project/6014832/mforooz/EpiDenoise/sandbox/eval.py:46: ConstantInputWarning: An input array is constant; the correlation coefficient is not defined.
  r, _ = spearmanr(p.cpu().numpy(), t.cpu().numpy())
/project/6014832/mforooz/EpiDenoise/sandbox/eval.py:46: ConstantInputWarning: An input array is constant; the correlation coefficient is not defined.
  r, _ = spearmanr(p.cpu().numpy(), t.cpu().numpy())
/project/6014832/mforooz/EpiDenoise/sandbox/eval.py:46: ConstantInputWarning: An input array is constant; the correlation coefficient is not defined.
  r, _ = spearmanr(p.cpu().numpy(), t.cpu().numpy())
/project/6014832/mforooz/EpiDenoise/sandbox/eval.py:46: ConstantInputWarning: An input array is constant; the correlation coefficient is not defined.
  r, _ = spearmanr(p.cpu().numpy(), t.cpu().numpy())
/project/6014832/mforooz/EpiDenoise/sandbox/eval.py:46: ConstantInputWarning: An input array is constant; the correlation coefficient is not defined.
  r, _ = spearmanr(p.cpu().numpy(), t.cpu().numpy())
/project/6014832/mforooz/EpiDenoise/sandbox/eval.py:46: ConstantInputWarning: An input array is constant; the correlation coefficient is not defined.
  r, _ = spearmanr(p.cpu().numpy(), t.cpu().numpy())
/project/6014832/mforooz/EpiDenoise/sandbox/eval.py:46: ConstantInputWarning: An input array is constant; the correlation coefficient is not defined.
  r, _ = spearmanr(p.cpu().numpy(), t.cpu().numpy())
/project/6014832/mforooz/EpiDenoise/sandbox/eval.py:46: ConstantInputWarning: An input array is constant; the correlation coefficient is not defined.
  r, _ = spearmanr(p.cpu().numpy(), t.cpu().numpy())
/project/6014832/mforooz/EpiDenoise/sandbox/eval.py:46: ConstantInputWarning: An input array is constant; the correlation coefficient is not defined.
  r, _ = spearmanr(p.cpu().numpy(), t.cpu().numpy())
/project/6014832/mforooz/EpiDenoise/sandbox/eval.py:46: ConstantInputWarning: An input array is constant; the correlation coefficient is not defined.
  r, _ = spearmanr(p.cpu().numpy(), t.cpu().numpy())
/project/6014832/mforooz/EpiDenoise/sandbox/eval.py:46: ConstantInputWarning: An input array is constant; the correlation coefficient is not defined.
  r, _ = spearmanr(p.cpu().numpy(), t.cpu().numpy())
/project/6014832/mforooz/EpiDenoise/sandbox/eval.py:46: ConstantInputWarning: An input array is constant; the correlation coefficient is not defined.
  r, _ = spearmanr(p.cpu().numpy(), t.cpu().numpy())
/project/6014832/mforooz/EpiDenoise/sandbox/eval.py:46: ConstantInputWarning: An input array is constant; the correlation coefficient is not defined.
  r, _ = spearmanr(p.cpu().numpy(), t.cpu().numpy())
/project/6014832/mforooz/EpiDenoise/sandbox/eval.py:46: ConstantInputWarning: An input array is constant; the correlation coefficient is not defined.
  r, _ = spearmanr(p.cpu().numpy(), t.cpu().numpy())
/project/6014832/mforooz/EpiDenoise/sandbox/eval.py:46: ConstantInputWarning: An input array is constant; the correlation coefficient is not defined.
  r, _ = spearmanr(p.cpu().numpy(), t.cpu().numpy())
/project/6014832/mforooz/EpiDenoise/sandbox/eval.py:46: ConstantInputWarning: An input array is constant; the correlation coefficient is not defined.
  r, _ = spearmanr(p.cpu().numpy(), t.cpu().numpy())
/project/6014832/mforooz/EpiDenoise/sandbox/eval.py:46: ConstantInputWarning: An input array is constant; the correlation coefficient is not defined.
  r, _ = spearmanr(p.cpu().numpy(), t.cpu().numpy())
/project/6014832/mforooz/EpiDenoise/sandbox/eval.py:46: ConstantInputWarning: An input array is constant; the correlation coefficient is not defined.
  r, _ = spearmanr(p.cpu().numpy(), t.cpu().numpy())
/project/6014832/mforooz/EpiDenoise/sandbox/eval.py:46: ConstantInputWarning: An input array is constant; the correlation coefficient is not defined.
  r, _ = spearmanr(p.cpu().numpy(), t.cpu().numpy())
/project/6014832/mforooz/EpiDenoise/sandbox/eval.py:46: ConstantInputWarning: An input array is constant; the correlation coefficient is not defined.
  r, _ = spearmanr(p.cpu().numpy(), t.cpu().numpy())
/project/6014832/mforooz/EpiDenoise/sandbox/eval.py:46: ConstantInputWarning: An input array is constant; the correlation coefficient is not defined.
  r, _ = spearmanr(p.cpu().numpy(), t.cpu().numpy())
/project/6014832/mforooz/EpiDenoise/sandbox/eval.py:46: ConstantInputWarning: An input array is constant; the correlation coefficient is not defined.
  r, _ = spearmanr(p.cpu().numpy(), t.cpu().numpy())
/project/6014832/mforooz/EpiDenoise/sandbox/eval.py:46: ConstantInputWarning: An input array is constant; the correlation coefficient is not defined.
  r, _ = spearmanr(p.cpu().numpy(), t.cpu().numpy())
/project/6014832/mforooz/EpiDenoise/sandbox/eval.py:46: ConstantInputWarning: An input array is constant; the correlation coefficient is not defined.
  r, _ = spearmanr(p.cpu().numpy(), t.cpu().numpy())
/project/6014832/mforooz/EpiDenoise/sandbox/eval.py:46: ConstantInputWarning: An input array is constant; the correlation coefficient is not defined.
  r, _ = spearmanr(p.cpu().numpy(), t.cpu().numpy())
/project/6014832/mforooz/EpiDenoise/sandbox/eval.py:46: ConstantInputWarning: An input array is constant; the correlation coefficient is not defined.
  r, _ = spearmanr(p.cpu().numpy(), t.cpu().numpy())
/project/6014832/mforooz/EpiDenoise/sandbox/eval.py:46: ConstantInputWarning: An input array is constant; the correlation coefficient is not defined.
  r, _ = spearmanr(p.cpu().numpy(), t.cpu().numpy())
/project/6014832/mforooz/EpiDenoise/sandbox/eval.py:46: ConstantInputWarning: An input array is constant; the correlation coefficient is not defined.
  r, _ = spearmanr(p.cpu().numpy(), t.cpu().numpy())
/project/6014832/mforooz/EpiDenoise/sandbox/eval.py:46: ConstantInputWarning: An input array is constant; the correlation coefficient is not defined.
  r, _ = spearmanr(p.cpu().numpy(), t.cpu().numpy())
/project/6014832/mforooz/EpiDenoise/sandbox/eval.py:46: ConstantInputWarning: An input array is constant; the correlation coefficient is not defined.
  r, _ = spearmanr(p.cpu().numpy(), t.cpu().numpy())
/project/6014832/mforooz/EpiDenoise/sandbox/eval.py:46: ConstantInputWarning: An input array is constant; the correlation coefficient is not defined.
  r, _ = spearmanr(p.cpu().numpy(), t.cpu().numpy())
/project/6014832/mforooz/EpiDenoise/sandbox/eval.py:46: ConstantInputWarning: An input array is constant; the correlation coefficient is not defined.
  r, _ = spearmanr(p.cpu().numpy(), t.cpu().numpy())
/project/6014832/mforooz/EpiDenoise/sandbox/eval.py:46: ConstantInputWarning: An input array is constant; the correlation coefficient is not defined.
  r, _ = spearmanr(p.cpu().numpy(), t.cpu().numpy())
/project/6014832/mforooz/EpiDenoise/sandbox/eval.py:46: ConstantInputWarning: An input array is constant; the correlation coefficient is not defined.
  r, _ = spearmanr(p.cpu().numpy(), t.cpu().numpy())
/project/6014832/mforooz/EpiDenoise/sandbox/eval.py:46: ConstantInputWarning: An input array is constant; the correlation coefficient is not defined.
  r, _ = spearmanr(p.cpu().numpy(), t.cpu().numpy())
/project/6014832/mforooz/EpiDenoise/sandbox/eval.py:46: ConstantInputWarning: An input array is constant; the correlation coefficient is not defined.
  r, _ = spearmanr(p.cpu().numpy(), t.cpu().numpy())
/project/6014832/mforooz/EpiDenoise/sandbox/eval.py:46: ConstantInputWarning: An input array is constant; the correlation coefficient is not defined.
  r, _ = spearmanr(p.cpu().numpy(), t.cpu().numpy())
/project/6014832/mforooz/EpiDenoise/sandbox/eval.py:46: ConstantInputWarning: An input array is constant; the correlation coefficient is not defined.
  r, _ = spearmanr(p.cpu().numpy(), t.cpu().numpy())
/project/6014832/mforooz/EpiDenoise/sandbox/eval.py:46: ConstantInputWarning: An input array is constant; the correlation coefficient is not defined.
  r, _ = spearmanr(p.cpu().numpy(), t.cpu().numpy())
/project/6014832/mforooz/EpiDenoise/sandbox/eval.py:46: ConstantInputWarning: An input array is constant; the correlation coefficient is not defined.
  r, _ = spearmanr(p.cpu().numpy(), t.cpu().numpy())
/project/6014832/mforooz/EpiDenoise/sandbox/eval.py:46: ConstantInputWarning: An input array is constant; the correlation coefficient is not defined.
  r, _ = spearmanr(p.cpu().numpy(), t.cpu().numpy())
/project/6014832/mforooz/EpiDenoise/sandbox/eval.py:46: ConstantInputWarning: An input array is constant; the correlation coefficient is not defined.
  r, _ = spearmanr(p.cpu().numpy(), t.cpu().numpy())
/project/6014832/mforooz/EpiDenoise/sandbox/eval.py:46: ConstantInputWarning: An input array is constant; the correlation coefficient is not defined.
  r, _ = spearmanr(p.cpu().numpy(), t.cpu().numpy())
/project/6014832/mforooz/EpiDenoise/sandbox/eval.py:46: ConstantInputWarning: An input array is constant; the correlation coefficient is not defined.
  r, _ = spearmanr(p.cpu().numpy(), t.cpu().numpy())
/project/6014832/mforooz/EpiDenoise/sandbox/eval.py:46: ConstantInputWarning: An input array is constant; the correlation coefficient is not defined.
  r, _ = spearmanr(p.cpu().numpy(), t.cpu().numpy())
/project/6014832/mforooz/EpiDenoise/sandbox/eval.py:46: ConstantInputWarning: An input array is constant; the correlation coefficient is not defined.
  r, _ = spearmanr(p.cpu().numpy(), t.cpu().numpy())
/project/6014832/mforooz/EpiDenoise/sandbox/eval.py:46: ConstantInputWarning: An input array is constant; the correlation coefficient is not defined.
  r, _ = spearmanr(p.cpu().numpy(), t.cpu().numpy())
/project/6014832/mforooz/EpiDenoise/sandbox/eval.py:46: ConstantInputWarning: An input array is constant; the correlation coefficient is not defined.
  r, _ = spearmanr(p.cpu().numpy(), t.cpu().numpy())
/project/6014832/mforooz/EpiDenoise/sandbox/eval.py:46: ConstantInputWarning: An input array is constant; the correlation coefficient is not defined.
  r, _ = spearmanr(p.cpu().numpy(), t.cpu().numpy())
/project/6014832/mforooz/EpiDenoise/sandbox/eval.py:46: ConstantInputWarning: An input array is constant; the correlation coefficient is not defined.
  r, _ = spearmanr(p.cpu().numpy(), t.cpu().numpy())
/project/6014832/mforooz/EpiDenoise/sandbox/eval.py:46: ConstantInputWarning: An input array is constant; the correlation coefficient is not defined.
  r, _ = spearmanr(p.cpu().numpy(), t.cpu().numpy())
/project/6014832/mforooz/EpiDenoise/sandbox/eval.py:46: ConstantInputWarning: An input array is constant; the correlation coefficient is not defined.
  r, _ = spearmanr(p.cpu().numpy(), t.cpu().numpy())
/project/6014832/mforooz/EpiDenoise/sandbox/eval.py:46: ConstantInputWarning: An input array is constant; the correlation coefficient is not defined.
  r, _ = spearmanr(p.cpu().numpy(), t.cpu().numpy())
/project/6014832/mforooz/EpiDenoise/sandbox/eval.py:46: ConstantInputWarning: An input array is constant; the correlation coefficient is not defined.
  r, _ = spearmanr(p.cpu().numpy(), t.cpu().numpy())
/project/6014832/mforooz/EpiDenoise/sandbox/eval.py:46: ConstantInputWarning: An input array is constant; the correlation coefficient is not defined.
  r, _ = spearmanr(p.cpu().numpy(), t.cpu().numpy())
/project/6014832/mforooz/EpiDenoise/sandbox/eval.py:46: ConstantInputWarning: An input array is constant; the correlation coefficient is not defined.
  r, _ = spearmanr(p.cpu().numpy(), t.cpu().numpy())
/project/6014832/mforooz/EpiDenoise/sandbox/eval.py:46: ConstantInputWarning: An input array is constant; the correlation coefficient is not defined.
  r, _ = spearmanr(p.cpu().numpy(), t.cpu().numpy())
/project/6014832/mforooz/EpiDenoise/sandbox/eval.py:46: ConstantInputWarning: An input array is constant; the correlation coefficient is not defined.
  r, _ = spearmanr(p.cpu().numpy(), t.cpu().numpy())
/project/6014832/mforooz/EpiDenoise/sandbox/eval.py:46: ConstantInputWarning: An input array is constant; the correlation coefficient is not defined.
  r, _ = spearmanr(p.cpu().numpy(), t.cpu().numpy())
/project/6014832/mforooz/EpiDenoise/sandbox/eval.py:46: ConstantInputWarning: An input array is constant; the correlation coefficient is not defined.
  r, _ = spearmanr(p.cpu().numpy(), t.cpu().numpy())
/project/6014832/mforooz/EpiDenoise/sandbox/eval.py:46: ConstantInputWarning: An input array is constant; the correlation coefficient is not defined.
  r, _ = spearmanr(p.cpu().numpy(), t.cpu().numpy())
/project/6014832/mforooz/EpiDenoise/sandbox/eval.py:46: ConstantInputWarning: An input array is constant; the correlation coefficient is not defined.
  r, _ = spearmanr(p.cpu().numpy(), t.cpu().numpy())
/project/6014832/mforooz/EpiDenoise/sandbox/eval.py:46: ConstantInputWarning: An input array is constant; the correlation coefficient is not defined.
  r, _ = spearmanr(p.cpu().numpy(), t.cpu().numpy())
/project/6014832/mforooz/EpiDenoise/sandbox/eval.py:46: ConstantInputWarning: An input array is constant; the correlation coefficient is not defined.
  r, _ = spearmanr(p.cpu().numpy(), t.cpu().numpy())
/project/6014832/mforooz/EpiDenoise/sandbox/eval.py:46: ConstantInputWarning: An input array is constant; the correlation coefficient is not defined.
  r, _ = spearmanr(p.cpu().numpy(), t.cpu().numpy())
/project/6014832/mforooz/EpiDenoise/sandbox/eval.py:46: ConstantInputWarning: An input array is constant; the correlation coefficient is not defined.
  r, _ = spearmanr(p.cpu().numpy(), t.cpu().numpy())
/project/6014832/mforooz/EpiDenoise/sandbox/eval.py:46: ConstantInputWarning: An input array is constant; the correlation coefficient is not defined.
  r, _ = spearmanr(p.cpu().numpy(), t.cpu().numpy())
/project/6014832/mforooz/EpiDenoise/sandbox/eval.py:46: ConstantInputWarning: An input array is constant; the correlation coefficient is not defined.
  r, _ = spearmanr(p.cpu().numpy(), t.cpu().numpy())
/project/6014832/mforooz/EpiDenoise/sandbox/eval.py:46: ConstantInputWarning: An input array is constant; the correlation coefficient is not defined.
  r, _ = spearmanr(p.cpu().numpy(), t.cpu().numpy())
/project/6014832/mforooz/EpiDenoise/sandbox/eval.py:46: ConstantInputWarning: An input array is constant; the correlation coefficient is not defined.
  r, _ = spearmanr(p.cpu().numpy(), t.cpu().numpy())
/project/6014832/mforooz/EpiDenoise/sandbox/eval.py:46: ConstantInputWarning: An input array is constant; the correlation coefficient is not defined.
  r, _ = spearmanr(p.cpu().numpy(), t.cpu().numpy())
/project/6014832/mforooz/EpiDenoise/sandbox/eval.py:46: ConstantInputWarning: An input array is constant; the correlation coefficient is not defined.
  r, _ = spearmanr(p.cpu().numpy(), t.cpu().numpy())
/project/6014832/mforooz/EpiDenoise/sandbox/eval.py:46: ConstantInputWarning: An input array is constant; the correlation coefficient is not defined.
  r, _ = spearmanr(p.cpu().numpy(), t.cpu().numpy())
/project/6014832/mforooz/EpiDenoise/sandbox/eval.py:46: ConstantInputWarning: An input array is constant; the correlation coefficient is not defined.
  r, _ = spearmanr(p.cpu().numpy(), t.cpu().numpy())
/project/6014832/mforooz/EpiDenoise/sandbox/eval.py:46: ConstantInputWarning: An input array is constant; the correlation coefficient is not defined.
  r, _ = spearmanr(p.cpu().numpy(), t.cpu().numpy())
/project/6014832/mforooz/EpiDenoise/sandbox/eval.py:46: ConstantInputWarning: An input array is constant; the correlation coefficient is not defined.
  r, _ = spearmanr(p.cpu().numpy(), t.cpu().numpy())
/project/6014832/mforooz/EpiDenoise/sandbox/eval.py:46: ConstantInputWarning: An input array is constant; the correlation coefficient is not defined.
  r, _ = spearmanr(p.cpu().numpy(), t.cpu().numpy())
/project/6014832/mforooz/EpiDenoise/sandbox/eval.py:46: ConstantInputWarning: An input array is constant; the correlation coefficient is not defined.
  r, _ = spearmanr(p.cpu().numpy(), t.cpu().numpy())
/project/6014832/mforooz/EpiDenoise/sandbox/eval.py:46: ConstantInputWarning: An input array is constant; the correlation coefficient is not defined.
  r, _ = spearmanr(p.cpu().numpy(), t.cpu().numpy())
/project/6014832/mforooz/EpiDenoise/sandbox/eval.py:46: ConstantInputWarning: An input array is constant; the correlation coefficient is not defined.
  r, _ = spearmanr(p.cpu().numpy(), t.cpu().numpy())
/project/6014832/mforooz/EpiDenoise/sandbox/eval.py:46: ConstantInputWarning: An input array is constant; the correlation coefficient is not defined.
  r, _ = spearmanr(p.cpu().numpy(), t.cpu().numpy())
/project/6014832/mforooz/EpiDenoise/sandbox/eval.py:46: ConstantInputWarning: An input array is constant; the correlation coefficient is not defined.
  r, _ = spearmanr(p.cpu().numpy(), t.cpu().numpy())
/project/6014832/mforooz/EpiDenoise/sandbox/eval.py:46: ConstantInputWarning: An input array is constant; the correlation coefficient is not defined.
  r, _ = spearmanr(p.cpu().numpy(), t.cpu().numpy())
/project/6014832/mforooz/EpiDenoise/sandbox/eval.py:46: ConstantInputWarning: An input array is constant; the correlation coefficient is not defined.
  r, _ = spearmanr(p.cpu().numpy(), t.cpu().numpy())
/project/6014832/mforooz/EpiDenoise/sandbox/eval.py:46: ConstantInputWarning: An input array is constant; the correlation coefficient is not defined.
  r, _ = spearmanr(p.cpu().numpy(), t.cpu().numpy())
/project/6014832/mforooz/EpiDenoise/sandbox/eval.py:46: ConstantInputWarning: An input array is constant; the correlation coefficient is not defined.
  r, _ = spearmanr(p.cpu().numpy(), t.cpu().numpy())
/project/6014832/mforooz/EpiDenoise/sandbox/eval.py:46: ConstantInputWarning: An input array is constant; the correlation coefficient is not defined.
  r, _ = spearmanr(p.cpu().numpy(), t.cpu().numpy())
/project/6014832/mforooz/EpiDenoise/sandbox/eval.py:46: ConstantInputWarning: An input array is constant; the correlation coefficient is not defined.
  r, _ = spearmanr(p.cpu().numpy(), t.cpu().numpy())
/project/6014832/mforooz/EpiDenoise/sandbox/eval.py:46: ConstantInputWarning: An input array is constant; the correlation coefficient is not defined.
  r, _ = spearmanr(p.cpu().numpy(), t.cpu().numpy())
/project/6014832/mforooz/EpiDenoise/sandbox/eval.py:46: ConstantInputWarning: An input array is constant; the correlation coefficient is not defined.
  r, _ = spearmanr(p.cpu().numpy(), t.cpu().numpy())
/project/6014832/mforooz/EpiDenoise/sandbox/eval.py:46: ConstantInputWarning: An input array is constant; the correlation coefficient is not defined.
  r, _ = spearmanr(p.cpu().numpy(), t.cpu().numpy())
/project/6014832/mforooz/EpiDenoise/sandbox/eval.py:46: ConstantInputWarning: An input array is constant; the correlation coefficient is not defined.
  r, _ = spearmanr(p.cpu().numpy(), t.cpu().numpy())
/project/6014832/mforooz/EpiDenoise/sandbox/eval.py:46: ConstantInputWarning: An input array is constant; the correlation coefficient is not defined.
  r, _ = spearmanr(p.cpu().numpy(), t.cpu().numpy())
/project/6014832/mforooz/EpiDenoise/sandbox/eval.py:46: ConstantInputWarning: An input array is constant; the correlation coefficient is not defined.
  r, _ = spearmanr(p.cpu().numpy(), t.cpu().numpy())
/project/6014832/mforooz/EpiDenoise/sandbox/eval.py:46: ConstantInputWarning: An input array is constant; the correlation coefficient is not defined.
  r, _ = spearmanr(p.cpu().numpy(), t.cpu().numpy())
/project/6014832/mforooz/EpiDenoise/sandbox/eval.py:46: ConstantInputWarning: An input array is constant; the correlation coefficient is not defined.
  r, _ = spearmanr(p.cpu().numpy(), t.cpu().numpy())
/project/6014832/mforooz/EpiDenoise/sandbox/eval.py:46: ConstantInputWarning: An input array is constant; the correlation coefficient is not defined.
  r, _ = spearmanr(p.cpu().numpy(), t.cpu().numpy())
/project/6014832/mforooz/EpiDenoise/sandbox/eval.py:46: ConstantInputWarning: An input array is constant; the correlation coefficient is not defined.
  r, _ = spearmanr(p.cpu().numpy(), t.cpu().numpy())
/project/6014832/mforooz/EpiDenoise/sandbox/eval.py:46: ConstantInputWarning: An input array is constant; the correlation coefficient is not defined.
  r, _ = spearmanr(p.cpu().numpy(), t.cpu().numpy())
/project/6014832/mforooz/EpiDenoise/sandbox/eval.py:46: ConstantInputWarning: An input array is constant; the correlation coefficient is not defined.
  r, _ = spearmanr(p.cpu().numpy(), t.cpu().numpy())
/project/6014832/mforooz/EpiDenoise/sandbox/eval.py:46: ConstantInputWarning: An input array is constant; the correlation coefficient is not defined.
  r, _ = spearmanr(p.cpu().numpy(), t.cpu().numpy())
/project/6014832/mforooz/EpiDenoise/sandbox/eval.py:46: ConstantInputWarning: An input array is constant; the correlation coefficient is not defined.
  r, _ = spearmanr(p.cpu().numpy(), t.cpu().numpy())
/project/6014832/mforooz/EpiDenoise/sandbox/eval.py:46: ConstantInputWarning: An input array is constant; the correlation coefficient is not defined.
  r, _ = spearmanr(p.cpu().numpy(), t.cpu().numpy())
/project/6014832/mforooz/EpiDenoise/sandbox/eval.py:46: ConstantInputWarning: An input array is constant; the correlation coefficient is not defined.
  r, _ = spearmanr(p.cpu().numpy(), t.cpu().numpy())
/project/6014832/mforooz/EpiDenoise/sandbox/eval.py:46: ConstantInputWarning: An input array is constant; the correlation coefficient is not defined.
  r, _ = spearmanr(p.cpu().numpy(), t.cpu().numpy())
/project/6014832/mforooz/EpiDenoise/sandbox/eval.py:46: ConstantInputWarning: An input array is constant; the correlation coefficient is not defined.
  r, _ = spearmanr(p.cpu().numpy(), t.cpu().numpy())
/project/6014832/mforooz/EpiDenoise/sandbox/eval.py:46: ConstantInputWarning: An input array is constant; the correlation coefficient is not defined.
  r, _ = spearmanr(p.cpu().numpy(), t.cpu().numpy())
/project/6014832/mforooz/EpiDenoise/sandbox/eval.py:46: ConstantInputWarning: An input array is constant; the correlation coefficient is not defined.
  r, _ = spearmanr(p.cpu().numpy(), t.cpu().numpy())
/project/6014832/mforooz/EpiDenoise/sandbox/eval.py:46: ConstantInputWarning: An input array is constant; the correlation coefficient is not defined.
  r, _ = spearmanr(p.cpu().numpy(), t.cpu().numpy())
/project/6014832/mforooz/EpiDenoise/sandbox/eval.py:46: ConstantInputWarning: An input array is constant; the correlation coefficient is not defined.
  r, _ = spearmanr(p.cpu().numpy(), t.cpu().numpy())
/project/6014832/mforooz/EpiDenoise/sandbox/eval.py:46: ConstantInputWarning: An input array is constant; the correlation coefficient is not defined.
  r, _ = spearmanr(p.cpu().numpy(), t.cpu().numpy())
/project/6014832/mforooz/EpiDenoise/sandbox/eval.py:46: ConstantInputWarning: An input array is constant; the correlation coefficient is not defined.
  r, _ = spearmanr(p.cpu().numpy(), t.cpu().numpy())
/project/6014832/mforooz/EpiDenoise/sandbox/eval.py:46: ConstantInputWarning: An input array is constant; the correlation coefficient is not defined.
  r, _ = spearmanr(p.cpu().numpy(), t.cpu().numpy())
/project/6014832/mforooz/EpiDenoise/sandbox/eval.py:46: ConstantInputWarning: An input array is constant; the correlation coefficient is not defined.
  r, _ = spearmanr(p.cpu().numpy(), t.cpu().numpy())
/project/6014832/mforooz/EpiDenoise/sandbox/eval.py:46: ConstantInputWarning: An input array is constant; the correlation coefficient is not defined.
  r, _ = spearmanr(p.cpu().numpy(), t.cpu().numpy())
/project/6014832/mforooz/EpiDenoise/sandbox/eval.py:46: ConstantInputWarning: An input array is constant; the correlation coefficient is not defined.
  r, _ = spearmanr(p.cpu().numpy(), t.cpu().numpy())
/project/6014832/mforooz/EpiDenoise/sandbox/eval.py:46: ConstantInputWarning: An input array is constant; the correlation coefficient is not defined.
  r, _ = spearmanr(p.cpu().numpy(), t.cpu().numpy())
/project/6014832/mforooz/EpiDenoise/sandbox/eval.py:46: ConstantInputWarning: An input array is constant; the correlation coefficient is not defined.
  r, _ = spearmanr(p.cpu().numpy(), t.cpu().numpy())
/project/6014832/mforooz/EpiDenoise/sandbox/eval.py:46: ConstantInputWarning: An input array is constant; the correlation coefficient is not defined.
  r, _ = spearmanr(p.cpu().numpy(), t.cpu().numpy())
/project/6014832/mforooz/EpiDenoise/sandbox/eval.py:46: ConstantInputWarning: An input array is constant; the correlation coefficient is not defined.
  r, _ = spearmanr(p.cpu().numpy(), t.cpu().numpy())
/project/6014832/mforooz/EpiDenoise/sandbox/eval.py:46: ConstantInputWarning: An input array is constant; the correlation coefficient is not defined.
  r, _ = spearmanr(p.cpu().numpy(), t.cpu().numpy())
/project/6014832/mforooz/EpiDenoise/sandbox/eval.py:46: ConstantInputWarning: An input array is constant; the correlation coefficient is not defined.
  r, _ = spearmanr(p.cpu().numpy(), t.cpu().numpy())
/project/6014832/mforooz/EpiDenoise/sandbox/eval.py:46: ConstantInputWarning: An input array is constant; the correlation coefficient is not defined.
  r, _ = spearmanr(p.cpu().numpy(), t.cpu().numpy())
/project/6014832/mforooz/EpiDenoise/sandbox/eval.py:46: ConstantInputWarning: An input array is constant; the correlation coefficient is not defined.
  r, _ = spearmanr(p.cpu().numpy(), t.cpu().numpy())
/project/6014832/mforooz/EpiDenoise/sandbox/eval.py:46: ConstantInputWarning: An input array is constant; the correlation coefficient is not defined.
  r, _ = spearmanr(p.cpu().numpy(), t.cpu().numpy())
/project/6014832/mforooz/EpiDenoise/sandbox/eval.py:46: ConstantInputWarning: An input array is constant; the correlation coefficient is not defined.
  r, _ = spearmanr(p.cpu().numpy(), t.cpu().numpy())
/project/6014832/mforooz/EpiDenoise/sandbox/eval.py:46: ConstantInputWarning: An input array is constant; the correlation coefficient is not defined.
  r, _ = spearmanr(p.cpu().numpy(), t.cpu().numpy())
/project/6014832/mforooz/EpiDenoise/sandbox/eval.py:46: ConstantInputWarning: An input array is constant; the correlation coefficient is not defined.
  r, _ = spearmanr(p.cpu().numpy(), t.cpu().numpy())
/project/6014832/mforooz/EpiDenoise/sandbox/eval.py:46: ConstantInputWarning: An input array is constant; the correlation coefficient is not defined.
  r, _ = spearmanr(p.cpu().numpy(), t.cpu().numpy())
/project/6014832/mforooz/EpiDenoise/sandbox/eval.py:46: ConstantInputWarning: An input array is constant; the correlation coefficient is not defined.
  r, _ = spearmanr(p.cpu().numpy(), t.cpu().numpy())
/project/6014832/mforooz/EpiDenoise/sandbox/eval.py:46: ConstantInputWarning: An input array is constant; the correlation coefficient is not defined.
  r, _ = spearmanr(p.cpu().numpy(), t.cpu().numpy())
/project/6014832/mforooz/EpiDenoise/sandbox/eval.py:46: ConstantInputWarning: An input array is constant; the correlation coefficient is not defined.
  r, _ = spearmanr(p.cpu().numpy(), t.cpu().numpy())
/project/6014832/mforooz/EpiDenoise/sandbox/eval.py:46: ConstantInputWarning: An input array is constant; the correlation coefficient is not defined.
  r, _ = spearmanr(p.cpu().numpy(), t.cpu().numpy())
/project/6014832/mforooz/EpiDenoise/sandbox/eval.py:46: ConstantInputWarning: An input array is constant; the correlation coefficient is not defined.
  r, _ = spearmanr(p.cpu().numpy(), t.cpu().numpy())
/project/6014832/mforooz/EpiDenoise/sandbox/eval.py:46: ConstantInputWarning: An input array is constant; the correlation coefficient is not defined.
  r, _ = spearmanr(p.cpu().numpy(), t.cpu().numpy())
/project/6014832/mforooz/EpiDenoise/sandbox/eval.py:46: ConstantInputWarning: An input array is constant; the correlation coefficient is not defined.
  r, _ = spearmanr(p.cpu().numpy(), t.cpu().numpy())
/project/6014832/mforooz/EpiDenoise/sandbox/eval.py:46: ConstantInputWarning: An input array is constant; the correlation coefficient is not defined.
  r, _ = spearmanr(p.cpu().numpy(), t.cpu().numpy())
/project/6014832/mforooz/EpiDenoise/sandbox/eval.py:46: ConstantInputWarning: An input array is constant; the correlation coefficient is not defined.
  r, _ = spearmanr(p.cpu().numpy(), t.cpu().numpy())
/project/6014832/mforooz/EpiDenoise/sandbox/eval.py:46: ConstantInputWarning: An input array is constant; the correlation coefficient is not defined.
  r, _ = spearmanr(p.cpu().numpy(), t.cpu().numpy())
/project/6014832/mforooz/EpiDenoise/sandbox/eval.py:46: ConstantInputWarning: An input array is constant; the correlation coefficient is not defined.
  r, _ = spearmanr(p.cpu().numpy(), t.cpu().numpy())
/project/6014832/mforooz/EpiDenoise/sandbox/eval.py:46: ConstantInputWarning: An input array is constant; the correlation coefficient is not defined.
  r, _ = spearmanr(p.cpu().numpy(), t.cpu().numpy())
/project/6014832/mforooz/EpiDenoise/sandbox/eval.py:46: ConstantInputWarning: An input array is constant; the correlation coefficient is not defined.
  r, _ = spearmanr(p.cpu().numpy(), t.cpu().numpy())
/project/6014832/mforooz/EpiDenoise/sandbox/eval.py:46: ConstantInputWarning: An input array is constant; the correlation coefficient is not defined.
  r, _ = spearmanr(p.cpu().numpy(), t.cpu().numpy())
/project/6014832/mforooz/EpiDenoise/sandbox/eval.py:46: ConstantInputWarning: An input array is constant; the correlation coefficient is not defined.
  r, _ = spearmanr(p.cpu().numpy(), t.cpu().numpy())
/project/6014832/mforooz/EpiDenoise/sandbox/eval.py:46: ConstantInputWarning: An input array is constant; the correlation coefficient is not defined.
  r, _ = spearmanr(p.cpu().numpy(), t.cpu().numpy())
/project/6014832/mforooz/EpiDenoise/sandbox/eval.py:46: ConstantInputWarning: An input array is constant; the correlation coefficient is not defined.
  r, _ = spearmanr(p.cpu().numpy(), t.cpu().numpy())
/project/6014832/mforooz/EpiDenoise/sandbox/eval.py:46: ConstantInputWarning: An input array is constant; the correlation coefficient is not defined.
  r, _ = spearmanr(p.cpu().numpy(), t.cpu().numpy())
/project/6014832/mforooz/EpiDenoise/sandbox/eval.py:46: ConstantInputWarning: An input array is constant; the correlation coefficient is not defined.
  r, _ = spearmanr(p.cpu().numpy(), t.cpu().numpy())
/project/6014832/mforooz/EpiDenoise/sandbox/eval.py:46: ConstantInputWarning: An input array is constant; the correlation coefficient is not defined.
  r, _ = spearmanr(p.cpu().numpy(), t.cpu().numpy())
/project/6014832/mforooz/EpiDenoise/sandbox/eval.py:46: ConstantInputWarning: An input array is constant; the correlation coefficient is not defined.
  r, _ = spearmanr(p.cpu().numpy(), t.cpu().numpy())
/project/6014832/mforooz/EpiDenoise/sandbox/eval.py:46: ConstantInputWarning: An input array is constant; the correlation coefficient is not defined.
  r, _ = spearmanr(p.cpu().numpy(), t.cpu().numpy())
/project/6014832/mforooz/EpiDenoise/sandbox/eval.py:46: ConstantInputWarning: An input array is constant; the correlation coefficient is not defined.
  r, _ = spearmanr(p.cpu().numpy(), t.cpu().numpy())
/project/6014832/mforooz/EpiDenoise/sandbox/eval.py:46: ConstantInputWarning: An input array is constant; the correlation coefficient is not defined.
  r, _ = spearmanr(p.cpu().numpy(), t.cpu().numpy())
/project/6014832/mforooz/EpiDenoise/sandbox/eval.py:46: ConstantInputWarning: An input array is constant; the correlation coefficient is not defined.
  r, _ = spearmanr(p.cpu().numpy(), t.cpu().numpy())
/project/6014832/mforooz/EpiDenoise/sandbox/eval.py:46: ConstantInputWarning: An input array is constant; the correlation coefficient is not defined.
  r, _ = spearmanr(p.cpu().numpy(), t.cpu().numpy())
/project/6014832/mforooz/EpiDenoise/sandbox/eval.py:46: ConstantInputWarning: An input array is constant; the correlation coefficient is not defined.
  r, _ = spearmanr(p.cpu().numpy(), t.cpu().numpy())
/project/6014832/mforooz/EpiDenoise/sandbox/eval.py:46: ConstantInputWarning: An input array is constant; the correlation coefficient is not defined.
  r, _ = spearmanr(p.cpu().numpy(), t.cpu().numpy())
/project/6014832/mforooz/EpiDenoise/sandbox/eval.py:46: ConstantInputWarning: An input array is constant; the correlation coefficient is not defined.
  r, _ = spearmanr(p.cpu().numpy(), t.cpu().numpy())
/project/6014832/mforooz/EpiDenoise/sandbox/eval.py:46: ConstantInputWarning: An input array is constant; the correlation coefficient is not defined.
  r, _ = spearmanr(p.cpu().numpy(), t.cpu().numpy())
/project/6014832/mforooz/EpiDenoise/sandbox/eval.py:46: ConstantInputWarning: An input array is constant; the correlation coefficient is not defined.
  r, _ = spearmanr(p.cpu().numpy(), t.cpu().numpy())
/project/6014832/mforooz/EpiDenoise/sandbox/eval.py:46: ConstantInputWarning: An input array is constant; the correlation coefficient is not defined.
  r, _ = spearmanr(p.cpu().numpy(), t.cpu().numpy())
/project/6014832/mforooz/EpiDenoise/sandbox/eval.py:46: ConstantInputWarning: An input array is constant; the correlation coefficient is not defined.
  r, _ = spearmanr(p.cpu().numpy(), t.cpu().numpy())
/project/6014832/mforooz/EpiDenoise/sandbox/eval.py:46: ConstantInputWarning: An input array is constant; the correlation coefficient is not defined.
  r, _ = spearmanr(p.cpu().numpy(), t.cpu().numpy())
/project/6014832/mforooz/EpiDenoise/sandbox/eval.py:46: ConstantInputWarning: An input array is constant; the correlation coefficient is not defined.
  r, _ = spearmanr(p.cpu().numpy(), t.cpu().numpy())
/project/6014832/mforooz/EpiDenoise/sandbox/eval.py:46: ConstantInputWarning: An input array is constant; the correlation coefficient is not defined.
  r, _ = spearmanr(p.cpu().numpy(), t.cpu().numpy())
/project/6014832/mforooz/EpiDenoise/sandbox/eval.py:46: ConstantInputWarning: An input array is constant; the correlation coefficient is not defined.
  r, _ = spearmanr(p.cpu().numpy(), t.cpu().numpy())
/project/6014832/mforooz/EpiDenoise/sandbox/eval.py:46: ConstantInputWarning: An input array is constant; the correlation coefficient is not defined.
  r, _ = spearmanr(p.cpu().numpy(), t.cpu().numpy())
/project/6014832/mforooz/EpiDenoise/sandbox/eval.py:46: ConstantInputWarning: An input array is constant; the correlation coefficient is not defined.
  r, _ = spearmanr(p.cpu().numpy(), t.cpu().numpy())
/project/6014832/mforooz/EpiDenoise/sandbox/eval.py:46: ConstantInputWarning: An input array is constant; the correlation coefficient is not defined.
  r, _ = spearmanr(p.cpu().numpy(), t.cpu().numpy())
/project/6014832/mforooz/EpiDenoise/sandbox/eval.py:46: ConstantInputWarning: An input array is constant; the correlation coefficient is not defined.
  r, _ = spearmanr(p.cpu().numpy(), t.cpu().numpy())
/project/6014832/mforooz/EpiDenoise/sandbox/eval.py:46: ConstantInputWarning: An input array is constant; the correlation coefficient is not defined.
  r, _ = spearmanr(p.cpu().numpy(), t.cpu().numpy())
/project/6014832/mforooz/EpiDenoise/sandbox/eval.py:46: ConstantInputWarning: An input array is constant; the correlation coefficient is not defined.
  r, _ = spearmanr(p.cpu().numpy(), t.cpu().numpy())
/project/6014832/mforooz/EpiDenoise/sandbox/eval.py:46: ConstantInputWarning: An input array is constant; the correlation coefficient is not defined.
  r, _ = spearmanr(p.cpu().numpy(), t.cpu().numpy())
/project/6014832/mforooz/EpiDenoise/sandbox/eval.py:46: ConstantInputWarning: An input array is constant; the correlation coefficient is not defined.
  r, _ = spearmanr(p.cpu().numpy(), t.cpu().numpy())
/project/6014832/mforooz/EpiDenoise/sandbox/eval.py:46: ConstantInputWarning: An input array is constant; the correlation coefficient is not defined.
  r, _ = spearmanr(p.cpu().numpy(), t.cpu().numpy())
/project/6014832/mforooz/EpiDenoise/sandbox/eval.py:46: ConstantInputWarning: An input array is constant; the correlation coefficient is not defined.
  r, _ = spearmanr(p.cpu().numpy(), t.cpu().numpy())
/project/6014832/mforooz/EpiDenoise/sandbox/eval.py:46: ConstantInputWarning: An input array is constant; the correlation coefficient is not defined.
  r, _ = spearmanr(p.cpu().numpy(), t.cpu().numpy())
/project/6014832/mforooz/EpiDenoise/sandbox/eval.py:46: ConstantInputWarning: An input array is constant; the correlation coefficient is not defined.
  r, _ = spearmanr(p.cpu().numpy(), t.cpu().numpy())
/project/6014832/mforooz/EpiDenoise/sandbox/eval.py:46: ConstantInputWarning: An input array is constant; the correlation coefficient is not defined.
  r, _ = spearmanr(p.cpu().numpy(), t.cpu().numpy())
/project/6014832/mforooz/EpiDenoise/sandbox/eval.py:46: ConstantInputWarning: An input array is constant; the correlation coefficient is not defined.
  r, _ = spearmanr(p.cpu().numpy(), t.cpu().numpy())
/project/6014832/mforooz/EpiDenoise/sandbox/eval.py:46: ConstantInputWarning: An input array is constant; the correlation coefficient is not defined.
  r, _ = spearmanr(p.cpu().numpy(), t.cpu().numpy())
/project/6014832/mforooz/EpiDenoise/sandbox/eval.py:46: ConstantInputWarning: An input array is constant; the correlation coefficient is not defined.
  r, _ = spearmanr(p.cpu().numpy(), t.cpu().numpy())
/project/6014832/mforooz/EpiDenoise/sandbox/eval.py:46: ConstantInputWarning: An input array is constant; the correlation coefficient is not defined.
  r, _ = spearmanr(p.cpu().numpy(), t.cpu().numpy())
/project/6014832/mforooz/EpiDenoise/sandbox/eval.py:46: ConstantInputWarning: An input array is constant; the correlation coefficient is not defined.
  r, _ = spearmanr(p.cpu().numpy(), t.cpu().numpy())
/project/6014832/mforooz/EpiDenoise/sandbox/eval.py:46: ConstantInputWarning: An input array is constant; the correlation coefficient is not defined.
  r, _ = spearmanr(p.cpu().numpy(), t.cpu().numpy())
/project/6014832/mforooz/EpiDenoise/sandbox/eval.py:46: ConstantInputWarning: An input array is constant; the correlation coefficient is not defined.
  r, _ = spearmanr(p.cpu().numpy(), t.cpu().numpy())
/project/6014832/mforooz/EpiDenoise/sandbox/eval.py:46: ConstantInputWarning: An input array is constant; the correlation coefficient is not defined.
  r, _ = spearmanr(p.cpu().numpy(), t.cpu().numpy())
/project/6014832/mforooz/EpiDenoise/sandbox/eval.py:46: ConstantInputWarning: An input array is constant; the correlation coefficient is not defined.
  r, _ = spearmanr(p.cpu().numpy(), t.cpu().numpy())
/project/6014832/mforooz/EpiDenoise/sandbox/eval.py:46: ConstantInputWarning: An input array is constant; the correlation coefficient is not defined.
  r, _ = spearmanr(p.cpu().numpy(), t.cpu().numpy())
/project/6014832/mforooz/EpiDenoise/sandbox/eval.py:46: ConstantInputWarning: An input array is constant; the correlation coefficient is not defined.
  r, _ = spearmanr(p.cpu().numpy(), t.cpu().numpy())
/project/6014832/mforooz/EpiDenoise/sandbox/eval.py:46: ConstantInputWarning: An input array is constant; the correlation coefficient is not defined.
  r, _ = spearmanr(p.cpu().numpy(), t.cpu().numpy())
/project/6014832/mforooz/EpiDenoise/sandbox/eval.py:46: ConstantInputWarning: An input array is constant; the correlation coefficient is not defined.
  r, _ = spearmanr(p.cpu().numpy(), t.cpu().numpy())
/project/6014832/mforooz/EpiDenoise/sandbox/eval.py:46: ConstantInputWarning: An input array is constant; the correlation coefficient is not defined.
  r, _ = spearmanr(p.cpu().numpy(), t.cpu().numpy())
/project/6014832/mforooz/EpiDenoise/sandbox/eval.py:46: ConstantInputWarning: An input array is constant; the correlation coefficient is not defined.
  r, _ = spearmanr(p.cpu().numpy(), t.cpu().numpy())
/project/6014832/mforooz/EpiDenoise/sandbox/eval.py:46: ConstantInputWarning: An input array is constant; the correlation coefficient is not defined.
  r, _ = spearmanr(p.cpu().numpy(), t.cpu().numpy())
/project/6014832/mforooz/EpiDenoise/sandbox/eval.py:46: ConstantInputWarning: An input array is constant; the correlation coefficient is not defined.
  r, _ = spearmanr(p.cpu().numpy(), t.cpu().numpy())
/project/6014832/mforooz/EpiDenoise/sandbox/eval.py:46: ConstantInputWarning: An input array is constant; the correlation coefficient is not defined.
  r, _ = spearmanr(p.cpu().numpy(), t.cpu().numpy())
/project/6014832/mforooz/EpiDenoise/sandbox/eval.py:46: ConstantInputWarning: An input array is constant; the correlation coefficient is not defined.
  r, _ = spearmanr(p.cpu().numpy(), t.cpu().numpy())
