/project/6014832/mforooz/EpiDenoise/candi_venv/lib/python3.10/site-packages/pydantic/_internal/_generate_schema.py:2249: UnsupportedFieldAttributeWarning: The 'repr' attribute with value False was provided to the `Field()` function, which has no effect in the context it was used. 'repr' is field-specific metadata, and can only be attached to a model field using `Annotated` metadata or by assignment. This may have happened because an `Annotated` type alias using the `type` statement was used, or if the `Field()` function was attached to a single member of a union type.
  warnings.warn(
/project/6014832/mforooz/EpiDenoise/candi_venv/lib/python3.10/site-packages/pydantic/_internal/_generate_schema.py:2249: UnsupportedFieldAttributeWarning: The 'frozen' attribute with value True was provided to the `Field()` function, which has no effect in the context it was used. 'frozen' is field-specific metadata, and can only be attached to a model field using `Annotated` metadata or by assignment. This may have happened because an `Annotated` type alias using the `type` statement was used, or if the `Field()` function was attached to a single member of a union type.
  warnings.warn(
wandb: Currently logged in as: mforooz (mforoozz) to https://api.wandb.ai. Use `wandb login --relogin` to force relogin
wandb: WARNING Changes to your `wandb` environment variables will be ignored because your `wandb` session has already started. For more information on how to modify your settings with `wandb.init()` arguments, please refer to https://wandb.me/wandb-init.
wandb: creating run
wandb: Tracking run with wandb version 0.21.2
wandb: Run data is saved locally in /project/6014832/mforooz/EpiDenoise/wandb/run-20260426_133726-zrx1wgtr
wandb: Run `wandb offline` to turn off syncing.
wandb: Syncing run baseline_assay_mask_only
wandb: ⭐️ View project at https://wandb.ai/mforoozz/candi_sandbox
wandb: 🚀 View run at https://wandb.ai/mforoozz/candi_sandbox/runs/zrx1wgtr
[sandbox] Loaded canonical metadata for 8 assay types from data/eic_metadata.csv
{
  "epoch": 4,
  "eval_prefixed": {
    "eval_metrics/imp_pval_spearman_gw": 0.011931173700461291,
    "eval_metrics/den_count_spearman_gw": 0.04640855570987249,
    "eval_metrics/imp_count_pearson_gw": 0.0022764114861303594,
    "eval_metrics/den_pval_spearman_dsf1": 0.02144596664032522,
    "eval_metrics/imp_peak_auroc_gw": 0.43568637066473453,
    "eval_metrics/imp_pval_r2_gw": -1.567132056187045,
    "eval_metrics/den_pval_pearson_gw": 0.0027071408258052543,
    "eval_metrics/den_pval_r2_dsf1": -1.3612827161906473,
    "eval_metrics/imp_pval_r2_dsf1": -1.567132056187045,
    "eval_metrics/den_pval_pearson_dsf1": 0.0027071408258052543,
    "eval_metrics/den_pval_r2_1obs": -24.609087381453637,
    "eval_metrics/den_pval_pearson_1obs": -0.01616413267114886,
    "eval_metrics/imp_pval_spearman_1obs": 0.01293592373508977,
    "eval_metrics/imp_pval_pearson_1obs": 0.0210661937053951,
    "eval_metrics/den_pval_r2_gw": -1.3612827161906473,
    "eval_metrics/den_pval_spearman_gw": 0.02144596664032522,
    "eval_metrics/imp_count_r2_gw": -0.06169656540814551,
    "eval_metrics/imp_pval_pearson_gw": 0.0038435322358199055,
    "eval_metrics/imp_pval_r2_1obs": -23.5180402218132,
    "eval_metrics/imp_count_spearman_gw": -0.016027370905681515,
    "eval_metrics/imp_pval_spearman_dsf1": 0.011931173700461291,
    "eval_metrics/den_count_r2_gw": -0.14539609642340165,
    "eval_metrics/imp_pval_pearson_dsf1": 0.0038435322358199055,
    "eval_metrics/den_count_pearson_gw": 0.037031527934902296,
    "eval_metrics/den_pval_spearman_1obs": -0.020076391221759273,
    "eval_metrics/den_peak_auroc_gw": 0.47961528499187306,
    "eval_losses/total_loss": 6.2107559309193965,
    "eval_losses/count_obs_loss": 1.2952963427493447,
    "eval_losses/count_imp_loss": 1.8699237051464261,
    "eval_losses/pval_obs_loss": 1.1527856400138454,
    "eval_losses/pval_imp_loss": 1.1458748295193626,
    "eval_losses/peak_obs_loss": 0.6913827869452929,
    "eval_losses/peak_imp_loss": 0.6892511201283288
  }
}
{
  "epoch": 4,
  "training_metadata_probes": {
    "training_metadata_probes/depth_count_ratio": 0.998645544052124,
    "training_metadata_probes/runtype_mse": 7.029015591797361e-07,
    "training_metadata_probes/readlen_mse": 2.1022663077019388e-06
  }
}
{
  "epoch": 9,
  "eval_prefixed": {
    "eval_metrics/imp_pval_spearman_gw": -0.0012964511826147377,
    "eval_metrics/den_count_spearman_gw": 0.04726861909984983,
    "eval_metrics/imp_count_pearson_gw": 0.006784457102647081,
    "eval_metrics/den_pval_spearman_dsf1": 0.04191909491809781,
    "eval_metrics/imp_peak_auroc_gw": 0.46016606029859536,
    "eval_metrics/imp_pval_r2_gw": -1.0939374237383734,
    "eval_metrics/den_pval_pearson_gw": 0.023918301868865167,
    "eval_metrics/den_pval_r2_dsf1": -0.9450097152582837,
    "eval_metrics/imp_pval_r2_dsf1": -1.0939374237383734,
    "eval_metrics/den_pval_pearson_dsf1": 0.023918301868865167,
    "eval_metrics/den_pval_r2_1obs": -26.242455510369755,
    "eval_metrics/den_pval_pearson_1obs": -0.025179474257655737,
    "eval_metrics/imp_pval_spearman_1obs": 0.032450804770587566,
    "eval_metrics/imp_pval_pearson_1obs": 0.020979266216431463,
    "eval_metrics/den_pval_r2_gw": -0.9450097152582837,
    "eval_metrics/den_pval_spearman_gw": 0.04191909491809781,
    "eval_metrics/imp_count_r2_gw": -0.07748490738092989,
    "eval_metrics/imp_pval_pearson_gw": 0.009801616582643917,
    "eval_metrics/imp_pval_r2_1obs": -22.674214314921386,
    "eval_metrics/imp_count_spearman_gw": -0.013920060138220518,
    "eval_metrics/imp_pval_spearman_dsf1": -0.0012964511826147377,
    "eval_metrics/den_count_r2_gw": -0.1724686900967225,
    "eval_metrics/imp_pval_pearson_dsf1": 0.009801616582643917,
    "eval_metrics/den_count_pearson_gw": 0.06300428045216522,
    "eval_metrics/den_pval_spearman_1obs": -0.03092329723272216,
    "eval_metrics/den_peak_auroc_gw": 0.5032960075701656,
    "eval_losses/total_loss": 6.023782639127028,
    "eval_losses/count_obs_loss": 1.2883932308146828,
    "eval_losses/count_imp_loss": 1.8860296919232322,
    "eval_losses/pval_obs_loss": 1.051660055392667,
    "eval_losses/pval_imp_loss": 1.036494479292915,
    "eval_losses/peak_obs_loss": 0.6904864256319246,
    "eval_losses/peak_imp_loss": 0.6883720585278102
  }
}
{
  "epoch": 9,
  "training_metadata_probes": {
    "training_metadata_probes/depth_count_ratio": 1.002647876739502,
    "training_metadata_probes/runtype_mse": 7.255758646351751e-06,
    "training_metadata_probes/readlen_mse": 1.0906343277383712e-06
  }
}
{
  "epoch": 14,
  "eval_prefixed": {
    "eval_metrics/imp_pval_spearman_gw": 0.018917460339992552,
    "eval_metrics/den_count_spearman_gw": 0.05340970053062217,
    "eval_metrics/imp_count_pearson_gw": 0.0033523077066684704,
    "eval_metrics/den_pval_spearman_dsf1": 0.06922569161592824,
    "eval_metrics/imp_peak_auroc_gw": 0.4423004809826683,
    "eval_metrics/imp_pval_r2_gw": -0.8959004117079845,
    "eval_metrics/den_pval_pearson_gw": 0.05293161455407053,
    "eval_metrics/den_pval_r2_dsf1": -0.9011147892987286,
    "eval_metrics/imp_pval_r2_dsf1": -0.8959004117079845,
    "eval_metrics/den_pval_pearson_dsf1": 0.05293161455407053,
    "eval_metrics/den_pval_r2_1obs": -29.417841221234845,
    "eval_metrics/den_pval_pearson_1obs": -0.002483129616226315,
    "eval_metrics/imp_pval_spearman_1obs": 0.03649028261043157,
    "eval_metrics/imp_pval_pearson_1obs": 0.043747613638905544,
    "eval_metrics/den_pval_r2_gw": -0.9011147892987286,
    "eval_metrics/den_pval_spearman_gw": 0.06922569161592824,
    "eval_metrics/imp_count_r2_gw": -0.08915971931788713,
    "eval_metrics/imp_pval_pearson_gw": 0.024877421875735595,
    "eval_metrics/imp_pval_r2_1obs": -22.556110431403027,
    "eval_metrics/imp_count_spearman_gw": -0.018223000928138545,
    "eval_metrics/imp_pval_spearman_dsf1": 0.018917460339992552,
    "eval_metrics/den_count_r2_gw": -0.21281479100015444,
    "eval_metrics/imp_pval_pearson_dsf1": 0.024877421875735595,
    "eval_metrics/den_count_pearson_gw": 0.06176550339334522,
    "eval_metrics/den_pval_spearman_1obs": -0.007919882710662905,
    "eval_metrics/den_peak_auroc_gw": 0.5161749666584701,
    "eval_losses/total_loss": 6.097911657471406,
    "eval_losses/count_obs_loss": 1.4191296296684366,
    "eval_losses/count_imp_loss": 2.0020235795823353,
    "eval_losses/pval_obs_loss": 0.9828343540430069,
    "eval_losses/pval_imp_loss": 0.9422132590460399,
    "eval_losses/peak_obs_loss": 0.6872786918753072,
    "eval_losses/peak_imp_loss": 0.6852685998356531
  }
}
{
  "epoch": 14,
  "training_metadata_probes": {
    "training_metadata_probes/depth_count_ratio": 1.0050910711288452,
    "training_metadata_probes/runtype_mse": 0.00013828471128363162,
    "training_metadata_probes/readlen_mse": 3.005590315297013e-06
  }
}
{
  "epoch": 19,
  "eval_prefixed": {
    "eval_metrics/imp_pval_spearman_gw": 0.01996474438643588,
    "eval_metrics/den_count_spearman_gw": 0.05730864817665237,
    "eval_metrics/imp_count_pearson_gw": -0.004849667609151866,
    "eval_metrics/den_pval_spearman_dsf1": 0.07572712590835849,
    "eval_metrics/imp_peak_auroc_gw": 0.4715834289268799,
    "eval_metrics/imp_pval_r2_gw": -0.7815219021713513,
    "eval_metrics/den_pval_pearson_gw": 0.07342278277601029,
    "eval_metrics/den_pval_r2_dsf1": -0.5842074103791456,
    "eval_metrics/imp_pval_r2_dsf1": -0.7815219021713513,
    "eval_metrics/den_pval_pearson_dsf1": 0.07342278277601029,
    "eval_metrics/den_pval_r2_1obs": -22.81867284098411,
    "eval_metrics/den_pval_pearson_1obs": 0.03503323719372163,
    "eval_metrics/imp_pval_spearman_1obs": 0.07646111878673839,
    "eval_metrics/imp_pval_pearson_1obs": 0.08669422279548136,
    "eval_metrics/den_pval_r2_gw": -0.5842074103791456,
    "eval_metrics/den_pval_spearman_gw": 0.07572712590835849,
    "eval_metrics/imp_count_r2_gw": -0.09916525663520218,
    "eval_metrics/imp_pval_pearson_gw": 0.03194415990479423,
    "eval_metrics/imp_pval_r2_1obs": -25.679234724969138,
    "eval_metrics/imp_count_spearman_gw": -0.03662766075269677,
    "eval_metrics/imp_pval_spearman_dsf1": 0.01996474438643588,
    "eval_metrics/den_count_r2_gw": -0.14943162788428274,
    "eval_metrics/imp_pval_pearson_dsf1": 0.03194415990479423,
    "eval_metrics/den_count_pearson_gw": 0.06624371924982897,
    "eval_metrics/den_pval_spearman_1obs": 0.03825739757188382,
    "eval_metrics/den_peak_auroc_gw": 0.525265184560939,
    "eval_losses/total_loss": 6.038286568694993,
    "eval_losses/count_obs_loss": 1.4475521445274353,
    "eval_losses/count_imp_loss": 2.070438192004249,
    "eval_losses/pval_obs_loss": 0.8878198556209865,
    "eval_losses/pval_imp_loss": 0.8857002083271269,
    "eval_losses/peak_obs_loss": 0.6862261875679618,
    "eval_losses/peak_imp_loss": 0.6830412338650416
  }
}
{
  "epoch": 19,
  "training_metadata_probes": {
    "training_metadata_probes/depth_count_ratio": 1.0033564567565918,
    "training_metadata_probes/runtype_mse": 0.0004606345319189131,
    "training_metadata_probes/readlen_mse": 6.816306722612353e-06
  }
}
/project/6014832/mforooz/EpiDenoise/candi_venv/lib/python3.10/site-packages/torch/optim/lr_scheduler.py:243: UserWarning: The epoch parameter in `scheduler.step()` was not necessary and is being deprecated where possible. Please use `scheduler.step()` to step the scheduler. During the deprecation, if epoch is different from None, the closed form is used instead of the new chainable form, where available. Please open an issue if you are unable to replicate your use case: https://github.com/pytorch/pytorch/issues/new/choose.
  warnings.warn(EPOCH_DEPRECATION_WARNING, UserWarning)
{
  "epoch": 24,
  "eval_prefixed": {
    "eval_metrics/imp_pval_spearman_gw": 0.05790662250146094,
    "eval_metrics/den_count_spearman_gw": 0.07432141972263973,
    "eval_metrics/imp_count_pearson_gw": -0.0014373711120921173,
    "eval_metrics/den_pval_spearman_dsf1": 0.1067359707074386,
    "eval_metrics/imp_peak_auroc_gw": 0.48217660011466923,
    "eval_metrics/imp_pval_r2_gw": -0.4661948831965064,
    "eval_metrics/den_pval_pearson_gw": 0.10067770557208477,
    "eval_metrics/den_pval_r2_dsf1": -0.37673840323142477,
    "eval_metrics/imp_pval_r2_dsf1": -0.4661948831965064,
    "eval_metrics/den_pval_pearson_dsf1": 0.10067770557208477,
    "eval_metrics/den_pval_r2_1obs": -22.137457996689523,
    "eval_metrics/den_pval_pearson_1obs": 0.06023609624428086,
    "eval_metrics/imp_pval_spearman_1obs": 0.11117821237832506,
    "eval_metrics/imp_pval_pearson_1obs": 0.12015422484985301,
    "eval_metrics/den_pval_r2_gw": -0.37673840323142477,
    "eval_metrics/den_pval_spearman_gw": 0.1067359707074386,
    "eval_metrics/imp_count_r2_gw": -0.08871297046416464,
    "eval_metrics/imp_pval_pearson_gw": 0.06674950062999473,
    "eval_metrics/imp_pval_r2_1obs": -24.704231977845946,
    "eval_metrics/imp_count_spearman_gw": -0.05005465001018553,
    "eval_metrics/imp_pval_spearman_dsf1": 0.05790662250146094,
    "eval_metrics/den_count_r2_gw": -0.13360094306266895,
    "eval_metrics/imp_pval_pearson_dsf1": 0.06674950062999473,
    "eval_metrics/den_count_pearson_gw": 0.08195485155815013,
    "eval_metrics/den_pval_spearman_1obs": 0.05627578805719388,
    "eval_metrics/den_peak_auroc_gw": 0.5365243859940693,
    "eval_losses/total_loss": 5.837548104555983,
    "eval_losses/count_obs_loss": 1.4018174998070065,
    "eval_losses/count_imp_loss": 2.072600733666193,
    "eval_losses/pval_obs_loss": 0.7905221416762,
    "eval_losses/pval_imp_loss": 0.8134886333866725,
    "eval_losses/peak_obs_loss": 0.6861969161974756,
    "eval_losses/peak_imp_loss": 0.6835118640982916
  }
}
{
  "epoch": 24,
  "training_metadata_probes": {
    "training_metadata_probes/depth_count_ratio": 1.0041519403457642,
    "training_metadata_probes/runtype_mse": 0.00012807748862542212,
    "training_metadata_probes/readlen_mse": 1.0271386599924881e-05
  }
}
{
  "epoch": 29,
  "eval_prefixed": {
    "eval_metrics/imp_pval_spearman_gw": 0.09642787065137842,
    "eval_metrics/den_count_spearman_gw": 0.09106211676380072,
    "eval_metrics/imp_count_pearson_gw": -0.0001606818924691262,
    "eval_metrics/den_pval_spearman_dsf1": 0.14288839655292299,
    "eval_metrics/imp_peak_auroc_gw": 0.4920782566263602,
    "eval_metrics/imp_pval_r2_gw": -0.26565136952978363,
    "eval_metrics/den_pval_pearson_gw": 0.15654361083809482,
    "eval_metrics/den_pval_r2_dsf1": -0.1968169716146113,
    "eval_metrics/imp_pval_r2_dsf1": -0.26565136952978363,
    "eval_metrics/den_pval_pearson_dsf1": 0.15654361083809482,
    "eval_metrics/den_pval_r2_1obs": -25.418885974432076,
    "eval_metrics/den_pval_pearson_1obs": 0.058929279127991514,
    "eval_metrics/imp_pval_spearman_1obs": 0.13487212197869283,
    "eval_metrics/imp_pval_pearson_1obs": 0.1398093975001266,
    "eval_metrics/den_pval_r2_gw": -0.1968169716146113,
    "eval_metrics/den_pval_spearman_gw": 0.14288839655292299,
    "eval_metrics/imp_count_r2_gw": -0.08451837157044036,
    "eval_metrics/imp_pval_pearson_gw": 0.09605796543496942,
    "eval_metrics/imp_pval_r2_1obs": -27.82668836323314,
    "eval_metrics/imp_count_spearman_gw": -0.042213973825110995,
    "eval_metrics/imp_pval_spearman_dsf1": 0.09642787065137842,
    "eval_metrics/den_count_r2_gw": -0.09675118085977302,
    "eval_metrics/imp_pval_pearson_dsf1": 0.09605796543496942,
    "eval_metrics/den_count_pearson_gw": 0.08692593289245117,
    "eval_metrics/den_pval_spearman_1obs": 0.03416075027622024,
    "eval_metrics/den_peak_auroc_gw": 0.5245991755681008,
    "eval_losses/total_loss": 5.733834437045612,
    "eval_losses/count_obs_loss": 1.3791395841460479,
    "eval_losses/count_imp_loss": 2.063127210215917,
    "eval_losses/pval_obs_loss": 0.7109771110117435,
    "eval_losses/pval_imp_loss": 0.8302515097080715,
    "eval_losses/peak_obs_loss": 0.6820200156224402,
    "eval_losses/peak_imp_loss": 0.6794629816025023
  }
}
{
  "epoch": 29,
  "training_metadata_probes": {
    "training_metadata_probes/depth_count_ratio": 1.0050371885299683,
    "training_metadata_probes/runtype_mse": 0.0002016884391196072,
    "training_metadata_probes/readlen_mse": 1.5937544958433136e-05
  }
}
{
  "epoch": 34,
  "eval_prefixed": {
    "eval_metrics/imp_pval_spearman_gw": 0.1351222946310959,
    "eval_metrics/den_count_spearman_gw": 0.09704143092771679,
    "eval_metrics/imp_count_pearson_gw": 0.004472760771889062,
    "eval_metrics/den_pval_spearman_dsf1": 0.16312189314635847,
    "eval_metrics/imp_peak_auroc_gw": 0.5350500039154532,
    "eval_metrics/imp_pval_r2_gw": -0.1525632226178938,
    "eval_metrics/den_pval_pearson_gw": 0.1873051227854663,
    "eval_metrics/den_pval_r2_dsf1": -0.13736691167553985,
    "eval_metrics/imp_pval_r2_dsf1": -0.1525632226178938,
    "eval_metrics/den_pval_pearson_dsf1": 0.1873051227854663,
    "eval_metrics/den_pval_r2_1obs": -24.912742431244595,
    "eval_metrics/den_pval_pearson_1obs": 0.09996025872380032,
    "eval_metrics/imp_pval_spearman_1obs": 0.13452593414464892,
    "eval_metrics/imp_pval_pearson_1obs": 0.1438518090105231,
    "eval_metrics/den_pval_r2_gw": -0.13736691167553985,
    "eval_metrics/den_pval_spearman_gw": 0.16312189314635847,
    "eval_metrics/imp_count_r2_gw": -0.07317901885465551,
    "eval_metrics/imp_pval_pearson_gw": 0.12651641454015458,
    "eval_metrics/imp_pval_r2_1obs": -36.95093881730849,
    "eval_metrics/imp_count_spearman_gw": -0.029708150671715984,
    "eval_metrics/imp_pval_spearman_dsf1": 0.1351222946310959,
    "eval_metrics/den_count_r2_gw": -0.10974204749443145,
    "eval_metrics/imp_pval_pearson_dsf1": 0.12651641454015458,
    "eval_metrics/den_count_pearson_gw": 0.0968886726952501,
    "eval_metrics/den_pval_spearman_1obs": 0.06937386528568233,
    "eval_metrics/den_peak_auroc_gw": 0.529060846888267,
    "eval_losses/total_loss": 5.585995754129009,
    "eval_losses/count_obs_loss": 1.3147732850752378,
    "eval_losses/count_imp_loss": 2.0538311146554493,
    "eval_losses/pval_obs_loss": 0.6329441697973954,
    "eval_losses/pval_imp_loss": 0.8318047797869123,
    "eval_losses/peak_obs_loss": 0.6823288296398363,
    "eval_losses/peak_imp_loss": 0.6802714022379073
  }
}
{
  "epoch": 34,
  "training_metadata_probes": {
    "training_metadata_probes/depth_count_ratio": 1.0049234628677368,
    "training_metadata_probes/runtype_mse": 0.00020476446661632508,
    "training_metadata_probes/readlen_mse": 1.4743368410563562e-05
  }
}
{
  "epoch": 39,
  "eval_prefixed": {
    "eval_metrics/imp_pval_spearman_gw": 0.15834408876805342,
    "eval_metrics/den_count_spearman_gw": 0.1014630348330173,
    "eval_metrics/imp_count_pearson_gw": 0.014921266071998241,
    "eval_metrics/den_pval_spearman_dsf1": 0.19947949216858593,
    "eval_metrics/imp_peak_auroc_gw": 0.530905659276635,
    "eval_metrics/imp_pval_r2_gw": -0.12602702241047015,
    "eval_metrics/den_pval_pearson_gw": 0.23472607834264636,
    "eval_metrics/den_pval_r2_dsf1": -0.06336934464875932,
    "eval_metrics/imp_pval_r2_dsf1": -0.12602702241047015,
    "eval_metrics/den_pval_pearson_dsf1": 0.23472607834264636,
    "eval_metrics/den_pval_r2_1obs": -39.81901030153522,
    "eval_metrics/den_pval_pearson_1obs": 0.09818580191303657,
    "eval_metrics/imp_pval_spearman_1obs": 0.14391737593141268,
    "eval_metrics/imp_pval_pearson_1obs": 0.1520897230514074,
    "eval_metrics/den_pval_r2_gw": -0.06336934464875932,
    "eval_metrics/den_pval_spearman_gw": 0.19947949216858593,
    "eval_metrics/imp_count_r2_gw": -0.0724901002011186,
    "eval_metrics/imp_pval_pearson_gw": 0.15603742003440857,
    "eval_metrics/imp_pval_r2_1obs": -32.78344293302422,
    "eval_metrics/imp_count_spearman_gw": -0.01306654172126754,
    "eval_metrics/imp_pval_spearman_dsf1": 0.15834408876805342,
    "eval_metrics/den_count_r2_gw": -0.10388890146141595,
    "eval_metrics/imp_pval_pearson_dsf1": 0.15603742003440857,
    "eval_metrics/den_count_pearson_gw": 0.1081617757629015,
    "eval_metrics/den_pval_spearman_1obs": 0.05831602788412778,
    "eval_metrics/den_peak_auroc_gw": 0.5405317541041208,
    "eval_losses/total_loss": 5.9215494161471725,
    "eval_losses/count_obs_loss": 1.4410957843065262,
    "eval_losses/count_imp_loss": 2.0143468493507024,
    "eval_losses/pval_obs_loss": 0.6036521436058377,
    "eval_losses/pval_imp_loss": 1.1807385217102746,
    "eval_losses/peak_obs_loss": 0.6700221770688107,
    "eval_losses/peak_imp_loss": 0.6734103059011792
  }
}
{
  "epoch": 39,
  "training_metadata_probes": {
    "training_metadata_probes/depth_count_ratio": 1.0052968263626099,
    "training_metadata_probes/runtype_mse": 0.00013646642037201673,
    "training_metadata_probes/readlen_mse": 1.5878196791163646e-05
  }
}
{
  "epoch": 44,
  "eval_prefixed": {
    "eval_metrics/imp_pval_spearman_gw": 0.17328641187939597,
    "eval_metrics/den_count_spearman_gw": 0.10507532284884318,
    "eval_metrics/imp_count_pearson_gw": 0.018898148205138684,
    "eval_metrics/den_pval_spearman_dsf1": 0.2219647445605539,
    "eval_metrics/imp_peak_auroc_gw": 0.5361681586989423,
    "eval_metrics/imp_pval_r2_gw": -0.09415418899308815,
    "eval_metrics/den_pval_pearson_gw": 0.2570263748792441,
    "eval_metrics/den_pval_r2_dsf1": -0.044136925851442424,
    "eval_metrics/imp_pval_r2_dsf1": -0.09415418899308815,
    "eval_metrics/den_pval_pearson_dsf1": 0.2570263748792441,
    "eval_metrics/den_pval_r2_1obs": -22.95994282661983,
    "eval_metrics/den_pval_pearson_1obs": 0.10123706689888709,
    "eval_metrics/imp_pval_spearman_1obs": 0.18138149245396046,
    "eval_metrics/imp_pval_pearson_1obs": 0.1673307983382117,
    "eval_metrics/den_pval_r2_gw": -0.044136925851442424,
    "eval_metrics/den_pval_spearman_gw": 0.2219647445605539,
    "eval_metrics/imp_count_r2_gw": -0.06313507339178705,
    "eval_metrics/imp_pval_pearson_gw": 0.18736636473072898,
    "eval_metrics/imp_pval_r2_1obs": -34.491737984526964,
    "eval_metrics/imp_count_spearman_gw": -0.008019522038900795,
    "eval_metrics/imp_pval_spearman_dsf1": 0.17328641187939597,
    "eval_metrics/den_count_r2_gw": -0.10745074753519403,
    "eval_metrics/imp_pval_pearson_dsf1": 0.18736636473072898,
    "eval_metrics/den_count_pearson_gw": 0.11672079528828985,
    "eval_metrics/den_pval_spearman_1obs": 0.058144349563872794,
    "eval_metrics/den_peak_auroc_gw": 0.5219200122878148,
    "eval_losses/total_loss": 5.278387906912126,
    "eval_losses/count_obs_loss": 1.2210072059380381,
    "eval_losses/count_imp_loss": 1.977541372889564,
    "eval_losses/pval_obs_loss": 0.5148615115567258,
    "eval_losses/pval_imp_loss": 0.8408078508717673,
    "eval_losses/peak_obs_loss": 0.6567689329385757,
    "eval_losses/peak_imp_loss": 0.6628733078638712
  }
}
{
  "epoch": 44,
  "training_metadata_probes": {
    "training_metadata_probes/depth_count_ratio": 1.005780577659607,
    "training_metadata_probes/runtype_mse": 0.0003104186907876283,
    "training_metadata_probes/readlen_mse": 2.7020381821785122e-05
  }
}
{
  "epoch": 49,
  "eval_prefixed": {
    "eval_metrics/imp_pval_spearman_gw": 0.17340829562653556,
    "eval_metrics/den_count_spearman_gw": 0.10644479066637712,
    "eval_metrics/imp_count_pearson_gw": 0.017342154618947662,
    "eval_metrics/den_pval_spearman_dsf1": 0.23045951322152766,
    "eval_metrics/imp_peak_auroc_gw": 0.5100805331647842,
    "eval_metrics/imp_pval_r2_gw": -0.157540067701773,
    "eval_metrics/den_pval_pearson_gw": 0.26424791966564953,
    "eval_metrics/den_pval_r2_dsf1": -0.03673556048390505,
    "eval_metrics/imp_pval_r2_dsf1": -0.157540067701773,
    "eval_metrics/den_pval_pearson_dsf1": 0.26424791966564953,
    "eval_metrics/den_pval_r2_1obs": -19.160683636045473,
    "eval_metrics/den_pval_pearson_1obs": 0.12442530784851681,
    "eval_metrics/imp_pval_spearman_1obs": 0.1890166390524812,
    "eval_metrics/imp_pval_pearson_1obs": 0.19090871775286303,
    "eval_metrics/den_pval_r2_gw": -0.03673556048390505,
    "eval_metrics/den_pval_spearman_gw": 0.23045951322152766,
    "eval_metrics/imp_count_r2_gw": -0.07734982661171025,
    "eval_metrics/imp_pval_pearson_gw": 0.18877571685210107,
    "eval_metrics/imp_pval_r2_1obs": -21.75629100247154,
    "eval_metrics/imp_count_spearman_gw": -0.012405574656853782,
    "eval_metrics/imp_pval_spearman_dsf1": 0.17340829562653556,
    "eval_metrics/den_count_r2_gw": -0.13431692821769203,
    "eval_metrics/imp_pval_pearson_dsf1": 0.18877571685210107,
    "eval_metrics/den_count_pearson_gw": 0.11729516699223926,
    "eval_metrics/den_pval_spearman_1obs": 0.08854031788829404,
    "eval_metrics/den_peak_auroc_gw": 0.5332103283112789,
    "eval_losses/total_loss": 5.342827290443606,
    "eval_losses/count_obs_loss": 1.2483857509336973,
    "eval_losses/count_imp_loss": 1.9338949237551009,
    "eval_losses/pval_obs_loss": 0.472277469834999,
    "eval_losses/pval_imp_loss": 1.003984914708232,
    "eval_losses/peak_obs_loss": 0.6428132261100569,
    "eval_losses/peak_imp_loss": 0.6562576871069651
  }
}
{
  "epoch": 49,
  "training_metadata_probes": {
    "training_metadata_probes/depth_count_ratio": 1.0055809020996094,
    "training_metadata_probes/runtype_mse": 0.00010549733997322619,
    "training_metadata_probes/readlen_mse": 3.8763071643188596e-05
  }
}
{
  "epoch": 54,
  "eval_prefixed": {
    "eval_metrics/imp_pval_spearman_gw": 0.17217119232865208,
    "eval_metrics/den_count_spearman_gw": 0.11015133556649791,
    "eval_metrics/imp_count_pearson_gw": 0.021582808083159818,
    "eval_metrics/den_pval_spearman_dsf1": 0.23871527890109087,
    "eval_metrics/imp_peak_auroc_gw": 0.527178809471614,
    "eval_metrics/imp_pval_r2_gw": -0.14343523575352102,
    "eval_metrics/den_pval_pearson_gw": 0.2736150662316696,
    "eval_metrics/den_pval_r2_dsf1": -0.015607191446072605,
    "eval_metrics/imp_pval_r2_dsf1": -0.14343523575352102,
    "eval_metrics/den_pval_pearson_dsf1": 0.2736150662316696,
    "eval_metrics/den_pval_r2_1obs": -22.062510888080045,
    "eval_metrics/den_pval_pearson_1obs": 0.12898313368388795,
    "eval_metrics/imp_pval_spearman_1obs": 0.18660627482410766,
    "eval_metrics/imp_pval_pearson_1obs": 0.19657275454688167,
    "eval_metrics/den_pval_r2_gw": -0.015607191446072605,
    "eval_metrics/den_pval_spearman_gw": 0.23871527890109087,
    "eval_metrics/imp_count_r2_gw": -0.06702797444359762,
    "eval_metrics/imp_pval_pearson_gw": 0.19689146429300308,
    "eval_metrics/imp_pval_r2_1obs": -27.69172760415999,
    "eval_metrics/imp_count_spearman_gw": -0.006977754240437354,
    "eval_metrics/imp_pval_spearman_dsf1": 0.17217119232865208,
    "eval_metrics/den_count_r2_gw": -0.12246777958175005,
    "eval_metrics/imp_pval_pearson_dsf1": 0.19689146429300308,
    "eval_metrics/den_count_pearson_gw": 0.1204555205706703,
    "eval_metrics/den_pval_spearman_1obs": 0.08118569046318909,
    "eval_metrics/den_peak_auroc_gw": 0.5315199084395316,
    "eval_losses/total_loss": 5.358193922149153,
    "eval_losses/count_obs_loss": 1.2212698004747693,
    "eval_losses/count_imp_loss": 1.9485450585683186,
    "eval_losses/pval_obs_loss": 0.46919265678489436,
    "eval_losses/pval_imp_loss": 1.0687087904366235,
    "eval_losses/peak_obs_loss": 0.6297506007709002,
    "eval_losses/peak_imp_loss": 0.6476119553285932
  }
}
{
  "epoch": 54,
  "training_metadata_probes": {
    "training_metadata_probes/depth_count_ratio": 1.005803108215332,
    "training_metadata_probes/runtype_mse": 7.19752351869829e-05,
    "training_metadata_probes/readlen_mse": 5.125543975736946e-05
  }
}
{
  "epoch": 59,
  "eval_prefixed": {
    "eval_metrics/imp_pval_spearman_gw": 0.159724346246141,
    "eval_metrics/den_count_spearman_gw": 0.11581851462327283,
    "eval_metrics/imp_count_pearson_gw": 0.021176805562664946,
    "eval_metrics/den_pval_spearman_dsf1": 0.23429006954043244,
    "eval_metrics/imp_peak_auroc_gw": 0.5120337947467327,
    "eval_metrics/imp_pval_r2_gw": -0.15244085432657906,
    "eval_metrics/den_pval_pearson_gw": 0.27588061626240806,
    "eval_metrics/den_pval_r2_dsf1": -0.008896029659740423,
    "eval_metrics/imp_pval_r2_dsf1": -0.15244085432657906,
    "eval_metrics/den_pval_pearson_dsf1": 0.27588061626240806,
    "eval_metrics/den_pval_r2_1obs": -23.652493993490722,
    "eval_metrics/den_pval_pearson_1obs": 0.14455675567181683,
    "eval_metrics/imp_pval_spearman_1obs": 0.18179587908188258,
    "eval_metrics/imp_pval_pearson_1obs": 0.1746325138734565,
    "eval_metrics/den_pval_r2_gw": -0.008896029659740423,
    "eval_metrics/den_pval_spearman_gw": 0.23429006954043244,
    "eval_metrics/imp_count_r2_gw": -0.06621252139564512,
    "eval_metrics/imp_pval_pearson_gw": 0.1849071363962832,
    "eval_metrics/imp_pval_r2_1obs": -24.61109205613973,
    "eval_metrics/imp_count_spearman_gw": -0.005180768259009976,
    "eval_metrics/imp_pval_spearman_dsf1": 0.159724346246141,
    "eval_metrics/den_count_r2_gw": -0.15304571828965025,
    "eval_metrics/imp_pval_pearson_dsf1": 0.1849071363962832,
    "eval_metrics/den_count_pearson_gw": 0.12679059752018043,
    "eval_metrics/den_pval_spearman_1obs": 0.11620771769224027,
    "eval_metrics/den_peak_auroc_gw": 0.5324353738941031,
    "eval_losses/total_loss": 4.9881223900991145,
    "eval_losses/count_obs_loss": 1.2357637246972637,
    "eval_losses/count_imp_loss": 1.863373317415752,
    "eval_losses/pval_obs_loss": 0.4547983020801391,
    "eval_losses/pval_imp_loss": 0.7225975984382251,
    "eval_losses/peak_obs_loss": 0.6194733530282974,
    "eval_losses/peak_imp_loss": 0.6447372235476024
  }
}
{
  "epoch": 59,
  "training_metadata_probes": {
    "training_metadata_probes/depth_count_ratio": 1.006045937538147,
    "training_metadata_probes/runtype_mse": 0.00013861377374269068,
    "training_metadata_probes/readlen_mse": 7.429924153257161e-05
  }
}
{
  "epoch": 64,
  "eval_prefixed": {
    "eval_metrics/imp_pval_spearman_gw": 0.1559180608019178,
    "eval_metrics/den_count_spearman_gw": 0.11572020392975194,
    "eval_metrics/imp_count_pearson_gw": 0.02730077611733346,
    "eval_metrics/den_pval_spearman_dsf1": 0.2344338559353563,
    "eval_metrics/imp_peak_auroc_gw": 0.5460935985935784,
    "eval_metrics/imp_pval_r2_gw": -0.13382828140773345,
    "eval_metrics/den_pval_pearson_gw": 0.2769721945629786,
    "eval_metrics/den_pval_r2_dsf1": 0.020586188593459117,
    "eval_metrics/imp_pval_r2_dsf1": -0.13382828140773345,
    "eval_metrics/den_pval_pearson_dsf1": 0.2769721945629786,
    "eval_metrics/den_pval_r2_1obs": -22.621638961967083,
    "eval_metrics/den_pval_pearson_1obs": 0.16116583160213563,
    "eval_metrics/imp_pval_spearman_1obs": 0.20310796141461826,
    "eval_metrics/imp_pval_pearson_1obs": 0.18723899075791003,
    "eval_metrics/den_pval_r2_gw": 0.020586188593459117,
    "eval_metrics/den_pval_spearman_gw": 0.2344338559353563,
    "eval_metrics/imp_count_r2_gw": -0.05295420956281429,
    "eval_metrics/imp_pval_pearson_gw": 0.20842455747345137,
    "eval_metrics/imp_pval_r2_1obs": -25.19598553308337,
    "eval_metrics/imp_count_spearman_gw": 0.00157121412279211,
    "eval_metrics/imp_pval_spearman_dsf1": 0.1559180608019178,
    "eval_metrics/den_count_r2_gw": -0.14645973041317284,
    "eval_metrics/imp_pval_pearson_dsf1": 0.20842455747345137,
    "eval_metrics/den_count_pearson_gw": 0.12781525297874682,
    "eval_metrics/den_pval_spearman_1obs": 0.12210630604111787,
    "eval_metrics/den_peak_auroc_gw": 0.5424202464436004,
    "eval_losses/total_loss": 5.0702570473275905,
    "eval_losses/count_obs_loss": 1.2761387252493908,
    "eval_losses/count_imp_loss": 1.8918684172251867,
    "eval_losses/pval_obs_loss": 0.42549446836806293,
    "eval_losses/pval_imp_loss": 0.8019246210654577,
    "eval_losses/peak_obs_loss": 0.6076686648946059,
    "eval_losses/peak_imp_loss": 0.6368830625026946
  }
}
{
  "epoch": 64,
  "training_metadata_probes": {
    "training_metadata_probes/depth_count_ratio": 1.0067249536514282,
    "training_metadata_probes/runtype_mse": 0.00016820205200929195,
    "training_metadata_probes/readlen_mse": 8.873153274180368e-05
  }
}
{
  "epoch": 69,
  "eval_prefixed": {
    "eval_metrics/imp_pval_spearman_gw": 0.14905559755584927,
    "eval_metrics/den_count_spearman_gw": 0.11684174169364367,
    "eval_metrics/imp_count_pearson_gw": 0.028709788949945792,
    "eval_metrics/den_pval_spearman_dsf1": 0.23229710813143417,
    "eval_metrics/imp_peak_auroc_gw": 0.5217671747432799,
    "eval_metrics/imp_pval_r2_gw": -0.2031946934737665,
    "eval_metrics/den_pval_pearson_gw": 0.2777826102254422,
    "eval_metrics/den_pval_r2_dsf1": 0.017268409452152286,
    "eval_metrics/imp_pval_r2_dsf1": -0.2031946934737665,
    "eval_metrics/den_pval_pearson_dsf1": 0.2777826102254422,
    "eval_metrics/den_pval_r2_1obs": -22.866762727818017,
    "eval_metrics/den_pval_pearson_1obs": 0.1475008942782695,
    "eval_metrics/imp_pval_spearman_1obs": 0.22180307076580993,
    "eval_metrics/imp_pval_pearson_1obs": 0.20204461970558715,
    "eval_metrics/den_pval_r2_gw": 0.017268409452152286,
    "eval_metrics/den_pval_spearman_gw": 0.23229710813143417,
    "eval_metrics/imp_count_r2_gw": -0.06627443717655976,
    "eval_metrics/imp_pval_pearson_gw": 0.17815748256232058,
    "eval_metrics/imp_pval_r2_1obs": -21.399283675865874,
    "eval_metrics/imp_count_spearman_gw": 0.006379532595705307,
    "eval_metrics/imp_pval_spearman_dsf1": 0.14905559755584927,
    "eval_metrics/den_count_r2_gw": -0.1254398086051011,
    "eval_metrics/imp_pval_pearson_dsf1": 0.17815748256232058,
    "eval_metrics/den_count_pearson_gw": 0.13459205563719334,
    "eval_metrics/den_pval_spearman_1obs": 0.1178672575871203,
    "eval_metrics/den_peak_auroc_gw": 0.5350533770040391,
    "eval_losses/total_loss": 5.211908021549645,
    "eval_losses/count_obs_loss": 1.2673018700198124,
    "eval_losses/count_imp_loss": 1.84052931978589,
    "eval_losses/pval_obs_loss": 0.42647433496619525,
    "eval_losses/pval_imp_loss": 1.0543339681767283,
    "eval_losses/peak_obs_loss": 0.5968311397652877,
    "eval_losses/peak_imp_loss": 0.6292454650004705
  }
}
{
  "epoch": 69,
  "training_metadata_probes": {
    "training_metadata_probes/depth_count_ratio": 1.0068386793136597,
    "training_metadata_probes/runtype_mse": 0.00025079099577851593,
    "training_metadata_probes/readlen_mse": 0.00015412160428240895
  }
}
{
  "epoch": 74,
  "eval_prefixed": {
    "eval_metrics/imp_pval_spearman_gw": 0.1569388076518249,
    "eval_metrics/den_count_spearman_gw": 0.12237356456581931,
    "eval_metrics/imp_count_pearson_gw": 0.031252701681787294,
    "eval_metrics/den_pval_spearman_dsf1": 0.24271524248215687,
    "eval_metrics/imp_peak_auroc_gw": 0.5351480290759036,
    "eval_metrics/imp_pval_r2_gw": -0.14988337129961402,
    "eval_metrics/den_pval_pearson_gw": 0.27881631611748353,
    "eval_metrics/den_pval_r2_dsf1": 0.03182948427784524,
    "eval_metrics/imp_pval_r2_dsf1": -0.14988337129961402,
    "eval_metrics/den_pval_pearson_dsf1": 0.27881631611748353,
    "eval_metrics/den_pval_r2_1obs": -26.16433814180125,
    "eval_metrics/den_pval_pearson_1obs": 0.1596318691569506,
    "eval_metrics/imp_pval_spearman_1obs": 0.1676325393103459,
    "eval_metrics/imp_pval_pearson_1obs": 0.15527118756417332,
    "eval_metrics/den_pval_r2_gw": 0.03182948427784524,
    "eval_metrics/den_pval_spearman_gw": 0.24271524248215687,
    "eval_metrics/imp_count_r2_gw": -0.04911675904652767,
    "eval_metrics/imp_pval_pearson_gw": 0.20583202796322958,
    "eval_metrics/imp_pval_r2_1obs": -24.211274549961683,
    "eval_metrics/imp_count_spearman_gw": 0.004869109060436469,
    "eval_metrics/imp_pval_spearman_dsf1": 0.1569388076518249,
    "eval_metrics/den_count_r2_gw": -0.1371515263544208,
    "eval_metrics/imp_pval_pearson_dsf1": 0.20583202796322958,
    "eval_metrics/den_count_pearson_gw": 0.14170573318475171,
    "eval_metrics/den_pval_spearman_1obs": 0.13844366419705204,
    "eval_metrics/den_peak_auroc_gw": 0.5381425136438357,
    "eval_losses/total_loss": 5.310194596403131,
    "eval_losses/count_obs_loss": 1.2954256824756925,
    "eval_losses/count_imp_loss": 1.8564251888365972,
    "eval_losses/pval_obs_loss": 0.38903309272504166,
    "eval_losses/pval_imp_loss": 1.191856392200977,
    "eval_losses/peak_obs_loss": 0.5835207269379967,
    "eval_losses/peak_imp_loss": 0.6216921834718614
  }
}
{
  "epoch": 74,
  "training_metadata_probes": {
    "training_metadata_probes/depth_count_ratio": 1.0072600841522217,
    "training_metadata_probes/runtype_mse": 0.00030826928559690714,
    "training_metadata_probes/readlen_mse": 0.00023494678316637874
  }
}
{
  "epoch": 79,
  "eval_prefixed": {
    "eval_metrics/imp_pval_spearman_gw": 0.1746010428392736,
    "eval_metrics/den_count_spearman_gw": 0.12427031782061489,
    "eval_metrics/imp_count_pearson_gw": 0.021909918547386213,
    "eval_metrics/den_pval_spearman_dsf1": 0.24549692754510244,
    "eval_metrics/imp_peak_auroc_gw": 0.5440335112494247,
    "eval_metrics/imp_pval_r2_gw": -0.16237899800154248,
    "eval_metrics/den_pval_pearson_gw": 0.282851551598134,
    "eval_metrics/den_pval_r2_dsf1": 0.020045306740241724,
    "eval_metrics/imp_pval_r2_dsf1": -0.16237899800154248,
    "eval_metrics/den_pval_pearson_dsf1": 0.282851551598134,
    "eval_metrics/den_pval_r2_1obs": -25.0435896279543,
    "eval_metrics/den_pval_pearson_1obs": 0.15005639101084517,
    "eval_metrics/imp_pval_spearman_1obs": 0.18215397137552292,
    "eval_metrics/imp_pval_pearson_1obs": 0.1618316294606923,
    "eval_metrics/den_pval_r2_gw": 0.020045306740241724,
    "eval_metrics/den_pval_spearman_gw": 0.24549692754510244,
    "eval_metrics/imp_count_r2_gw": -0.06208216064635926,
    "eval_metrics/imp_pval_pearson_gw": 0.18803656908373037,
    "eval_metrics/imp_pval_r2_1obs": -29.864535415011662,
    "eval_metrics/imp_count_spearman_gw": 0.004403748926872912,
    "eval_metrics/imp_pval_spearman_dsf1": 0.1746010428392736,
    "eval_metrics/den_count_r2_gw": -0.1172793848376225,
    "eval_metrics/imp_pval_pearson_dsf1": 0.18803656908373037,
    "eval_metrics/den_count_pearson_gw": 0.14481715642307935,
    "eval_metrics/den_pval_spearman_1obs": 0.13903532885059472,
    "eval_metrics/den_peak_auroc_gw": 0.5417802267302955,
    "eval_losses/total_loss": 5.388377820784961,
    "eval_losses/count_obs_loss": 1.2272557945627915,
    "eval_losses/count_imp_loss": 1.8726385595306518,
    "eval_losses/pval_obs_loss": 0.3657850735931118,
    "eval_losses/pval_imp_loss": 1.4032143627603848,
    "eval_losses/peak_obs_loss": 0.5722358603226511,
    "eval_losses/peak_imp_loss": 0.6123325223960574
  }
}
{
  "epoch": 79,
  "training_metadata_probes": {
    "training_metadata_probes/depth_count_ratio": 1.007072925567627,
    "training_metadata_probes/runtype_mse": 0.0003239573270548135,
    "training_metadata_probes/readlen_mse": 0.0003752118500415236
  }
}
{
  "epoch": 84,
  "eval_prefixed": {
    "eval_metrics/imp_pval_spearman_gw": 0.16719560272286216,
    "eval_metrics/den_count_spearman_gw": 0.12336682824752136,
    "eval_metrics/imp_count_pearson_gw": 0.02857362482667206,
    "eval_metrics/den_pval_spearman_dsf1": 0.2480569599190776,
    "eval_metrics/imp_peak_auroc_gw": 0.5223514214810643,
    "eval_metrics/imp_pval_r2_gw": -0.18633005138938324,
    "eval_metrics/den_pval_pearson_gw": 0.2854822742581171,
    "eval_metrics/den_pval_r2_dsf1": 0.03814532708141607,
    "eval_metrics/imp_pval_r2_dsf1": -0.18633005138938324,
    "eval_metrics/den_pval_pearson_dsf1": 0.2854822742581171,
    "eval_metrics/den_pval_r2_1obs": -21.01662170545102,
    "eval_metrics/den_pval_pearson_1obs": 0.12622436901897585,
    "eval_metrics/imp_pval_spearman_1obs": 0.1758558379211883,
    "eval_metrics/imp_pval_pearson_1obs": 0.1417429148337789,
    "eval_metrics/den_pval_r2_gw": 0.03814532708141607,
    "eval_metrics/den_pval_spearman_gw": 0.2480569599190776,
    "eval_metrics/imp_count_r2_gw": -0.05540196594098136,
    "eval_metrics/imp_pval_pearson_gw": 0.18389336738942397,
    "eval_metrics/imp_pval_r2_1obs": -30.338480231931882,
    "eval_metrics/imp_count_spearman_gw": 0.014617892241552001,
    "eval_metrics/imp_pval_spearman_dsf1": 0.16719560272286216,
    "eval_metrics/den_count_r2_gw": -0.09471654499461261,
    "eval_metrics/imp_pval_pearson_dsf1": 0.18389336738942397,
    "eval_metrics/den_count_pearson_gw": 0.1476298793170013,
    "eval_metrics/den_pval_spearman_1obs": 0.10577022345050648,
    "eval_metrics/den_peak_auroc_gw": 0.5325337981038103,
    "eval_losses/total_loss": 5.740496897227499,
    "eval_losses/count_obs_loss": 1.1890000944074832,
    "eval_losses/count_imp_loss": 1.825565522625333,
    "eval_losses/pval_obs_loss": 0.36269309849931713,
    "eval_losses/pval_imp_loss": 1.9438436541795021,
    "eval_losses/peak_obs_loss": 0.5629822862775702,
    "eval_losses/peak_imp_loss": 0.6045976132154465
  }
}
{
  "epoch": 84,
  "training_metadata_probes": {
    "training_metadata_probes/depth_count_ratio": 1.007022500038147,
    "training_metadata_probes/runtype_mse": 0.00037304393481463194,
    "training_metadata_probes/readlen_mse": 0.0004041430074721575
  }
}
{
  "epoch": 89,
  "eval_prefixed": {
    "eval_metrics/imp_pval_spearman_gw": 0.19459940442676082,
    "eval_metrics/den_count_spearman_gw": 0.1257587168436823,
    "eval_metrics/imp_count_pearson_gw": 0.030921807276114585,
    "eval_metrics/den_pval_spearman_dsf1": 0.2668474988000116,
    "eval_metrics/imp_peak_auroc_gw": 0.533062188246344,
    "eval_metrics/imp_pval_r2_gw": -0.19758870142832904,
    "eval_metrics/den_pval_pearson_gw": 0.2904902751018342,
    "eval_metrics/den_pval_r2_dsf1": 0.03743615409671401,
    "eval_metrics/imp_pval_r2_dsf1": -0.19758870142832904,
    "eval_metrics/den_pval_pearson_dsf1": 0.2904902751018342,
    "eval_metrics/den_pval_r2_1obs": -28.383550142407,
    "eval_metrics/den_pval_pearson_1obs": 0.1832835228828787,
    "eval_metrics/imp_pval_spearman_1obs": 0.21928204600293164,
    "eval_metrics/imp_pval_pearson_1obs": 0.17711179777388536,
    "eval_metrics/den_pval_r2_gw": 0.03743615409671401,
    "eval_metrics/den_pval_spearman_gw": 0.2668474988000116,
    "eval_metrics/imp_count_r2_gw": -0.05181146328296512,
    "eval_metrics/imp_pval_pearson_gw": 0.20150232646200392,
    "eval_metrics/imp_pval_r2_1obs": -27.96628933552281,
    "eval_metrics/imp_count_spearman_gw": 0.011683770993230171,
    "eval_metrics/imp_pval_spearman_dsf1": 0.19459940442676082,
    "eval_metrics/den_count_r2_gw": -0.09534975891736337,
    "eval_metrics/imp_pval_pearson_dsf1": 0.20150232646200392,
    "eval_metrics/den_count_pearson_gw": 0.15091859544382283,
    "eval_metrics/den_pval_spearman_1obs": 0.15154787479125884,
    "eval_metrics/den_peak_auroc_gw": 0.5333699732825494,
    "eval_losses/total_loss": 6.373825243845778,
    "eval_losses/count_obs_loss": 1.2199057175924903,
    "eval_losses/count_imp_loss": 1.8084270481079343,
    "eval_losses/pval_obs_loss": 0.32722494802682806,
    "eval_losses/pval_imp_loss": 2.7562388100084805,
    "eval_losses/peak_obs_loss": 0.5502542500433169,
    "eval_losses/peak_imp_loss": 0.594214537787059
  }
}
{
  "epoch": 89,
  "training_metadata_probes": {
    "training_metadata_probes/depth_count_ratio": 1.0069470405578613,
    "training_metadata_probes/runtype_mse": 0.00043060255120508373,
    "training_metadata_probes/readlen_mse": 0.0003118553722742945
  }
}
{
  "epoch": 94,
  "eval_prefixed": {
    "eval_metrics/imp_pval_spearman_gw": 0.2005488591644244,
    "eval_metrics/den_count_spearman_gw": 0.1286772005214694,
    "eval_metrics/imp_count_pearson_gw": 0.031580176086179794,
    "eval_metrics/den_pval_spearman_dsf1": 0.2781111280189718,
    "eval_metrics/imp_peak_auroc_gw": 0.5205109145117656,
    "eval_metrics/imp_pval_r2_gw": -0.25716949676164597,
    "eval_metrics/den_pval_pearson_gw": 0.2931545875770481,
    "eval_metrics/den_pval_r2_dsf1": 0.032072027266595485,
    "eval_metrics/imp_pval_r2_dsf1": -0.25716949676164597,
    "eval_metrics/den_pval_pearson_dsf1": 0.2931545875770481,
    "eval_metrics/den_pval_r2_1obs": -24.056232548216588,
    "eval_metrics/den_pval_pearson_1obs": 0.13405721286605848,
    "eval_metrics/imp_pval_spearman_1obs": 0.20694562564077623,
    "eval_metrics/imp_pval_pearson_1obs": 0.165433736684333,
    "eval_metrics/den_pval_r2_gw": 0.032072027266595485,
    "eval_metrics/den_pval_spearman_gw": 0.2781111280189718,
    "eval_metrics/imp_count_r2_gw": -0.05194035377750075,
    "eval_metrics/imp_pval_pearson_gw": 0.20213748591523323,
    "eval_metrics/imp_pval_r2_1obs": -22.295084739583466,
    "eval_metrics/imp_count_spearman_gw": 0.009707992927368472,
    "eval_metrics/imp_pval_spearman_dsf1": 0.2005488591644244,
    "eval_metrics/den_count_r2_gw": -0.07504826818847594,
    "eval_metrics/imp_pval_pearson_dsf1": 0.20213748591523323,
    "eval_metrics/den_count_pearson_gw": 0.15118873428161206,
    "eval_metrics/den_pval_spearman_1obs": 0.10627873383906068,
    "eval_metrics/den_peak_auroc_gw": 0.5347850536144172,
    "eval_losses/total_loss": 6.884125673610374,
    "eval_losses/count_obs_loss": 1.2084174109132666,
    "eval_losses/count_imp_loss": 1.7973552525989593,
    "eval_losses/pval_obs_loss": 0.3151256962201411,
    "eval_losses/pval_imp_loss": 3.4318336646944756,
    "eval_losses/peak_obs_loss": 0.5388684241395247,
    "eval_losses/peak_imp_loss": 0.5874821115580816
  }
}
{
  "epoch": 94,
  "training_metadata_probes": {
    "training_metadata_probes/depth_count_ratio": 1.007062315940857,
    "training_metadata_probes/runtype_mse": 0.00040711165638640523,
    "training_metadata_probes/readlen_mse": 0.0002599413273856044
  }
}
{
  "epoch": 99,
  "eval_prefixed": {
    "eval_metrics/imp_pval_spearman_gw": 0.21462241691951733,
    "eval_metrics/den_count_spearman_gw": 0.13194406181743257,
    "eval_metrics/imp_count_pearson_gw": 0.03431185648318321,
    "eval_metrics/den_pval_spearman_dsf1": 0.28473353050815237,
    "eval_metrics/imp_peak_auroc_gw": 0.5574218638579577,
    "eval_metrics/imp_pval_r2_gw": -0.23197675368968967,
    "eval_metrics/den_pval_pearson_gw": 0.2945138465024923,
    "eval_metrics/den_pval_r2_dsf1": 0.03753976671313793,
    "eval_metrics/imp_pval_r2_dsf1": -0.23197675368968967,
    "eval_metrics/den_pval_pearson_dsf1": 0.2945138465024923,
    "eval_metrics/den_pval_r2_1obs": -19.261108109347703,
    "eval_metrics/den_pval_pearson_1obs": 0.14633275124115722,
    "eval_metrics/imp_pval_spearman_1obs": 0.22974592438721717,
    "eval_metrics/imp_pval_pearson_1obs": 0.19907233213251901,
    "eval_metrics/den_pval_r2_gw": 0.03753976671313793,
    "eval_metrics/den_pval_spearman_gw": 0.28473353050815237,
    "eval_metrics/imp_count_r2_gw": -0.054789892936584456,
    "eval_metrics/imp_pval_pearson_gw": 0.1992075473424934,
    "eval_metrics/imp_pval_r2_1obs": -25.440166098334494,
    "eval_metrics/imp_count_spearman_gw": 0.007610703001261391,
    "eval_metrics/imp_pval_spearman_dsf1": 0.21462241691951733,
    "eval_metrics/den_count_r2_gw": -0.08295422629227434,
    "eval_metrics/imp_pval_pearson_dsf1": 0.1992075473424934,
    "eval_metrics/den_count_pearson_gw": 0.15875660706507533,
    "eval_metrics/den_pval_spearman_1obs": 0.1211530794260273,
    "eval_metrics/den_peak_auroc_gw": 0.5233313808261897,
    "eval_losses/total_loss": 7.32178030960801,
    "eval_losses/count_obs_loss": 1.172605416492412,
    "eval_losses/count_imp_loss": 1.778546879215846,
    "eval_losses/pval_obs_loss": 0.28033585303561076,
    "eval_losses/pval_imp_loss": 4.087280304984204,
    "eval_losses/peak_obs_loss": 0.529628505047999,
    "eval_losses/peak_imp_loss": 0.5751252072671104
  }
}
{
  "epoch": 99,
  "training_metadata_probes": {
    "training_metadata_probes/depth_count_ratio": 1.0074712038040161,
    "training_metadata_probes/runtype_mse": 0.0003455054247751832,
    "training_metadata_probes/readlen_mse": 0.00021553190890699625
  }
}
{
  "epoch": 104,
  "eval_prefixed": {
    "eval_metrics/imp_pval_spearman_gw": 0.2266695587234254,
    "eval_metrics/den_count_spearman_gw": 0.13672082002866662,
    "eval_metrics/imp_count_pearson_gw": 0.04279035876785952,
    "eval_metrics/den_pval_spearman_dsf1": 0.29188349009612286,
    "eval_metrics/imp_peak_auroc_gw": 0.5337689905207367,
    "eval_metrics/imp_pval_r2_gw": -0.17383193280107787,
    "eval_metrics/den_pval_pearson_gw": 0.2969015585258603,
    "eval_metrics/den_pval_r2_dsf1": 0.03212920419224828,
    "eval_metrics/imp_pval_r2_dsf1": -0.17383193280107787,
    "eval_metrics/den_pval_pearson_dsf1": 0.2969015585258603,
    "eval_metrics/den_pval_r2_1obs": -27.11090816567322,
    "eval_metrics/den_pval_pearson_1obs": 0.13426134068561768,
    "eval_metrics/imp_pval_spearman_1obs": 0.19493372517015012,
    "eval_metrics/imp_pval_pearson_1obs": 0.15844092187693432,
    "eval_metrics/den_pval_r2_gw": 0.03212920419224828,
    "eval_metrics/den_pval_spearman_gw": 0.29188349009612286,
    "eval_metrics/imp_count_r2_gw": -0.04966709092264753,
    "eval_metrics/imp_pval_pearson_gw": 0.21619037861034038,
    "eval_metrics/imp_pval_r2_1obs": -36.04682803489594,
    "eval_metrics/imp_count_spearman_gw": 0.00829306643607256,
    "eval_metrics/imp_pval_spearman_dsf1": 0.2266695587234254,
    "eval_metrics/den_count_r2_gw": -0.07969638149088373,
    "eval_metrics/imp_pval_pearson_dsf1": 0.21619037861034038,
    "eval_metrics/den_count_pearson_gw": 0.16931519186810443,
    "eval_metrics/den_pval_spearman_1obs": 0.11568731595282242,
    "eval_metrics/den_peak_auroc_gw": 0.5351437614938666,
    "eval_losses/total_loss": 7.889716608360973,
    "eval_losses/count_obs_loss": 1.2538399774777262,
    "eval_losses/count_imp_loss": 1.8143715442173065,
    "eval_losses/pval_obs_loss": 0.29926667434445237,
    "eval_losses/pval_imp_loss": 4.634851229303177,
    "eval_losses/peak_obs_loss": 0.5187583918634214,
    "eval_losses/peak_imp_loss": 0.5691378441831422
  }
}
{
  "epoch": 104,
  "training_metadata_probes": {
    "training_metadata_probes/depth_count_ratio": 1.007351040840149,
    "training_metadata_probes/runtype_mse": 0.0003638399357441813,
    "training_metadata_probes/readlen_mse": 0.00023935003264341503
  }
}
{
  "epoch": 109,
  "eval_prefixed": {
    "eval_metrics/imp_pval_spearman_gw": 0.23352745932982602,
    "eval_metrics/den_count_spearman_gw": 0.13678476804947654,
    "eval_metrics/imp_count_pearson_gw": 0.0410999542190915,
    "eval_metrics/den_pval_spearman_dsf1": 0.2988816184086137,
    "eval_metrics/imp_peak_auroc_gw": 0.5431499645495937,
    "eval_metrics/imp_pval_r2_gw": -0.1975066854877662,
    "eval_metrics/den_pval_pearson_gw": 0.3065354422126946,
    "eval_metrics/den_pval_r2_dsf1": 0.03528472003402855,
    "eval_metrics/imp_pval_r2_dsf1": -0.1975066854877662,
    "eval_metrics/den_pval_pearson_dsf1": 0.3065354422126946,
    "eval_metrics/den_pval_r2_1obs": -23.573134062466238,
    "eval_metrics/den_pval_pearson_1obs": 0.14483844784186467,
    "eval_metrics/imp_pval_spearman_1obs": 0.16266478387613156,
    "eval_metrics/imp_pval_pearson_1obs": 0.14175961367667667,
    "eval_metrics/den_pval_r2_gw": 0.03528472003402855,
    "eval_metrics/den_pval_spearman_gw": 0.2988816184086137,
    "eval_metrics/imp_count_r2_gw": -0.04548674462065134,
    "eval_metrics/imp_pval_pearson_gw": 0.20596481191497001,
    "eval_metrics/imp_pval_r2_1obs": -33.81805367060043,
    "eval_metrics/imp_count_spearman_gw": 0.007462886720589806,
    "eval_metrics/imp_pval_spearman_dsf1": 0.23352745932982602,
    "eval_metrics/den_count_r2_gw": -0.08185483338476976,
    "eval_metrics/imp_pval_pearson_dsf1": 0.20596481191497001,
    "eval_metrics/den_count_pearson_gw": 0.16618222405055635,
    "eval_metrics/den_pval_spearman_1obs": 0.1263914243532851,
    "eval_metrics/den_peak_auroc_gw": 0.540442559688047,
    "eval_losses/total_loss": 7.835831449930801,
    "eval_losses/count_obs_loss": 1.1973007266458713,
    "eval_losses/count_imp_loss": 1.8219394059408278,
    "eval_losses/pval_obs_loss": 0.25637028280547575,
    "eval_losses/pval_imp_loss": 4.70686400788171,
    "eval_losses/peak_obs_loss": 0.5067864503515395,
    "eval_losses/peak_imp_loss": 0.5589493361730424
  }
}
{
  "epoch": 109,
  "training_metadata_probes": {
    "training_metadata_probes/depth_count_ratio": 1.0073871612548828,
    "training_metadata_probes/runtype_mse": 0.000393473805161193,
    "training_metadata_probes/readlen_mse": 0.0002427121071377769
  }
}
{
  "epoch": 114,
  "eval_prefixed": {
    "eval_metrics/imp_pval_spearman_gw": 0.2402499346524874,
    "eval_metrics/den_count_spearman_gw": 0.13913047283335958,
    "eval_metrics/imp_count_pearson_gw": 0.051887855584186224,
    "eval_metrics/den_pval_spearman_dsf1": 0.29928080852072225,
    "eval_metrics/imp_peak_auroc_gw": 0.5458541580833431,
    "eval_metrics/imp_pval_r2_gw": -0.212794108060759,
    "eval_metrics/den_pval_pearson_gw": 0.30484227887599874,
    "eval_metrics/den_pval_r2_dsf1": 0.04360563753171584,
    "eval_metrics/imp_pval_r2_dsf1": -0.212794108060759,
    "eval_metrics/den_pval_pearson_dsf1": 0.30484227887599874,
    "eval_metrics/den_pval_r2_1obs": -27.104295557006385,
    "eval_metrics/den_pval_pearson_1obs": 0.1486067272612433,
    "eval_metrics/imp_pval_spearman_1obs": 0.19363258569497882,
    "eval_metrics/imp_pval_pearson_1obs": 0.15819794340576562,
    "eval_metrics/den_pval_r2_gw": 0.04360563753171584,
    "eval_metrics/den_pval_spearman_gw": 0.29928080852072225,
    "eval_metrics/imp_count_r2_gw": -0.03626252299165231,
    "eval_metrics/imp_pval_pearson_gw": 0.22135370620895947,
    "eval_metrics/imp_pval_r2_1obs": -28.346548068139423,
    "eval_metrics/imp_count_spearman_gw": 0.016710906041363157,
    "eval_metrics/imp_pval_spearman_dsf1": 0.2402499346524874,
    "eval_metrics/den_count_r2_gw": -0.07087396963696733,
    "eval_metrics/imp_pval_pearson_dsf1": 0.22135370620895947,
    "eval_metrics/den_count_pearson_gw": 0.1713965938573605,
    "eval_metrics/den_pval_spearman_1obs": 0.1221134903960933,
    "eval_metrics/den_peak_auroc_gw": 0.5368390348644763,
    "eval_losses/total_loss": 8.874718739946777,
    "eval_losses/count_obs_loss": 1.2203307089052702,
    "eval_losses/count_imp_loss": 1.759409595103491,
    "eval_losses/pval_obs_loss": 0.23334818106837033,
    "eval_losses/pval_imp_loss": 6.046791628431825,
    "eval_losses/peak_obs_loss": 0.49673253846795934,
    "eval_losses/peak_imp_loss": 0.546931406216962
  }
}
{
  "epoch": 114,
  "training_metadata_probes": {
    "training_metadata_probes/depth_count_ratio": 1.0080357789993286,
    "training_metadata_probes/runtype_mse": 0.00035605826997198164,
    "training_metadata_probes/readlen_mse": 0.0002372917952015996
  }
}
{
  "epoch": 119,
  "eval_prefixed": {
    "eval_metrics/imp_pval_spearman_gw": 0.24390136251722927,
    "eval_metrics/den_count_spearman_gw": 0.1424468243521954,
    "eval_metrics/imp_count_pearson_gw": 0.047751504277426096,
    "eval_metrics/den_pval_spearman_dsf1": 0.2940605266900903,
    "eval_metrics/imp_peak_auroc_gw": 0.5342338302221725,
    "eval_metrics/imp_pval_r2_gw": -0.23584363600921565,
    "eval_metrics/den_pval_pearson_gw": 0.30400581197126914,
    "eval_metrics/den_pval_r2_dsf1": 0.00887293731747426,
    "eval_metrics/imp_pval_r2_dsf1": -0.23584363600921565,
    "eval_metrics/den_pval_pearson_dsf1": 0.30400581197126914,
    "eval_metrics/den_pval_r2_1obs": -19.314074224763033,
    "eval_metrics/den_pval_pearson_1obs": 0.16174522804488478,
    "eval_metrics/imp_pval_spearman_1obs": 0.17508165268630926,
    "eval_metrics/imp_pval_pearson_1obs": 0.1509021989232491,
    "eval_metrics/den_pval_r2_gw": 0.00887293731747426,
    "eval_metrics/den_pval_spearman_gw": 0.2940605266900903,
    "eval_metrics/imp_count_r2_gw": -0.050844243820436424,
    "eval_metrics/imp_pval_pearson_gw": 0.21517419022700143,
    "eval_metrics/imp_pval_r2_1obs": -23.49177362391428,
    "eval_metrics/imp_count_spearman_gw": 0.018561954065683083,
    "eval_metrics/imp_pval_spearman_dsf1": 0.24390136251722927,
    "eval_metrics/den_count_r2_gw": -0.045746792977074714,
    "eval_metrics/imp_pval_pearson_dsf1": 0.21517419022700143,
    "eval_metrics/den_count_pearson_gw": 0.18300446113081356,
    "eval_metrics/den_pval_spearman_1obs": 0.1355853348770287,
    "eval_metrics/den_peak_auroc_gw": 0.5329453140136905,
    "eval_losses/total_loss": 9.462048107843945,
    "eval_losses/count_obs_loss": 1.132598600889507,
    "eval_losses/count_imp_loss": 1.763250332030039,
    "eval_losses/pval_obs_loss": 0.23300253373178603,
    "eval_losses/pval_imp_loss": 6.875647853172961,
    "eval_losses/peak_obs_loss": 0.48877117469122533,
    "eval_losses/peak_imp_loss": 0.5386154765174502
  }
}
{
  "epoch": 119,
  "training_metadata_probes": {
    "training_metadata_probes/depth_count_ratio": 1.0085829496383667,
    "training_metadata_probes/runtype_mse": 0.0003278173680882901,
    "training_metadata_probes/readlen_mse": 0.00021401597768999636
  }
}
{
  "epoch": 124,
  "eval_prefixed": {
    "eval_metrics/imp_pval_spearman_gw": 0.2711254543438305,
    "eval_metrics/den_count_spearman_gw": 0.1453072881612587,
    "eval_metrics/imp_count_pearson_gw": 0.05072563774292431,
    "eval_metrics/den_pval_spearman_dsf1": 0.3089760241760328,
    "eval_metrics/imp_peak_auroc_gw": 0.5491250123997914,
    "eval_metrics/imp_pval_r2_gw": -0.2287334980380814,
    "eval_metrics/den_pval_pearson_gw": 0.30351745092162963,
    "eval_metrics/den_pval_r2_dsf1": 0.026066160742756795,
    "eval_metrics/imp_pval_r2_dsf1": -0.2287334980380814,
    "eval_metrics/den_pval_pearson_dsf1": 0.30351745092162963,
    "eval_metrics/den_pval_r2_1obs": -24.6289444275572,
    "eval_metrics/den_pval_pearson_1obs": 0.1536532819889927,
    "eval_metrics/imp_pval_spearman_1obs": 0.16158405740837267,
    "eval_metrics/imp_pval_pearson_1obs": 0.1320553484838456,
    "eval_metrics/den_pval_r2_gw": 0.026066160742756795,
    "eval_metrics/den_pval_spearman_gw": 0.3089760241760328,
    "eval_metrics/imp_count_r2_gw": -0.04502504441759736,
    "eval_metrics/imp_pval_pearson_gw": 0.20627363741634383,
    "eval_metrics/imp_pval_r2_1obs": -30.986959261787227,
    "eval_metrics/imp_count_spearman_gw": 0.018103478084459473,
    "eval_metrics/imp_pval_spearman_dsf1": 0.2711254543438305,
    "eval_metrics/den_count_r2_gw": -0.087829951447162,
    "eval_metrics/imp_pval_pearson_dsf1": 0.20627363741634383,
    "eval_metrics/den_count_pearson_gw": 0.17304676673129984,
    "eval_metrics/den_pval_spearman_1obs": 0.1401195001515286,
    "eval_metrics/den_peak_auroc_gw": 0.5454824836628224,
    "eval_losses/total_loss": 9.810581922770085,
    "eval_losses/count_obs_loss": 1.1945765739993046,
    "eval_losses/count_imp_loss": 1.7475580487932478,
    "eval_losses/pval_obs_loss": 0.219630164431261,
    "eval_losses/pval_imp_loss": 7.276375706647596,
    "eval_losses/peak_obs_loss": 0.4775523649234521,
    "eval_losses/peak_imp_loss": 0.5289318679817139
  }
}
{
  "epoch": 124,
  "training_metadata_probes": {
    "training_metadata_probes/depth_count_ratio": 1.0092291831970215,
    "training_metadata_probes/runtype_mse": 0.0003017830604221672,
    "training_metadata_probes/readlen_mse": 0.0002021520194830373
  }
}
{
  "epoch": 129,
  "eval_prefixed": {
    "eval_metrics/imp_pval_spearman_gw": 0.2594366725899783,
    "eval_metrics/den_count_spearman_gw": 0.15143211994990102,
    "eval_metrics/imp_count_pearson_gw": 0.05551208537958917,
    "eval_metrics/den_pval_spearman_dsf1": 0.313470112794191,
    "eval_metrics/imp_peak_auroc_gw": 0.5519606551284093,
    "eval_metrics/imp_pval_r2_gw": -0.1901042395480355,
    "eval_metrics/den_pval_pearson_gw": 0.3130149996202243,
    "eval_metrics/den_pval_r2_dsf1": 0.05011212604923107,
    "eval_metrics/imp_pval_r2_dsf1": -0.1901042395480355,
    "eval_metrics/den_pval_pearson_dsf1": 0.3130149996202243,
    "eval_metrics/den_pval_r2_1obs": -19.51757662927733,
    "eval_metrics/den_pval_pearson_1obs": 0.1336163219239097,
    "eval_metrics/imp_pval_spearman_1obs": 0.18323007975762337,
    "eval_metrics/imp_pval_pearson_1obs": 0.15494459419186035,
    "eval_metrics/den_pval_r2_gw": 0.05011212604923107,
    "eval_metrics/den_pval_spearman_gw": 0.313470112794191,
    "eval_metrics/imp_count_r2_gw": -0.03697152175940078,
    "eval_metrics/imp_pval_pearson_gw": 0.22095734052478322,
    "eval_metrics/imp_pval_r2_1obs": -33.840061854539485,
    "eval_metrics/imp_count_spearman_gw": 0.02080401445389704,
    "eval_metrics/imp_pval_spearman_dsf1": 0.2594366725899783,
    "eval_metrics/den_count_r2_gw": -0.04791121743288216,
    "eval_metrics/imp_pval_pearson_dsf1": 0.22095734052478322,
    "eval_metrics/den_count_pearson_gw": 0.1811579316854477,
    "eval_metrics/den_pval_spearman_1obs": 0.10314948501650116,
    "eval_metrics/den_peak_auroc_gw": 0.545084056342548,
    "eval_losses/total_loss": 9.67042189934536,
    "eval_losses/count_obs_loss": 1.1755691421659369,
    "eval_losses/count_imp_loss": 1.7916037989041163,
    "eval_losses/pval_obs_loss": 0.22251417605500473,
    "eval_losses/pval_imp_loss": 7.101156769763856,
    "eval_losses/peak_obs_loss": 0.4705221578478813,
    "eval_losses/peak_imp_loss": 0.5189544816338827
  }
}
{
  "epoch": 129,
  "training_metadata_probes": {
    "training_metadata_probes/depth_count_ratio": 1.0095171928405762,
    "training_metadata_probes/runtype_mse": 0.00033632625127211213,
    "training_metadata_probes/readlen_mse": 0.00019203931151423603
  }
}
{
  "epoch": 134,
  "eval_prefixed": {
    "eval_metrics/imp_pval_spearman_gw": 0.2739087741056051,
    "eval_metrics/den_count_spearman_gw": 0.15150083356333188,
    "eval_metrics/imp_count_pearson_gw": 0.05862929036338178,
    "eval_metrics/den_pval_spearman_dsf1": 0.317794270219453,
    "eval_metrics/imp_peak_auroc_gw": 0.5551149709554488,
    "eval_metrics/imp_pval_r2_gw": -0.2242224141514121,
    "eval_metrics/den_pval_pearson_gw": 0.3131402659376985,
    "eval_metrics/den_pval_r2_dsf1": 0.045613155527048053,
    "eval_metrics/imp_pval_r2_dsf1": -0.2242224141514121,
    "eval_metrics/den_pval_pearson_dsf1": 0.3131402659376985,
    "eval_metrics/den_pval_r2_1obs": -22.094932169856246,
    "eval_metrics/den_pval_pearson_1obs": 0.13464477534044386,
    "eval_metrics/imp_pval_spearman_1obs": 0.18640249948096468,
    "eval_metrics/imp_pval_pearson_1obs": 0.14751905998185513,
    "eval_metrics/den_pval_r2_gw": 0.045613155527048053,
    "eval_metrics/den_pval_spearman_gw": 0.317794270219453,
    "eval_metrics/imp_count_r2_gw": -0.040566167697219276,
    "eval_metrics/imp_pval_pearson_gw": 0.22566274139616224,
    "eval_metrics/imp_pval_r2_1obs": -32.87632426882361,
    "eval_metrics/imp_count_spearman_gw": 0.02710251856409749,
    "eval_metrics/imp_pval_spearman_dsf1": 0.2739087741056051,
    "eval_metrics/den_count_r2_gw": -0.054369879474228056,
    "eval_metrics/imp_pval_pearson_dsf1": 0.22566274139616224,
    "eval_metrics/den_count_pearson_gw": 0.18649168944868602,
    "eval_metrics/den_pval_spearman_1obs": 0.1133939248024376,
    "eval_metrics/den_peak_auroc_gw": 0.5460034654294321,
    "eval_losses/total_loss": 10.495513858910845,
    "eval_losses/count_obs_loss": 1.1549812712167438,
    "eval_losses/count_imp_loss": 1.7722510723840623,
    "eval_losses/pval_obs_loss": 0.2118397528661023,
    "eval_losses/pval_imp_loss": 8.173789752551192,
    "eval_losses/peak_obs_loss": 0.46083513451249974,
    "eval_losses/peak_imp_loss": 0.5104224325882064
  }
}
{
  "epoch": 134,
  "training_metadata_probes": {
    "training_metadata_probes/depth_count_ratio": 1.0100377798080444,
    "training_metadata_probes/runtype_mse": 0.0003167786926496774,
    "training_metadata_probes/readlen_mse": 0.00018293819448444992
  }
}
{
  "epoch": 139,
  "eval_prefixed": {
    "eval_metrics/imp_pval_spearman_gw": 0.2757192320043705,
    "eval_metrics/den_count_spearman_gw": 0.15124197393927508,
    "eval_metrics/imp_count_pearson_gw": 0.05422210480485644,
    "eval_metrics/den_pval_spearman_dsf1": 0.31631836378568157,
    "eval_metrics/imp_peak_auroc_gw": 0.5606399513747852,
    "eval_metrics/imp_pval_r2_gw": -0.27794582138321783,
    "eval_metrics/den_pval_pearson_gw": 0.3102265059163696,
    "eval_metrics/den_pval_r2_dsf1": 0.02904390786450839,
    "eval_metrics/imp_pval_r2_dsf1": -0.27794582138321783,
    "eval_metrics/den_pval_pearson_dsf1": 0.3102265059163696,
    "eval_metrics/den_pval_r2_1obs": -20.029345959252197,
    "eval_metrics/den_pval_pearson_1obs": 0.15539769623405605,
    "eval_metrics/imp_pval_spearman_1obs": 0.1640744001568144,
    "eval_metrics/imp_pval_pearson_1obs": 0.13914828796964324,
    "eval_metrics/den_pval_r2_gw": 0.02904390786450839,
    "eval_metrics/den_pval_spearman_gw": 0.31631836378568157,
    "eval_metrics/imp_count_r2_gw": -0.04178993458296861,
    "eval_metrics/imp_pval_pearson_gw": 0.209741987317564,
    "eval_metrics/imp_pval_r2_1obs": -26.39252468102522,
    "eval_metrics/imp_count_spearman_gw": 0.030585208630878803,
    "eval_metrics/imp_pval_spearman_dsf1": 0.2757192320043705,
    "eval_metrics/den_count_r2_gw": -0.06646786424313253,
    "eval_metrics/imp_pval_pearson_dsf1": 0.209741987317564,
    "eval_metrics/den_count_pearson_gw": 0.18950097934391938,
    "eval_metrics/den_pval_spearman_1obs": 0.13299144198236357,
    "eval_metrics/den_peak_auroc_gw": 0.5391908724998569,
    "eval_losses/total_loss": 11.223334674968532,
    "eval_losses/count_obs_loss": 1.1500520925772817,
    "eval_losses/count_imp_loss": 1.7336418505698916,
    "eval_losses/pval_obs_loss": 0.200396710124455,
    "eval_losses/pval_imp_loss": 9.129727713172398,
    "eval_losses/peak_obs_loss": 0.4525440460757205,
    "eval_losses/peak_imp_loss": 0.5008523218215458
  }
}
{
  "epoch": 139,
  "training_metadata_probes": {
    "training_metadata_probes/depth_count_ratio": 1.01046621799469,
    "training_metadata_probes/runtype_mse": 0.00032158487010747194,
    "training_metadata_probes/readlen_mse": 0.0001664887386141345
  }
}
{
  "epoch": 144,
  "eval_prefixed": {
    "eval_metrics/imp_pval_spearman_gw": 0.27194763168844754,
    "eval_metrics/den_count_spearman_gw": 0.156826104698719,
    "eval_metrics/imp_count_pearson_gw": 0.05482986681754627,
    "eval_metrics/den_pval_spearman_dsf1": 0.31674922018930535,
    "eval_metrics/imp_peak_auroc_gw": 0.5226797780007275,
    "eval_metrics/imp_pval_r2_gw": -0.2679373488070837,
    "eval_metrics/den_pval_pearson_gw": 0.31046433384089095,
    "eval_metrics/den_pval_r2_dsf1": 0.04477099339745402,
    "eval_metrics/imp_pval_r2_dsf1": -0.2679373488070837,
    "eval_metrics/den_pval_pearson_dsf1": 0.31046433384089095,
    "eval_metrics/den_pval_r2_1obs": -23.780956086013735,
    "eval_metrics/den_pval_pearson_1obs": 0.16730326386842584,
    "eval_metrics/imp_pval_spearman_1obs": 0.1907269610091951,
    "eval_metrics/imp_pval_pearson_1obs": 0.1648575213131687,
    "eval_metrics/den_pval_r2_gw": 0.04477099339745402,
    "eval_metrics/den_pval_spearman_gw": 0.31674922018930535,
    "eval_metrics/imp_count_r2_gw": -0.035489092400654836,
    "eval_metrics/imp_pval_pearson_gw": 0.21360893098134842,
    "eval_metrics/imp_pval_r2_1obs": -22.426476975752983,
    "eval_metrics/imp_count_spearman_gw": 0.0336889743460957,
    "eval_metrics/imp_pval_spearman_dsf1": 0.27194763168844754,
    "eval_metrics/den_count_r2_gw": -0.049876006477471445,
    "eval_metrics/imp_pval_pearson_dsf1": 0.21360893098134842,
    "eval_metrics/den_count_pearson_gw": 0.19186611056916023,
    "eval_metrics/den_pval_spearman_1obs": 0.14291237156147324,
    "eval_metrics/den_peak_auroc_gw": 0.5523524246880206,
    "eval_losses/total_loss": 12.636086972044339,
    "eval_losses/count_obs_loss": 1.1593659912285053,
    "eval_losses/count_imp_loss": 1.739186510207161,
    "eval_losses/pval_obs_loss": 0.2257707796218854,
    "eval_losses/pval_imp_loss": 10.801509030665907,
    "eval_losses/peak_obs_loss": 0.4460049534314557,
    "eval_losses/peak_imp_loss": 0.493841583411845
  }
}
{
  "epoch": 144,
  "training_metadata_probes": {
    "training_metadata_probes/depth_count_ratio": 1.0109041929244995,
    "training_metadata_probes/runtype_mse": 0.00029277586145326495,
    "training_metadata_probes/readlen_mse": 0.00015952149988152087
  }
}
{
  "epoch": 149,
  "eval_prefixed": {
    "eval_metrics/imp_pval_spearman_gw": 0.29012772639374296,
    "eval_metrics/den_count_spearman_gw": 0.15631100747248028,
    "eval_metrics/imp_count_pearson_gw": 0.058925367063946195,
    "eval_metrics/den_pval_spearman_dsf1": 0.3215222582532433,
    "eval_metrics/imp_peak_auroc_gw": 0.5427971459242498,
    "eval_metrics/imp_pval_r2_gw": -0.24015741380340455,
    "eval_metrics/den_pval_pearson_gw": 0.3234703510411476,
    "eval_metrics/den_pval_r2_dsf1": 0.05288993391089195,
    "eval_metrics/imp_pval_r2_dsf1": -0.24015741380340455,
    "eval_metrics/den_pval_pearson_dsf1": 0.3234703510411476,
    "eval_metrics/den_pval_r2_1obs": -20.27790141039471,
    "eval_metrics/den_pval_pearson_1obs": 0.1587119360598368,
    "eval_metrics/imp_pval_spearman_1obs": 0.2071859683378017,
    "eval_metrics/imp_pval_pearson_1obs": 0.17369204130585467,
    "eval_metrics/den_pval_r2_gw": 0.05288993391089195,
    "eval_metrics/den_pval_spearman_gw": 0.3215222582532433,
    "eval_metrics/imp_count_r2_gw": -0.04082800030731119,
    "eval_metrics/imp_pval_pearson_gw": 0.2222391330297031,
    "eval_metrics/imp_pval_r2_1obs": -21.30303134623512,
    "eval_metrics/imp_count_spearman_gw": 0.03966244100406722,
    "eval_metrics/imp_pval_spearman_dsf1": 0.29012772639374296,
    "eval_metrics/den_count_r2_gw": -0.05183125482549007,
    "eval_metrics/imp_pval_pearson_dsf1": 0.2222391330297031,
    "eval_metrics/den_count_pearson_gw": 0.18458877293098913,
    "eval_metrics/den_pval_spearman_1obs": 0.1409961588517724,
    "eval_metrics/den_peak_auroc_gw": 0.5495224340844673,
    "eval_losses/total_loss": 10.738794859687149,
    "eval_losses/count_obs_loss": 1.151947474793384,
    "eval_losses/count_imp_loss": 1.7219691371160841,
    "eval_losses/pval_obs_loss": 0.18537908507431367,
    "eval_losses/pval_imp_loss": 8.60288264614249,
    "eval_losses/peak_obs_loss": 0.43932195125441803,
    "eval_losses/peak_imp_loss": 0.48662635151829037
  }
}
{
  "epoch": 149,
  "training_metadata_probes": {
    "training_metadata_probes/depth_count_ratio": 1.0113619565963745,
    "training_metadata_probes/runtype_mse": 0.0002963367151096463,
    "training_metadata_probes/readlen_mse": 0.0001608372404007241
  }
}
{
  "epoch": 154,
  "eval_prefixed": {
    "eval_metrics/imp_pval_spearman_gw": 0.2783909432695923,
    "eval_metrics/den_count_spearman_gw": 0.1559709202298437,
    "eval_metrics/imp_count_pearson_gw": 0.060944388014456584,
    "eval_metrics/den_pval_spearman_dsf1": 0.32694921278757916,
    "eval_metrics/imp_peak_auroc_gw": 0.5447674517118598,
    "eval_metrics/imp_pval_r2_gw": -0.22385663953335927,
    "eval_metrics/den_pval_pearson_gw": 0.3224227674501507,
    "eval_metrics/den_pval_r2_dsf1": 0.05241048341321306,
    "eval_metrics/imp_pval_r2_dsf1": -0.22385663953335927,
    "eval_metrics/den_pval_pearson_dsf1": 0.3224227674501507,
    "eval_metrics/den_pval_r2_1obs": -25.03560143290241,
    "eval_metrics/den_pval_pearson_1obs": 0.15712183095379978,
    "eval_metrics/imp_pval_spearman_1obs": 0.20250902700493065,
    "eval_metrics/imp_pval_pearson_1obs": 0.1685790655920134,
    "eval_metrics/den_pval_r2_gw": 0.05241048341321306,
    "eval_metrics/den_pval_spearman_gw": 0.32694921278757916,
    "eval_metrics/imp_count_r2_gw": -0.03937316300002938,
    "eval_metrics/imp_pval_pearson_gw": 0.2295875965602814,
    "eval_metrics/imp_pval_r2_1obs": -20.087933563863302,
    "eval_metrics/imp_count_spearman_gw": 0.03787479731105008,
    "eval_metrics/imp_pval_spearman_dsf1": 0.2783909432695923,
    "eval_metrics/den_count_r2_gw": -0.030476774285890948,
    "eval_metrics/imp_pval_pearson_dsf1": 0.2295875965602814,
    "eval_metrics/den_count_pearson_gw": 0.19498043203432308,
    "eval_metrics/den_pval_spearman_1obs": 0.1223284639027785,
    "eval_metrics/den_peak_auroc_gw": 0.5510940688830508,
    "eval_losses/total_loss": 12.974963434261122,
    "eval_losses/count_obs_loss": 1.1593931732993377,
    "eval_losses/count_imp_loss": 1.7408097641808646,
    "eval_losses/pval_obs_loss": 0.222712708269491,
    "eval_losses/pval_imp_loss": 11.241154625184006,
    "eval_losses/peak_obs_loss": 0.4334537688838808,
    "eval_losses/peak_imp_loss": 0.48017350856273894
  }
}
{
  "epoch": 154,
  "training_metadata_probes": {
    "training_metadata_probes/depth_count_ratio": 1.0117686986923218,
    "training_metadata_probes/runtype_mse": 0.00030789547599852085,
    "training_metadata_probes/readlen_mse": 0.00014906424621585757
  }
}
{
  "epoch": 159,
  "eval_prefixed": {
    "eval_metrics/imp_pval_spearman_gw": 0.30113816850739467,
    "eval_metrics/den_count_spearman_gw": 0.15831642816416625,
    "eval_metrics/imp_count_pearson_gw": 0.060864326558888904,
    "eval_metrics/den_pval_spearman_dsf1": 0.33158023941320164,
    "eval_metrics/imp_peak_auroc_gw": 0.5603655369606952,
    "eval_metrics/imp_pval_r2_gw": -0.2690746231621865,
    "eval_metrics/den_pval_pearson_gw": 0.32153300597871604,
    "eval_metrics/den_pval_r2_dsf1": 0.05073866674887428,
    "eval_metrics/imp_pval_r2_dsf1": -0.2690746231621865,
    "eval_metrics/den_pval_pearson_dsf1": 0.32153300597871604,
    "eval_metrics/den_pval_r2_1obs": -28.716349122242868,
    "eval_metrics/den_pval_pearson_1obs": 0.1502168497490378,
    "eval_metrics/imp_pval_spearman_1obs": 0.16766191498575117,
    "eval_metrics/imp_pval_pearson_1obs": 0.13495834704695475,
    "eval_metrics/den_pval_r2_gw": 0.05073866674887428,
    "eval_metrics/den_pval_spearman_gw": 0.33158023941320164,
    "eval_metrics/imp_count_r2_gw": -0.04122299725734115,
    "eval_metrics/imp_pval_pearson_gw": 0.2225325276690816,
    "eval_metrics/imp_pval_r2_1obs": -28.09288615378421,
    "eval_metrics/imp_count_spearman_gw": 0.04522949827935129,
    "eval_metrics/imp_pval_spearman_dsf1": 0.30113816850739467,
    "eval_metrics/den_count_r2_gw": -0.039890600163614065,
    "eval_metrics/imp_pval_pearson_dsf1": 0.2225325276690816,
    "eval_metrics/den_count_pearson_gw": 0.1903340623370911,
    "eval_metrics/den_pval_spearman_1obs": 0.1149821956966182,
    "eval_metrics/den_peak_auroc_gw": 0.5493625901216224,
    "eval_losses/total_loss": 10.80417668831069,
    "eval_losses/count_obs_loss": 1.2172582580855018,
    "eval_losses/count_imp_loss": 1.7579402100472223,
    "eval_losses/pval_obs_loss": 0.20907216981715082,
    "eval_losses/pval_imp_loss": 8.566091742662211,
    "eval_losses/peak_obs_loss": 0.42811361935577896,
    "eval_losses/peak_imp_loss": 0.47247091586154605
  }
}
{
  "epoch": 159,
  "training_metadata_probes": {
    "training_metadata_probes/depth_count_ratio": 1.012044906616211,
    "training_metadata_probes/runtype_mse": 0.00028719694819301367,
    "training_metadata_probes/readlen_mse": 0.0001416040031472221
  }
}
{
  "epoch": 164,
  "eval_prefixed": {
    "eval_metrics/imp_pval_spearman_gw": 0.2965993521058768,
    "eval_metrics/den_count_spearman_gw": 0.1575050955210555,
    "eval_metrics/imp_count_pearson_gw": 0.06057639659515449,
    "eval_metrics/den_pval_spearman_dsf1": 0.3295715149895681,
    "eval_metrics/imp_peak_auroc_gw": 0.5635417971828747,
    "eval_metrics/imp_pval_r2_gw": -0.1842731224309811,
    "eval_metrics/den_pval_pearson_gw": 0.3205020176736932,
    "eval_metrics/den_pval_r2_dsf1": 0.04072774411620757,
    "eval_metrics/imp_pval_r2_dsf1": -0.1842731224309811,
    "eval_metrics/den_pval_pearson_dsf1": 0.3205020176736932,
    "eval_metrics/den_pval_r2_1obs": -20.605582867909128,
    "eval_metrics/den_pval_pearson_1obs": 0.16020221400724136,
    "eval_metrics/imp_pval_spearman_1obs": 0.18880316135774255,
    "eval_metrics/imp_pval_pearson_1obs": 0.16479619901021203,
    "eval_metrics/den_pval_r2_gw": 0.04072774411620757,
    "eval_metrics/den_pval_spearman_gw": 0.3295715149895681,
    "eval_metrics/imp_count_r2_gw": -0.028996504651269715,
    "eval_metrics/imp_pval_pearson_gw": 0.23063486329619848,
    "eval_metrics/imp_pval_r2_1obs": -21.092716115473753,
    "eval_metrics/imp_count_spearman_gw": 0.04588536320630856,
    "eval_metrics/imp_pval_spearman_dsf1": 0.2965993521058768,
    "eval_metrics/den_count_r2_gw": -0.042396924869141456,
    "eval_metrics/imp_pval_pearson_dsf1": 0.23063486329619848,
    "eval_metrics/den_count_pearson_gw": 0.184316639347296,
    "eval_metrics/den_pval_spearman_1obs": 0.12903690429631845,
    "eval_metrics/den_peak_auroc_gw": 0.551212622272999,
    "eval_losses/total_loss": 12.429094151863339,
    "eval_losses/count_obs_loss": 1.164878467980184,
    "eval_losses/count_imp_loss": 1.7439879273611403,
    "eval_losses/pval_obs_loss": 0.21589839811387815,
    "eval_losses/pval_imp_loss": 10.605085299985985,
    "eval_losses/peak_obs_loss": 0.4233578580774759,
    "eval_losses/peak_imp_loss": 0.4683381457413946
  }
}
{
  "epoch": 164,
  "training_metadata_probes": {
    "training_metadata_probes/depth_count_ratio": 1.0123401880264282,
    "training_metadata_probes/runtype_mse": 0.00031105027301236987,
    "training_metadata_probes/readlen_mse": 0.00013918563490733504
  }
}
{
  "epoch": 169,
  "eval_prefixed": {
    "eval_metrics/imp_pval_spearman_gw": 0.2960183852200686,
    "eval_metrics/den_count_spearman_gw": 0.16101799418373774,
    "eval_metrics/imp_count_pearson_gw": 0.056184023648263914,
    "eval_metrics/den_pval_spearman_dsf1": 0.3273291759254162,
    "eval_metrics/imp_peak_auroc_gw": 0.5282465564985717,
    "eval_metrics/imp_pval_r2_gw": -0.23786562852314297,
    "eval_metrics/den_pval_pearson_gw": 0.3244143230472936,
    "eval_metrics/den_pval_r2_dsf1": 0.049807326946134906,
    "eval_metrics/imp_pval_r2_dsf1": -0.23786562852314297,
    "eval_metrics/den_pval_pearson_dsf1": 0.3244143230472936,
    "eval_metrics/den_pval_r2_1obs": -24.366748641973455,
    "eval_metrics/den_pval_pearson_1obs": 0.13594839399703282,
    "eval_metrics/imp_pval_spearman_1obs": 0.18834362805696006,
    "eval_metrics/imp_pval_pearson_1obs": 0.17221527168941167,
    "eval_metrics/den_pval_r2_gw": 0.049807326946134906,
    "eval_metrics/den_pval_spearman_gw": 0.3273291759254162,
    "eval_metrics/imp_count_r2_gw": -0.04042815023383239,
    "eval_metrics/imp_pval_pearson_gw": 0.21920865992941554,
    "eval_metrics/imp_pval_r2_1obs": -21.12166288633818,
    "eval_metrics/imp_count_spearman_gw": 0.04535620333841589,
    "eval_metrics/imp_pval_spearman_dsf1": 0.2960183852200686,
    "eval_metrics/den_count_r2_gw": -0.03075546560112718,
    "eval_metrics/imp_pval_pearson_dsf1": 0.21920865992941554,
    "eval_metrics/den_count_pearson_gw": 0.19321253189915105,
    "eval_metrics/den_pval_spearman_1obs": 0.10544746879515984,
    "eval_metrics/den_peak_auroc_gw": 0.5456196897589669,
    "eval_losses/total_loss": 11.846649033262542,
    "eval_losses/count_obs_loss": 1.1667722071471966,
    "eval_losses/count_imp_loss": 1.7493604989278884,
    "eval_losses/pval_obs_loss": 0.21963973274748577,
    "eval_losses/pval_imp_loss": 9.898043626948954,
    "eval_losses/peak_obs_loss": 0.42018086776921626,
    "eval_losses/peak_imp_loss": 0.46440973357548787
  }
}
{
  "epoch": 169,
  "training_metadata_probes": {
    "training_metadata_probes/depth_count_ratio": 1.01259183883667,
    "training_metadata_probes/runtype_mse": 0.0003066090284846723,
    "training_metadata_probes/readlen_mse": 0.00011597251432249323
  }
}
{
  "epoch": 174,
  "eval_prefixed": {
    "eval_metrics/imp_pval_spearman_gw": 0.30449093763322493,
    "eval_metrics/den_count_spearman_gw": 0.1611936821513119,
    "eval_metrics/imp_count_pearson_gw": 0.0624266548584851,
    "eval_metrics/den_pval_spearman_dsf1": 0.3306946035778802,
    "eval_metrics/imp_peak_auroc_gw": 0.5405658744442073,
    "eval_metrics/imp_pval_r2_gw": -0.2092346817608935,
    "eval_metrics/den_pval_pearson_gw": 0.32650031159190757,
    "eval_metrics/den_pval_r2_dsf1": 0.04751794758588844,
    "eval_metrics/imp_pval_r2_dsf1": -0.2092346817608935,
    "eval_metrics/den_pval_pearson_dsf1": 0.32650031159190757,
    "eval_metrics/den_pval_r2_1obs": -18.72123139559925,
    "eval_metrics/den_pval_pearson_1obs": 0.15535217264014614,
    "eval_metrics/imp_pval_spearman_1obs": 0.1836958621833499,
    "eval_metrics/imp_pval_pearson_1obs": 0.15074590567706359,
    "eval_metrics/den_pval_r2_gw": 0.04751794758588844,
    "eval_metrics/den_pval_spearman_gw": 0.3306946035778802,
    "eval_metrics/imp_count_r2_gw": -0.03420817404295529,
    "eval_metrics/imp_pval_pearson_gw": 0.22962563685954562,
    "eval_metrics/imp_pval_r2_1obs": -25.078475991342735,
    "eval_metrics/imp_count_spearman_gw": 0.05074708964383486,
    "eval_metrics/imp_pval_spearman_dsf1": 0.30449093763322493,
    "eval_metrics/den_count_r2_gw": -0.0488838372169079,
    "eval_metrics/imp_pval_pearson_dsf1": 0.22962563685954562,
    "eval_metrics/den_count_pearson_gw": 0.19299670700964175,
    "eval_metrics/den_pval_spearman_1obs": 0.12353573355089512,
    "eval_metrics/den_peak_auroc_gw": 0.5569372937230592,
    "eval_losses/total_loss": 11.738057232216784,
    "eval_losses/count_obs_loss": 1.1464900601851313,
    "eval_losses/count_imp_loss": 1.7035897128165713,
    "eval_losses/pval_obs_loss": 0.19569007008287467,
    "eval_losses/pval_imp_loss": 9.876919196889041,
    "eval_losses/peak_obs_loss": 0.41527022068437774,
    "eval_losses/peak_imp_loss": 0.4595882803911254
  }
}
{
  "epoch": 174,
  "training_metadata_probes": {
    "training_metadata_probes/depth_count_ratio": 1.0128082036972046,
    "training_metadata_probes/runtype_mse": 0.0003113562415819615,
    "training_metadata_probes/readlen_mse": 0.00010724972526077181
  }
}
{
  "epoch": 179,
  "eval_prefixed": {
    "eval_metrics/imp_pval_spearman_gw": 0.3009031648302022,
    "eval_metrics/den_count_spearman_gw": 0.16053844714339585,
    "eval_metrics/imp_count_pearson_gw": 0.06683568416961602,
    "eval_metrics/den_pval_spearman_dsf1": 0.33172003567775743,
    "eval_metrics/imp_peak_auroc_gw": 0.5729714397675822,
    "eval_metrics/imp_pval_r2_gw": -0.2242711574057802,
    "eval_metrics/den_pval_pearson_gw": 0.32518708343176467,
    "eval_metrics/den_pval_r2_dsf1": 0.040314967715485164,
    "eval_metrics/imp_pval_r2_dsf1": -0.2242711574057802,
    "eval_metrics/den_pval_pearson_dsf1": 0.32518708343176467,
    "eval_metrics/den_pval_r2_1obs": -21.061734670287546,
    "eval_metrics/den_pval_pearson_1obs": 0.1685205870614338,
    "eval_metrics/imp_pval_spearman_1obs": 0.18526432115480274,
    "eval_metrics/imp_pval_pearson_1obs": 0.15393025243640066,
    "eval_metrics/den_pval_r2_gw": 0.040314967715485164,
    "eval_metrics/den_pval_spearman_gw": 0.33172003567775743,
    "eval_metrics/imp_count_r2_gw": -0.045487489999124296,
    "eval_metrics/imp_pval_pearson_gw": 0.22660099147331147,
    "eval_metrics/imp_pval_r2_1obs": -25.164862595662488,
    "eval_metrics/imp_count_spearman_gw": 0.054595562580961855,
    "eval_metrics/imp_pval_spearman_dsf1": 0.3009031648302022,
    "eval_metrics/den_count_r2_gw": -0.02950285650486349,
    "eval_metrics/imp_pval_pearson_dsf1": 0.22660099147331147,
    "eval_metrics/den_count_pearson_gw": 0.19496477414902888,
    "eval_metrics/den_pval_spearman_1obs": 0.12905471765981652,
    "eval_metrics/den_peak_auroc_gw": 0.5344547054602059,
    "eval_losses/total_loss": 13.053685407987551,
    "eval_losses/count_obs_loss": 1.1328310597884028,
    "eval_losses/count_imp_loss": 1.7506044819241477,
    "eval_losses/pval_obs_loss": 0.22000718332434954,
    "eval_losses/pval_imp_loss": 11.410203555864948,
    "eval_losses/peak_obs_loss": 0.41420499235391617,
    "eval_losses/peak_imp_loss": 0.45482378937895335
  }
}
{
  "epoch": 179,
  "training_metadata_probes": {
    "training_metadata_probes/depth_count_ratio": 1.0131903886795044,
    "training_metadata_probes/runtype_mse": 0.0002912994532380253,
    "training_metadata_probes/readlen_mse": 9.957957809092477e-05
  }
}
{
  "epoch": 184,
  "eval_prefixed": {
    "eval_metrics/imp_pval_spearman_gw": 0.2980914207548439,
    "eval_metrics/den_count_spearman_gw": 0.15797242065481462,
    "eval_metrics/imp_count_pearson_gw": 0.06699943035427067,
    "eval_metrics/den_pval_spearman_dsf1": 0.332775425423287,
    "eval_metrics/imp_peak_auroc_gw": 0.537573922218816,
    "eval_metrics/imp_pval_r2_gw": -0.22723925237853965,
    "eval_metrics/den_pval_pearson_gw": 0.32790185922854825,
    "eval_metrics/den_pval_r2_dsf1": 0.039064852631181625,
    "eval_metrics/imp_pval_r2_dsf1": -0.22723925237853965,
    "eval_metrics/den_pval_pearson_dsf1": 0.32790185922854825,
    "eval_metrics/den_pval_r2_1obs": -22.147431382730556,
    "eval_metrics/den_pval_pearson_1obs": 0.15311284661967015,
    "eval_metrics/imp_pval_spearman_1obs": 0.1931672518313949,
    "eval_metrics/imp_pval_pearson_1obs": 0.1563920255516894,
    "eval_metrics/den_pval_r2_gw": 0.039064852631181625,
    "eval_metrics/den_pval_spearman_gw": 0.332775425423287,
    "eval_metrics/imp_count_r2_gw": -0.0353882980424598,
    "eval_metrics/imp_pval_pearson_gw": 0.23247792222906674,
    "eval_metrics/imp_pval_r2_1obs": -28.150527230337072,
    "eval_metrics/imp_count_spearman_gw": 0.05589742031870363,
    "eval_metrics/imp_pval_spearman_dsf1": 0.2980914207548439,
    "eval_metrics/den_count_r2_gw": -0.035856858400002724,
    "eval_metrics/imp_pval_pearson_dsf1": 0.23247792222906674,
    "eval_metrics/den_count_pearson_gw": 0.19161270147091464,
    "eval_metrics/den_pval_spearman_1obs": 0.12797264181283693,
    "eval_metrics/den_peak_auroc_gw": 0.5562690467858283,
    "eval_losses/total_loss": 12.211582450704698,
    "eval_losses/count_obs_loss": 1.133743274368738,
    "eval_losses/count_imp_loss": 1.7625460785532754,
    "eval_losses/pval_obs_loss": 0.21294480023636042,
    "eval_losses/pval_imp_loss": 10.396916455589235,
    "eval_losses/peak_obs_loss": 0.41041039989182826,
    "eval_losses/peak_imp_loss": 0.45229591334623004
  }
}
{
  "epoch": 184,
  "training_metadata_probes": {
    "training_metadata_probes/depth_count_ratio": 1.0134068727493286,
    "training_metadata_probes/runtype_mse": 0.00027943181339651346,
    "training_metadata_probes/readlen_mse": 9.333604975836352e-05
  }
}
{
  "epoch": 189,
  "eval_prefixed": {
    "eval_metrics/imp_pval_spearman_gw": 0.30502632706528215,
    "eval_metrics/den_count_spearman_gw": 0.16252017948483,
    "eval_metrics/imp_count_pearson_gw": 0.06620910107379868,
    "eval_metrics/den_pval_spearman_dsf1": 0.341139431330112,
    "eval_metrics/imp_peak_auroc_gw": 0.5535955997045157,
    "eval_metrics/imp_pval_r2_gw": -0.26797477564673106,
    "eval_metrics/den_pval_pearson_gw": 0.32357040645652696,
    "eval_metrics/den_pval_r2_dsf1": 0.04218445533866073,
    "eval_metrics/imp_pval_r2_dsf1": -0.26797477564673106,
    "eval_metrics/den_pval_pearson_dsf1": 0.32357040645652696,
    "eval_metrics/den_pval_r2_1obs": -24.388009533875344,
    "eval_metrics/den_pval_pearson_1obs": 0.14176529736740026,
    "eval_metrics/imp_pval_spearman_1obs": 0.18376881812179008,
    "eval_metrics/imp_pval_pearson_1obs": 0.1649515350369574,
    "eval_metrics/den_pval_r2_gw": 0.04218445533866073,
    "eval_metrics/den_pval_spearman_gw": 0.341139431330112,
    "eval_metrics/imp_count_r2_gw": -0.037100082471408086,
    "eval_metrics/imp_pval_pearson_gw": 0.2160292604258136,
    "eval_metrics/imp_pval_r2_1obs": -28.16089761494108,
    "eval_metrics/imp_count_spearman_gw": 0.05982383053041748,
    "eval_metrics/imp_pval_spearman_dsf1": 0.30502632706528215,
    "eval_metrics/den_count_r2_gw": -0.03811761081783207,
    "eval_metrics/imp_pval_pearson_dsf1": 0.2160292604258136,
    "eval_metrics/den_count_pearson_gw": 0.18656463048567898,
    "eval_metrics/den_pval_spearman_1obs": 0.11560320674597414,
    "eval_metrics/den_peak_auroc_gw": 0.5444225599314251,
    "eval_losses/total_loss": 13.382257271067877,
    "eval_losses/count_obs_loss": 1.1490579098463058,
    "eval_losses/count_imp_loss": 1.7360191846650743,
    "eval_losses/pval_obs_loss": 0.23559384234249592,
    "eval_losses/pval_imp_loss": 11.796915214213113,
    "eval_losses/peak_obs_loss": 0.40785971989757136,
    "eval_losses/peak_imp_loss": 0.44834624751219676
  }
}
{
  "epoch": 189,
  "training_metadata_probes": {
    "training_metadata_probes/depth_count_ratio": 1.013593316078186,
    "training_metadata_probes/runtype_mse": 0.00028862344333902,
    "training_metadata_probes/readlen_mse": 8.744340448174626e-05
  }
}
{
  "epoch": 194,
  "eval_prefixed": {
    "eval_metrics/imp_pval_spearman_gw": 0.3058080494050103,
    "eval_metrics/den_count_spearman_gw": 0.1628957389452323,
    "eval_metrics/imp_count_pearson_gw": 0.0592811991652799,
    "eval_metrics/den_pval_spearman_dsf1": 0.3380787057151067,
    "eval_metrics/imp_peak_auroc_gw": 0.5524398084626141,
    "eval_metrics/imp_pval_r2_gw": -0.23930237666625137,
    "eval_metrics/den_pval_pearson_gw": 0.33233135438671235,
    "eval_metrics/den_pval_r2_dsf1": 0.0293743178208924,
    "eval_metrics/imp_pval_r2_dsf1": -0.23930237666625137,
    "eval_metrics/den_pval_pearson_dsf1": 0.33233135438671235,
    "eval_metrics/den_pval_r2_1obs": -20.278699783287998,
    "eval_metrics/den_pval_pearson_1obs": 0.16532692112224667,
    "eval_metrics/imp_pval_spearman_1obs": 0.16851658642082326,
    "eval_metrics/imp_pval_pearson_1obs": 0.14844482092718994,
    "eval_metrics/den_pval_r2_gw": 0.0293743178208924,
    "eval_metrics/den_pval_spearman_gw": 0.3380787057151067,
    "eval_metrics/imp_count_r2_gw": -0.04266695227271888,
    "eval_metrics/imp_pval_pearson_gw": 0.2170771076565697,
    "eval_metrics/imp_pval_r2_1obs": -30.941331671692577,
    "eval_metrics/imp_count_spearman_gw": 0.05111379837499705,
    "eval_metrics/imp_pval_spearman_dsf1": 0.3058080494050103,
    "eval_metrics/den_count_r2_gw": -0.048280733816695745,
    "eval_metrics/imp_pval_pearson_dsf1": 0.2170771076565697,
    "eval_metrics/den_count_pearson_gw": 0.19416446160329015,
    "eval_metrics/den_pval_spearman_1obs": 0.14018066482138083,
    "eval_metrics/den_peak_auroc_gw": 0.5571774019815819,
    "eval_losses/total_loss": 11.210216720049319,
    "eval_losses/count_obs_loss": 1.128395136249693,
    "eval_losses/count_imp_loss": 1.71505435023989,
    "eval_losses/pval_obs_loss": 0.2241390581291757,
    "eval_losses/pval_imp_loss": 9.24218435816112,
    "eval_losses/peak_obs_loss": 0.4050804698153546,
    "eval_losses/peak_imp_loss": 0.4459002796146605
  }
}
{
  "epoch": 194,
  "training_metadata_probes": {
    "training_metadata_probes/depth_count_ratio": 1.0137908458709717,
    "training_metadata_probes/runtype_mse": 0.000288347655441612,
    "training_metadata_probes/readlen_mse": 8.046357106650248e-05
  }
}
{
  "epoch": 199,
  "eval_prefixed": {
    "eval_metrics/imp_pval_spearman_gw": 0.3021757457023121,
    "eval_metrics/den_count_spearman_gw": 0.16071999347283414,
    "eval_metrics/imp_count_pearson_gw": 0.06097673411880221,
    "eval_metrics/den_pval_spearman_dsf1": 0.3348828298917099,
    "eval_metrics/imp_peak_auroc_gw": 0.5371974515311713,
    "eval_metrics/imp_pval_r2_gw": -0.2018735974345636,
    "eval_metrics/den_pval_pearson_gw": 0.3267836216346998,
    "eval_metrics/den_pval_r2_dsf1": 0.04433579066280309,
    "eval_metrics/imp_pval_r2_dsf1": -0.2018735974345636,
    "eval_metrics/den_pval_pearson_dsf1": 0.3267836216346998,
    "eval_metrics/den_pval_r2_1obs": -20.770757672432705,
    "eval_metrics/den_pval_pearson_1obs": 0.1396696389419958,
    "eval_metrics/imp_pval_spearman_1obs": 0.187098555591999,
    "eval_metrics/imp_pval_pearson_1obs": 0.15241674491618243,
    "eval_metrics/den_pval_r2_gw": 0.04433579066280309,
    "eval_metrics/den_pval_spearman_gw": 0.3348828298917099,
    "eval_metrics/imp_count_r2_gw": -0.03752439415262509,
    "eval_metrics/imp_pval_pearson_gw": 0.22086365964441074,
    "eval_metrics/imp_pval_r2_1obs": -23.826068820568054,
    "eval_metrics/imp_count_spearman_gw": 0.056416113087391216,
    "eval_metrics/imp_pval_spearman_dsf1": 0.3021757457023121,
    "eval_metrics/den_count_r2_gw": -0.028647746191504668,
    "eval_metrics/imp_pval_pearson_dsf1": 0.22086365964441074,
    "eval_metrics/den_count_pearson_gw": 0.19116087169631532,
    "eval_metrics/den_pval_spearman_1obs": 0.10633628246792491,
    "eval_metrics/den_peak_auroc_gw": 0.5479412860848452,
    "eval_losses/total_loss": 12.412428692473393,
    "eval_losses/count_obs_loss": 1.1224694871588756,
    "eval_losses/count_imp_loss": 1.754662397361937,
    "eval_losses/pval_obs_loss": 0.2608732716915639,
    "eval_losses/pval_imp_loss": 10.616675959160876,
    "eval_losses/peak_obs_loss": 0.4039726606325099,
    "eval_losses/peak_imp_loss": 0.4462586077196257
  }
}
{
  "epoch": 199,
  "training_metadata_probes": {
    "training_metadata_probes/depth_count_ratio": 1.0140039920806885,
    "training_metadata_probes/runtype_mse": 0.00029175158124417067,
    "training_metadata_probes/readlen_mse": 7.7621458331123e-05
  }
}
wandb: updating run metadata
wandb:                                                                                
wandb: 
wandb: Run history:
wandb:                             epoch ▁▁▁▁▁▂▂▂▂▂▃▃▃▃▄▄▄▄▄▅▅▅▅▅▅▅▆▆▆▆▆▆▆▇▇█████
wandb:        eval_losses/count_imp_loss ▄▄▇████▇▆▅▆▄▅▄▄▄▃▃▃▂▃▃▂▂▂▃▂▂▂▁▂▂▂▂▁▂▂▂▁▂
wandb:        eval_losses/count_obs_loss ▅▅▇█▇▇▅█▃▄▃▃▄▄▅▃▂▃▃▂▄▃▃▁▃▂▂▂▂▂▂▃▂▂▂▁▁▂▁▁
wandb:         eval_losses/peak_imp_loss ████████▇▇▇▇▆▆▆▆▆▅▅▅▅▄▄▄▃▃▃▃▂▂▂▂▂▂▁▁▁▁▁▁
wandb:         eval_losses/peak_obs_loss ███████▇▇▇▆▆▆▆▅▅▅▅▄▄▄▄▃▃▃▃▂▂▂▂▂▂▁▁▁▁▁▁▁▁
wandb:         eval_losses/pval_imp_loss ▁▁▁▁▁▁▁▁▁▁▁▁▁▁▁▁▂▂▃▃▃▄▄▅▅▅▆▆▇▆█▆▇▇▇█▇█▆▇
wandb:         eval_losses/pval_obs_loss █▇▇▆▅▅▄▄▃▃▃▃▃▃▂▂▂▂▂▂▂▂▁▁▁▁▁▁▁▁▁▁▁▁▁▁▁▁▁▂
wandb:            eval_losses/total_loss ▂▂▂▂▂▂▁▂▁▁▁▁▁▁▁▁▂▂▃▃▃▃▄▅▅▅▆▆▇▆█▆▇▇▇█▇█▆▇
wandb: eval_metrics/den_count_pearson_gw ▁▂▂▂▃▃▄▄▅▅▅▅▅▅▆▆▆▆▆▆▇▇▇▇▇▇██████████████
wandb:      eval_metrics/den_count_r2_gw ▄▃▁▃▄▅▅▅▅▄▄▃▄▄▄▅▅▅▆▆▆▆▆▇▆▇▇▇▇▇██▇█▇███▇█
wandb:                               +54 ...
wandb: 
wandb: Run summary:
wandb:                             epoch 199
wandb:        eval_losses/count_imp_loss 1.75466
wandb:        eval_losses/count_obs_loss 1.12247
wandb:         eval_losses/peak_imp_loss 0.44626
wandb:         eval_losses/peak_obs_loss 0.40397
wandb:         eval_losses/pval_imp_loss 10.61668
wandb:         eval_losses/pval_obs_loss 0.26087
wandb:            eval_losses/total_loss 12.41243
wandb: eval_metrics/den_count_pearson_gw 0.19116
wandb:      eval_metrics/den_count_r2_gw -0.02865
wandb:                               +54 ...
wandb: 
wandb: 🚀 View run baseline_assay_mask_only at: https://wandb.ai/mforoozz/candi_sandbox/runs/zrx1wgtr
wandb: ⭐️ View project at: https://wandb.ai/mforoozz/candi_sandbox
wandb: Synced 5 W&B file(s), 0 media file(s), 0 artifact file(s) and 0 other file(s)
wandb: Find logs at: ./wandb/run-20260426_133726-zrx1wgtr/logs
Finished 200 epoch(s), global_step=19000, elapsed=12642.8s
