/project/6014832/mforooz/EpiDenoise/candi_venv/lib/python3.10/site-packages/pydantic/_internal/_generate_schema.py:2249: UnsupportedFieldAttributeWarning: The 'repr' attribute with value False was provided to the `Field()` function, which has no effect in the context it was used. 'repr' is field-specific metadata, and can only be attached to a model field using `Annotated` metadata or by assignment. This may have happened because an `Annotated` type alias using the `type` statement was used, or if the `Field()` function was attached to a single member of a union type.
  warnings.warn(
/project/6014832/mforooz/EpiDenoise/candi_venv/lib/python3.10/site-packages/pydantic/_internal/_generate_schema.py:2249: UnsupportedFieldAttributeWarning: The 'frozen' attribute with value True was provided to the `Field()` function, which has no effect in the context it was used. 'frozen' is field-specific metadata, and can only be attached to a model field using `Annotated` metadata or by assignment. This may have happened because an `Annotated` type alias using the `type` statement was used, or if the `Field()` function was attached to a single member of a union type.
  warnings.warn(
wandb: Currently logged in as: mforooz (mforoozz) to https://api.wandb.ai. Use `wandb login --relogin` to force relogin
wandb: WARNING Changes to your `wandb` environment variables will be ignored because your `wandb` session has already started. For more information on how to modify your settings with `wandb.init()` arguments, please refer to https://wandb.me/wandb-init.
wandb: creating run
wandb: Tracking run with wandb version 0.21.2
wandb: Run data is saved locally in /project/6014832/mforooz/EpiDenoise/wandb/run-20260426_001432-25le16du
wandb: Run `wandb offline` to turn off syncing.
wandb: Syncing run baseline_dsf1_only
wandb: ⭐️ View project at https://wandb.ai/mforoozz/candi_sandbox
wandb: 🚀 View run at https://wandb.ai/mforoozz/candi_sandbox/runs/25le16du
[sandbox] Loaded canonical metadata for 8 assay types from data/eic_metadata.csv
{
  "epoch": 0,
  "eval_prefixed": {
    "eval_metrics/recon_non_ccre_imp_pval_spearman_dsf1": NaN,
    "eval_metrics/recon_non_ccre_imp_pval_r2_dsf1": NaN,
    "eval_metrics/imp_pval_spearman_gw": 0.006278306919547816,
    "eval_metrics/recon_ccre_den_pval_pearson_gw": NaN,
    "eval_metrics/den_pval_pearson_1obs": -0.003461618309589348,
    "eval_metrics/imp_count_pearson_gw": -0.015653269727379897,
    "eval_metrics/recon_ccre_den_pval_spearman_dsf1": NaN,
    "eval_metrics/recon_ccre_imp_pval_r2_dsf1": NaN,
    "eval_metrics/recon_non_ccre_imp_peak_auroc_gw": NaN,
    "eval_metrics/imp_pval_r2_gw": -1.6434206267888953,
    "eval_metrics/recon_ccre_den_pval_spearman_gw": NaN,
    "eval_metrics/recon_ccre_den_pval_pearson_dsf1": NaN,
    "eval_metrics/recon_non_ccre_den_pval_spearman_gw": NaN,
    "eval_metrics/recon_non_ccre_den_pval_spearman_1obs": NaN,
    "eval_metrics/recon_non_ccre_den_pval_spearman_dsf1": NaN,
    "eval_metrics/recon_ccre_den_pval_pearson_1obs": NaN,
    "eval_metrics/den_pval_spearman_dsf1": -0.006361979147244919,
    "eval_metrics/recon_non_ccre_imp_pval_r2_1obs": NaN,
    "eval_metrics/den_pval_r2_1obs": -30.301561351439688,
    "eval_metrics/imp_pval_pearson_1obs": 0.010056655726484245,
    "eval_metrics/recon_ccre_imp_pval_r2_1obs": NaN,
    "eval_metrics/imp_count_spearman_gw": -0.03249752314436507,
    "eval_metrics/recon_ccre_imp_pval_pearson_1obs": NaN,
    "eval_metrics/recon_ccre_imp_pval_pearson_gw": NaN,
    "eval_metrics/recon_ccre_imp_pval_r2_gw": NaN,
    "eval_metrics/imp_pval_pearson_gw": 0.00643913263324759,
    "eval_metrics/imp_pval_r2_dsf1": -1.6434206267888953,
    "eval_metrics/recon_ccre_den_peak_auroc_gw": NaN,
    "eval_metrics/recon_ccre_imp_peak_auroc_gw": NaN,
    "eval_metrics/recon_ccre_imp_pval_spearman_dsf1": NaN,
    "eval_metrics/den_pval_r2_dsf1": -1.3927104772729182,
    "eval_metrics/recon_ccre_den_pval_r2_gw": NaN,
    "eval_metrics/recon_non_ccre_den_pval_r2_1obs": NaN,
    "eval_metrics/recon_ccre_imp_pval_spearman_1obs": NaN,
    "eval_metrics/recon_non_ccre_imp_pval_pearson_gw": NaN,
    "eval_metrics/den_count_spearman_gw": 0.01993108059737973,
    "eval_metrics/den_count_r2_gw": -0.052596108873946064,
    "eval_metrics/den_pval_spearman_1obs": 0.005815250669754486,
    "eval_metrics/den_count_pearson_gw": -0.001910131883433726,
    "eval_metrics/recon_non_ccre_imp_pval_pearson_dsf1": NaN,
    "eval_metrics/recon_non_ccre_imp_pval_spearman_1obs": NaN,
    "eval_metrics/recon_non_ccre_imp_pval_r2_gw": NaN,
    "eval_metrics/recon_non_ccre_den_peak_auroc_gw": NaN,
    "eval_metrics/den_pval_pearson_gw": -0.0016157805814720249,
    "eval_metrics/recon_ccre_den_pval_r2_dsf1": NaN,
    "eval_metrics/recon_ccre_den_pval_spearman_1obs": NaN,
    "eval_metrics/recon_ccre_imp_pval_spearman_gw": NaN,
    "eval_metrics/imp_pval_pearson_dsf1": 0.00643913263324759,
    "eval_metrics/den_peak_auroc_gw": 0.4488596197524144,
    "eval_metrics/imp_pval_r2_1obs": -25.82796091068961,
    "eval_metrics/recon_non_ccre_den_pval_pearson_gw": NaN,
    "eval_metrics/imp_pval_spearman_dsf1": 0.006278306919547816,
    "eval_metrics/imp_pval_spearman_1obs": -0.002403374384111276,
    "eval_metrics/den_pval_spearman_gw": -0.006361979147244919,
    "eval_metrics/imp_peak_auroc_gw": 0.45247793076637444,
    "eval_metrics/recon_non_ccre_den_pval_r2_gw": NaN,
    "eval_metrics/den_pval_pearson_dsf1": -0.0016157805814720249,
    "eval_metrics/recon_non_ccre_den_pval_r2_dsf1": NaN,
    "eval_metrics/den_pval_r2_gw": -1.3927104772729182,
    "eval_metrics/recon_ccre_den_pval_r2_1obs": NaN,
    "eval_metrics/recon_non_ccre_imp_pval_pearson_1obs": NaN,
    "eval_metrics/recon_non_ccre_den_pval_pearson_1obs": NaN,
    "eval_metrics/recon_non_ccre_den_pval_pearson_dsf1": NaN,
    "eval_metrics/imp_count_r2_gw": -0.1615199336224061,
    "eval_metrics/recon_ccre_imp_pval_pearson_dsf1": NaN,
    "eval_metrics/recon_non_ccre_imp_pval_spearman_gw": NaN,
    "eval_losses/total_loss": 6.607706308364868,
    "eval_losses/count_obs_loss": 1.435576534584949,
    "eval_losses/count_imp_loss": 1.435576534584949,
    "eval_losses/pval_obs_loss": 1.1704749104223753,
    "eval_losses/pval_imp_loss": 1.1704749104223753,
    "eval_losses/peak_obs_loss": 0.6978017099593815,
    "eval_losses/peak_imp_loss": 0.6978017099593815
  }
}
{
  "epoch": 0,
  "training_metadata_probes": {
    "training_metadata_probes/depth_count_ratio": 0.9915356040000916,
    "training_metadata_probes/runtype_mse": 1.0437593545020718e-07,
    "training_metadata_probes/readlen_mse": 1.727506457882555e-07
  }
}
{
  "epoch": 1,
  "eval_prefixed": {
    "eval_metrics/recon_non_ccre_imp_pval_spearman_dsf1": NaN,
    "eval_metrics/recon_non_ccre_imp_pval_r2_dsf1": NaN,
    "eval_metrics/imp_pval_spearman_gw": 0.010685736015867146,
    "eval_metrics/recon_ccre_den_pval_pearson_gw": NaN,
    "eval_metrics/den_pval_pearson_1obs": 0.0028748573405257623,
    "eval_metrics/imp_count_pearson_gw": -0.01848076277695197,
    "eval_metrics/recon_ccre_den_pval_spearman_dsf1": NaN,
    "eval_metrics/recon_ccre_imp_pval_r2_dsf1": NaN,
    "eval_metrics/recon_non_ccre_imp_peak_auroc_gw": NaN,
    "eval_metrics/imp_pval_r2_gw": -1.5531302899687875,
    "eval_metrics/recon_ccre_den_pval_spearman_gw": NaN,
    "eval_metrics/recon_ccre_den_pval_pearson_dsf1": NaN,
    "eval_metrics/recon_non_ccre_den_pval_spearman_gw": NaN,
    "eval_metrics/recon_non_ccre_den_pval_spearman_1obs": NaN,
    "eval_metrics/recon_non_ccre_den_pval_spearman_dsf1": NaN,
    "eval_metrics/recon_ccre_den_pval_pearson_1obs": NaN,
    "eval_metrics/den_pval_spearman_dsf1": -0.0062983728948587375,
    "eval_metrics/recon_non_ccre_imp_pval_r2_1obs": NaN,
    "eval_metrics/den_pval_r2_1obs": -25.04133319788001,
    "eval_metrics/imp_pval_pearson_1obs": 0.015697921362025514,
    "eval_metrics/recon_ccre_imp_pval_r2_1obs": NaN,
    "eval_metrics/imp_count_spearman_gw": -0.043514397272055604,
    "eval_metrics/recon_ccre_imp_pval_pearson_1obs": NaN,
    "eval_metrics/recon_ccre_imp_pval_pearson_gw": NaN,
    "eval_metrics/recon_ccre_imp_pval_r2_gw": NaN,
    "eval_metrics/imp_pval_pearson_gw": 0.004978266435847175,
    "eval_metrics/imp_pval_r2_dsf1": -1.5531302899687875,
    "eval_metrics/recon_ccre_den_peak_auroc_gw": NaN,
    "eval_metrics/recon_ccre_imp_peak_auroc_gw": NaN,
    "eval_metrics/recon_ccre_imp_pval_spearman_dsf1": NaN,
    "eval_metrics/den_pval_r2_dsf1": -1.4288056388985313,
    "eval_metrics/recon_ccre_den_pval_r2_gw": NaN,
    "eval_metrics/recon_non_ccre_den_pval_r2_1obs": NaN,
    "eval_metrics/recon_ccre_imp_pval_spearman_1obs": NaN,
    "eval_metrics/recon_non_ccre_imp_pval_pearson_gw": NaN,
    "eval_metrics/den_count_spearman_gw": 0.03148532163091285,
    "eval_metrics/den_count_r2_gw": -0.04998414193291213,
    "eval_metrics/den_pval_spearman_1obs": 0.0059919244493473805,
    "eval_metrics/den_count_pearson_gw": 0.015078778871898785,
    "eval_metrics/recon_non_ccre_imp_pval_pearson_dsf1": NaN,
    "eval_metrics/recon_non_ccre_imp_pval_spearman_1obs": NaN,
    "eval_metrics/recon_non_ccre_imp_pval_r2_gw": NaN,
    "eval_metrics/recon_non_ccre_den_peak_auroc_gw": NaN,
    "eval_metrics/den_pval_pearson_gw": -0.004511869454290718,
    "eval_metrics/recon_ccre_den_pval_r2_dsf1": NaN,
    "eval_metrics/recon_ccre_den_pval_spearman_1obs": NaN,
    "eval_metrics/recon_ccre_imp_pval_spearman_gw": NaN,
    "eval_metrics/imp_pval_pearson_dsf1": 0.004978266435847175,
    "eval_metrics/den_peak_auroc_gw": 0.4541697910340894,
    "eval_metrics/imp_pval_r2_1obs": -28.157092875699547,
    "eval_metrics/recon_non_ccre_den_pval_pearson_gw": NaN,
    "eval_metrics/imp_pval_spearman_dsf1": 0.010685736015867146,
    "eval_metrics/imp_pval_spearman_1obs": 0.002150820501683169,
    "eval_metrics/den_pval_spearman_gw": -0.0062983728948587375,
    "eval_metrics/imp_peak_auroc_gw": 0.44486968441491187,
    "eval_metrics/recon_non_ccre_den_pval_r2_gw": NaN,
    "eval_metrics/den_pval_pearson_dsf1": -0.004511869454290718,
    "eval_metrics/recon_non_ccre_den_pval_r2_dsf1": NaN,
    "eval_metrics/den_pval_r2_gw": -1.4288056388985313,
    "eval_metrics/recon_ccre_den_pval_r2_1obs": NaN,
    "eval_metrics/recon_non_ccre_imp_pval_pearson_1obs": NaN,
    "eval_metrics/recon_non_ccre_den_pval_pearson_1obs": NaN,
    "eval_metrics/recon_non_ccre_den_pval_pearson_dsf1": NaN,
    "eval_metrics/imp_count_r2_gw": -0.12774738394845975,
    "eval_metrics/recon_ccre_imp_pval_pearson_dsf1": NaN,
    "eval_metrics/recon_non_ccre_imp_pval_spearman_gw": NaN,
    "eval_losses/total_loss": 6.415333289849131,
    "eval_losses/count_obs_loss": 1.3604554471216703,
    "eval_losses/count_imp_loss": 1.3604554471216703,
    "eval_losses/pval_obs_loss": 1.1551316004050405,
    "eval_losses/pval_imp_loss": 1.1551316004050405,
    "eval_losses/peak_obs_loss": 0.6920796044562992,
    "eval_losses/peak_imp_loss": 0.6920796044562992
  }
}
{
  "epoch": 1,
  "training_metadata_probes": {
    "training_metadata_probes/depth_count_ratio": 0.9935124516487122,
    "training_metadata_probes/runtype_mse": 4.654612553167681e-07,
    "training_metadata_probes/readlen_mse": 1.4047697050045826e-06
  }
}
{
  "epoch": 2,
  "eval_prefixed": {
    "eval_metrics/recon_non_ccre_imp_pval_spearman_dsf1": NaN,
    "eval_metrics/recon_non_ccre_imp_pval_r2_dsf1": NaN,
    "eval_metrics/imp_pval_spearman_gw": 0.00601902320366717,
    "eval_metrics/recon_ccre_den_pval_pearson_gw": NaN,
    "eval_metrics/den_pval_pearson_1obs": 0.00460421678833786,
    "eval_metrics/imp_count_pearson_gw": -0.012169287707250093,
    "eval_metrics/recon_ccre_den_pval_spearman_dsf1": NaN,
    "eval_metrics/recon_ccre_imp_pval_r2_dsf1": NaN,
    "eval_metrics/recon_non_ccre_imp_peak_auroc_gw": NaN,
    "eval_metrics/imp_pval_r2_gw": -1.6506837092741389,
    "eval_metrics/recon_ccre_den_pval_spearman_gw": NaN,
    "eval_metrics/recon_ccre_den_pval_pearson_dsf1": NaN,
    "eval_metrics/recon_non_ccre_den_pval_spearman_gw": NaN,
    "eval_metrics/recon_non_ccre_den_pval_spearman_1obs": NaN,
    "eval_metrics/recon_non_ccre_den_pval_spearman_dsf1": NaN,
    "eval_metrics/recon_ccre_den_pval_pearson_1obs": NaN,
    "eval_metrics/den_pval_spearman_dsf1": -0.006940171394132316,
    "eval_metrics/recon_non_ccre_imp_pval_r2_1obs": NaN,
    "eval_metrics/den_pval_r2_1obs": -20.52621877162383,
    "eval_metrics/imp_pval_pearson_1obs": 0.01933438171418236,
    "eval_metrics/recon_ccre_imp_pval_r2_1obs": NaN,
    "eval_metrics/imp_count_spearman_gw": -0.03310315309870473,
    "eval_metrics/recon_ccre_imp_pval_pearson_1obs": NaN,
    "eval_metrics/recon_ccre_imp_pval_pearson_gw": NaN,
    "eval_metrics/recon_ccre_imp_pval_r2_gw": NaN,
    "eval_metrics/imp_pval_pearson_gw": 0.002478265400448378,
    "eval_metrics/imp_pval_r2_dsf1": -1.6506837092741389,
    "eval_metrics/recon_ccre_den_peak_auroc_gw": NaN,
    "eval_metrics/recon_ccre_imp_peak_auroc_gw": NaN,
    "eval_metrics/recon_ccre_imp_pval_spearman_dsf1": NaN,
    "eval_metrics/den_pval_r2_dsf1": -1.3072944336160859,
    "eval_metrics/recon_ccre_den_pval_r2_gw": NaN,
    "eval_metrics/recon_non_ccre_den_pval_r2_1obs": NaN,
    "eval_metrics/recon_ccre_imp_pval_spearman_1obs": NaN,
    "eval_metrics/recon_non_ccre_imp_pval_pearson_gw": NaN,
    "eval_metrics/den_count_spearman_gw": 0.04017945271384469,
    "eval_metrics/den_count_r2_gw": -0.06282039810630223,
    "eval_metrics/den_pval_spearman_1obs": -0.0007529060433703902,
    "eval_metrics/den_count_pearson_gw": 0.027316519939440218,
    "eval_metrics/recon_non_ccre_imp_pval_pearson_dsf1": NaN,
    "eval_metrics/recon_non_ccre_imp_pval_spearman_1obs": NaN,
    "eval_metrics/recon_non_ccre_imp_pval_r2_gw": NaN,
    "eval_metrics/recon_non_ccre_den_peak_auroc_gw": NaN,
    "eval_metrics/den_pval_pearson_gw": -0.007042965981485332,
    "eval_metrics/recon_ccre_den_pval_r2_dsf1": NaN,
    "eval_metrics/recon_ccre_den_pval_spearman_1obs": NaN,
    "eval_metrics/recon_ccre_imp_pval_spearman_gw": NaN,
    "eval_metrics/imp_pval_pearson_dsf1": 0.002478265400448378,
    "eval_metrics/den_peak_auroc_gw": 0.46361985739064476,
    "eval_metrics/imp_pval_r2_1obs": -25.363822093438905,
    "eval_metrics/recon_non_ccre_den_pval_pearson_gw": NaN,
    "eval_metrics/imp_pval_spearman_dsf1": 0.00601902320366717,
    "eval_metrics/imp_pval_spearman_1obs": 0.007497656917459504,
    "eval_metrics/den_pval_spearman_gw": -0.006940171394132316,
    "eval_metrics/imp_peak_auroc_gw": 0.4267566346292588,
    "eval_metrics/recon_non_ccre_den_pval_r2_gw": NaN,
    "eval_metrics/den_pval_pearson_dsf1": -0.007042965981485332,
    "eval_metrics/recon_non_ccre_den_pval_r2_dsf1": NaN,
    "eval_metrics/den_pval_r2_gw": -1.3072944336160859,
    "eval_metrics/recon_ccre_den_pval_r2_1obs": NaN,
    "eval_metrics/recon_non_ccre_imp_pval_pearson_1obs": NaN,
    "eval_metrics/recon_non_ccre_den_pval_pearson_1obs": NaN,
    "eval_metrics/recon_non_ccre_den_pval_pearson_dsf1": NaN,
    "eval_metrics/imp_count_r2_gw": -0.10129925863289366,
    "eval_metrics/recon_ccre_imp_pval_pearson_dsf1": NaN,
    "eval_metrics/recon_non_ccre_imp_pval_spearman_gw": NaN,
    "eval_losses/total_loss": 6.268636885442231,
    "eval_losses/count_obs_loss": 1.303705087617824,
    "eval_losses/count_imp_loss": 1.303705087617824,
    "eval_losses/pval_obs_loss": 1.1412424084387327,
    "eval_losses/pval_imp_loss": 1.1412424084387327,
    "eval_losses/peak_obs_loss": 0.6893709999950308,
    "eval_losses/peak_imp_loss": 0.6893709999950308
  }
}
{
  "epoch": 2,
  "training_metadata_probes": {
    "training_metadata_probes/depth_count_ratio": 0.9952543377876282,
    "training_metadata_probes/runtype_mse": 2.593253839222598e-06,
    "training_metadata_probes/readlen_mse": 3.1628528631699737e-06
  }
}
{
  "epoch": 3,
  "eval_prefixed": {
    "eval_metrics/recon_non_ccre_imp_pval_spearman_dsf1": NaN,
    "eval_metrics/recon_non_ccre_imp_pval_r2_dsf1": NaN,
    "eval_metrics/imp_pval_spearman_gw": -0.005727450700061283,
    "eval_metrics/recon_ccre_den_pval_pearson_gw": NaN,
    "eval_metrics/den_pval_pearson_1obs": 0.012095844245203281,
    "eval_metrics/imp_count_pearson_gw": -0.003378422944811136,
    "eval_metrics/recon_ccre_den_pval_spearman_dsf1": NaN,
    "eval_metrics/recon_ccre_imp_pval_r2_dsf1": NaN,
    "eval_metrics/recon_non_ccre_imp_peak_auroc_gw": NaN,
    "eval_metrics/imp_pval_r2_gw": -1.4528968273203242,
    "eval_metrics/recon_ccre_den_pval_spearman_gw": NaN,
    "eval_metrics/recon_ccre_den_pval_pearson_dsf1": NaN,
    "eval_metrics/recon_non_ccre_den_pval_spearman_gw": NaN,
    "eval_metrics/recon_non_ccre_den_pval_spearman_1obs": NaN,
    "eval_metrics/recon_non_ccre_den_pval_spearman_dsf1": NaN,
    "eval_metrics/recon_ccre_den_pval_pearson_1obs": NaN,
    "eval_metrics/den_pval_spearman_dsf1": -0.01071021038069813,
    "eval_metrics/recon_non_ccre_imp_pval_r2_1obs": NaN,
    "eval_metrics/den_pval_r2_1obs": -26.02468727335492,
    "eval_metrics/imp_pval_pearson_1obs": 0.018546623818110675,
    "eval_metrics/recon_ccre_imp_pval_r2_1obs": NaN,
    "eval_metrics/imp_count_spearman_gw": -0.02629279105395036,
    "eval_metrics/recon_ccre_imp_pval_pearson_1obs": NaN,
    "eval_metrics/recon_ccre_imp_pval_pearson_gw": NaN,
    "eval_metrics/recon_ccre_imp_pval_r2_gw": NaN,
    "eval_metrics/imp_pval_pearson_gw": -0.0019551238325971458,
    "eval_metrics/imp_pval_r2_dsf1": -1.4528968273203242,
    "eval_metrics/recon_ccre_den_peak_auroc_gw": NaN,
    "eval_metrics/recon_ccre_imp_peak_auroc_gw": NaN,
    "eval_metrics/recon_ccre_imp_pval_spearman_dsf1": NaN,
    "eval_metrics/den_pval_r2_dsf1": -1.261936768564932,
    "eval_metrics/recon_ccre_den_pval_r2_gw": NaN,
    "eval_metrics/recon_non_ccre_den_pval_r2_1obs": NaN,
    "eval_metrics/recon_ccre_imp_pval_spearman_1obs": NaN,
    "eval_metrics/recon_non_ccre_imp_pval_pearson_gw": NaN,
    "eval_metrics/den_count_spearman_gw": 0.04234887267176337,
    "eval_metrics/den_count_r2_gw": -0.09541313914251606,
    "eval_metrics/den_pval_spearman_1obs": 0.0054937133848135256,
    "eval_metrics/den_count_pearson_gw": 0.0356187196157407,
    "eval_metrics/recon_non_ccre_imp_pval_pearson_dsf1": NaN,
    "eval_metrics/recon_non_ccre_imp_pval_spearman_1obs": NaN,
    "eval_metrics/recon_non_ccre_imp_pval_r2_gw": NaN,
    "eval_metrics/recon_non_ccre_den_peak_auroc_gw": NaN,
    "eval_metrics/den_pval_pearson_gw": -0.008502474126687861,
    "eval_metrics/recon_ccre_den_pval_r2_dsf1": NaN,
    "eval_metrics/recon_ccre_den_pval_spearman_1obs": NaN,
    "eval_metrics/recon_ccre_imp_pval_spearman_gw": NaN,
    "eval_metrics/imp_pval_pearson_dsf1": -0.0019551238325971458,
    "eval_metrics/den_peak_auroc_gw": 0.4564741766740151,
    "eval_metrics/imp_pval_r2_1obs": -20.060819781195747,
    "eval_metrics/recon_non_ccre_den_pval_pearson_gw": NaN,
    "eval_metrics/imp_pval_spearman_dsf1": -0.005727450700061283,
    "eval_metrics/imp_pval_spearman_1obs": 0.008724343326438556,
    "eval_metrics/den_pval_spearman_gw": -0.01071021038069813,
    "eval_metrics/imp_peak_auroc_gw": 0.4340698189767924,
    "eval_metrics/recon_non_ccre_den_pval_r2_gw": NaN,
    "eval_metrics/den_pval_pearson_dsf1": -0.008502474126687861,
    "eval_metrics/recon_non_ccre_den_pval_r2_dsf1": NaN,
    "eval_metrics/den_pval_r2_gw": -1.261936768564932,
    "eval_metrics/recon_ccre_den_pval_r2_1obs": NaN,
    "eval_metrics/recon_non_ccre_imp_pval_pearson_1obs": NaN,
    "eval_metrics/recon_non_ccre_den_pval_pearson_1obs": NaN,
    "eval_metrics/recon_non_ccre_den_pval_pearson_dsf1": NaN,
    "eval_metrics/imp_count_r2_gw": -0.07096322728051663,
    "eval_metrics/recon_ccre_imp_pval_pearson_dsf1": NaN,
    "eval_metrics/recon_non_ccre_imp_pval_spearman_gw": NaN,
    "eval_losses/total_loss": 6.15597759422503,
    "eval_losses/count_obs_loss": 1.2728919543718036,
    "eval_losses/count_imp_loss": 1.2728919543718036,
    "eval_losses/pval_obs_loss": 1.117566234187076,
    "eval_losses/pval_imp_loss": 1.117566234187076,
    "eval_losses/peak_obs_loss": 0.6875306469829459,
    "eval_losses/peak_imp_loss": 0.6875306469829459
  }
}
{
  "epoch": 3,
  "training_metadata_probes": {
    "training_metadata_probes/depth_count_ratio": 0.9965254068374634,
    "training_metadata_probes/runtype_mse": 8.927087947085965e-06,
    "training_metadata_probes/readlen_mse": 6.048039722372778e-06
  }
}
{
  "epoch": 4,
  "eval_prefixed": {
    "eval_metrics/recon_non_ccre_imp_pval_spearman_dsf1": NaN,
    "eval_metrics/recon_non_ccre_imp_pval_r2_dsf1": NaN,
    "eval_metrics/imp_pval_spearman_gw": 0.005673872315938643,
    "eval_metrics/recon_ccre_den_pval_pearson_gw": NaN,
    "eval_metrics/den_pval_pearson_1obs": 0.013191343771292227,
    "eval_metrics/imp_count_pearson_gw": 0.00202171560880425,
    "eval_metrics/recon_ccre_den_pval_spearman_dsf1": NaN,
    "eval_metrics/recon_ccre_imp_pval_r2_dsf1": NaN,
    "eval_metrics/recon_non_ccre_imp_peak_auroc_gw": NaN,
    "eval_metrics/imp_pval_r2_gw": -1.2673898043956948,
    "eval_metrics/recon_ccre_den_pval_spearman_gw": NaN,
    "eval_metrics/recon_ccre_den_pval_pearson_dsf1": NaN,
    "eval_metrics/recon_non_ccre_den_pval_spearman_gw": NaN,
    "eval_metrics/recon_non_ccre_den_pval_spearman_1obs": NaN,
    "eval_metrics/recon_non_ccre_den_pval_spearman_dsf1": NaN,
    "eval_metrics/recon_ccre_den_pval_pearson_1obs": NaN,
    "eval_metrics/den_pval_spearman_dsf1": -0.0017526714279202254,
    "eval_metrics/recon_non_ccre_imp_pval_r2_1obs": NaN,
    "eval_metrics/den_pval_r2_1obs": -25.573001653704804,
    "eval_metrics/imp_pval_pearson_1obs": 0.018749702003015768,
    "eval_metrics/recon_ccre_imp_pval_r2_1obs": NaN,
    "eval_metrics/imp_count_spearman_gw": -0.01918789398512552,
    "eval_metrics/recon_ccre_imp_pval_pearson_1obs": NaN,
    "eval_metrics/recon_ccre_imp_pval_pearson_gw": NaN,
    "eval_metrics/recon_ccre_imp_pval_r2_gw": NaN,
    "eval_metrics/imp_pval_pearson_gw": 0.0012816900132401358,
    "eval_metrics/imp_pval_r2_dsf1": -1.2673898043956948,
    "eval_metrics/recon_ccre_den_peak_auroc_gw": NaN,
    "eval_metrics/recon_ccre_imp_peak_auroc_gw": NaN,
    "eval_metrics/recon_ccre_imp_pval_spearman_dsf1": NaN,
    "eval_metrics/den_pval_r2_dsf1": -1.0759007858471321,
    "eval_metrics/recon_ccre_den_pval_r2_gw": NaN,
    "eval_metrics/recon_non_ccre_den_pval_r2_1obs": NaN,
    "eval_metrics/recon_ccre_imp_pval_spearman_1obs": NaN,
    "eval_metrics/recon_non_ccre_imp_pval_pearson_gw": NaN,
    "eval_metrics/den_count_spearman_gw": 0.04233846190078284,
    "eval_metrics/den_count_r2_gw": -0.12975002995820234,
    "eval_metrics/den_pval_spearman_1obs": 0.007380001080230892,
    "eval_metrics/den_count_pearson_gw": 0.04177934861830803,
    "eval_metrics/recon_non_ccre_imp_pval_pearson_dsf1": NaN,
    "eval_metrics/recon_non_ccre_imp_pval_spearman_1obs": NaN,
    "eval_metrics/recon_non_ccre_imp_pval_r2_gw": NaN,
    "eval_metrics/recon_non_ccre_den_peak_auroc_gw": NaN,
    "eval_metrics/den_pval_pearson_gw": -0.001978930824215671,
    "eval_metrics/recon_ccre_den_pval_r2_dsf1": NaN,
    "eval_metrics/recon_ccre_den_pval_spearman_1obs": NaN,
    "eval_metrics/recon_ccre_imp_pval_spearman_gw": NaN,
    "eval_metrics/imp_pval_pearson_dsf1": 0.0012816900132401358,
    "eval_metrics/den_peak_auroc_gw": 0.47045562654187206,
    "eval_metrics/imp_pval_r2_1obs": -24.724973741956543,
    "eval_metrics/recon_non_ccre_den_pval_pearson_gw": NaN,
    "eval_metrics/imp_pval_spearman_dsf1": 0.005673872315938643,
    "eval_metrics/imp_pval_spearman_1obs": 0.019830967259382756,
    "eval_metrics/den_pval_spearman_gw": -0.0017526714279202254,
    "eval_metrics/imp_peak_auroc_gw": 0.4384062100798533,
    "eval_metrics/recon_non_ccre_den_pval_r2_gw": NaN,
    "eval_metrics/den_pval_pearson_dsf1": -0.001978930824215671,
    "eval_metrics/recon_non_ccre_den_pval_r2_dsf1": NaN,
    "eval_metrics/den_pval_r2_gw": -1.0759007858471321,
    "eval_metrics/recon_ccre_den_pval_r2_1obs": NaN,
    "eval_metrics/recon_non_ccre_imp_pval_pearson_1obs": NaN,
    "eval_metrics/recon_non_ccre_den_pval_pearson_1obs": NaN,
    "eval_metrics/recon_non_ccre_den_pval_pearson_dsf1": NaN,
    "eval_metrics/imp_count_r2_gw": -0.06658580933636976,
    "eval_metrics/recon_ccre_imp_pval_pearson_dsf1": NaN,
    "eval_metrics/recon_non_ccre_imp_pval_spearman_gw": NaN,
    "eval_losses/total_loss": 6.119019734232049,
    "eval_losses/count_obs_loss": 1.2913472566165423,
    "eval_losses/count_imp_loss": 1.2913472566165423,
    "eval_losses/pval_obs_loss": 1.081694348078025,
    "eval_losses/pval_imp_loss": 1.081694348078025,
    "eval_losses/peak_obs_loss": 0.686468265558544,
    "eval_losses/peak_imp_loss": 0.686468265558544
  }
}
{
  "epoch": 4,
  "training_metadata_probes": {
    "training_metadata_probes/depth_count_ratio": 0.9976330399513245,
    "training_metadata_probes/runtype_mse": 1.1982867363258265e-05,
    "training_metadata_probes/readlen_mse": 6.440380275307689e-06
  }
}
{
  "epoch": 5,
  "eval_prefixed": {
    "eval_metrics/recon_non_ccre_imp_pval_spearman_dsf1": NaN,
    "eval_metrics/recon_non_ccre_imp_pval_r2_dsf1": NaN,
    "eval_metrics/imp_pval_spearman_gw": 0.015791747788625295,
    "eval_metrics/recon_ccre_den_pval_pearson_gw": NaN,
    "eval_metrics/den_pval_pearson_1obs": 0.01375207095215477,
    "eval_metrics/imp_count_pearson_gw": 0.006890899258285081,
    "eval_metrics/recon_ccre_den_pval_spearman_dsf1": NaN,
    "eval_metrics/recon_ccre_imp_pval_r2_dsf1": NaN,
    "eval_metrics/recon_non_ccre_imp_peak_auroc_gw": NaN,
    "eval_metrics/imp_pval_r2_gw": -1.2110389614118835,
    "eval_metrics/recon_ccre_den_pval_spearman_gw": NaN,
    "eval_metrics/recon_ccre_den_pval_pearson_dsf1": NaN,
    "eval_metrics/recon_non_ccre_den_pval_spearman_gw": NaN,
    "eval_metrics/recon_non_ccre_den_pval_spearman_1obs": NaN,
    "eval_metrics/recon_non_ccre_den_pval_spearman_dsf1": NaN,
    "eval_metrics/recon_ccre_den_pval_pearson_1obs": NaN,
    "eval_metrics/den_pval_spearman_dsf1": 0.005594120412598006,
    "eval_metrics/recon_non_ccre_imp_pval_r2_1obs": NaN,
    "eval_metrics/den_pval_r2_1obs": -25.81425859606752,
    "eval_metrics/imp_pval_pearson_1obs": 0.022758360488325476,
    "eval_metrics/recon_ccre_imp_pval_r2_1obs": NaN,
    "eval_metrics/imp_count_spearman_gw": -0.020494409658385445,
    "eval_metrics/recon_ccre_imp_pval_pearson_1obs": NaN,
    "eval_metrics/recon_ccre_imp_pval_pearson_gw": NaN,
    "eval_metrics/recon_ccre_imp_pval_r2_gw": NaN,
    "eval_metrics/imp_pval_pearson_gw": 0.0014004751138845532,
    "eval_metrics/imp_pval_r2_dsf1": -1.2110389614118835,
    "eval_metrics/recon_ccre_den_peak_auroc_gw": NaN,
    "eval_metrics/recon_ccre_imp_peak_auroc_gw": NaN,
    "eval_metrics/recon_ccre_imp_pval_spearman_dsf1": NaN,
    "eval_metrics/den_pval_r2_dsf1": -0.9301161643528082,
    "eval_metrics/recon_ccre_den_pval_r2_gw": NaN,
    "eval_metrics/recon_non_ccre_den_pval_r2_1obs": NaN,
    "eval_metrics/recon_ccre_imp_pval_spearman_1obs": NaN,
    "eval_metrics/recon_non_ccre_imp_pval_pearson_gw": NaN,
    "eval_metrics/den_count_spearman_gw": 0.0437232380968902,
    "eval_metrics/den_count_r2_gw": -0.12627728261706483,
    "eval_metrics/den_pval_spearman_1obs": 0.011343566330507182,
    "eval_metrics/den_count_pearson_gw": 0.051771059682084196,
    "eval_metrics/recon_non_ccre_imp_pval_pearson_dsf1": NaN,
    "eval_metrics/recon_non_ccre_imp_pval_spearman_1obs": NaN,
    "eval_metrics/recon_non_ccre_imp_pval_r2_gw": NaN,
    "eval_metrics/recon_non_ccre_den_peak_auroc_gw": NaN,
    "eval_metrics/den_pval_pearson_gw": 0.0021217007158970532,
    "eval_metrics/recon_ccre_den_pval_r2_dsf1": NaN,
    "eval_metrics/recon_ccre_den_pval_spearman_1obs": NaN,
    "eval_metrics/recon_ccre_imp_pval_spearman_gw": NaN,
    "eval_metrics/imp_pval_pearson_dsf1": 0.0014004751138845532,
    "eval_metrics/den_peak_auroc_gw": 0.48947821289605764,
    "eval_metrics/imp_pval_r2_1obs": -19.315892981085007,
    "eval_metrics/recon_non_ccre_den_pval_pearson_gw": NaN,
    "eval_metrics/imp_pval_spearman_dsf1": 0.015791747788625295,
    "eval_metrics/imp_pval_spearman_1obs": 0.03677490934620116,
    "eval_metrics/den_pval_spearman_gw": 0.005594120412598006,
    "eval_metrics/imp_peak_auroc_gw": 0.4342664494391014,
    "eval_metrics/recon_non_ccre_den_pval_r2_gw": NaN,
    "eval_metrics/den_pval_pearson_dsf1": 0.0021217007158970532,
    "eval_metrics/recon_non_ccre_den_pval_r2_dsf1": NaN,
    "eval_metrics/den_pval_r2_gw": -0.9301161643528082,
    "eval_metrics/recon_ccre_den_pval_r2_1obs": NaN,
    "eval_metrics/recon_non_ccre_imp_pval_pearson_1obs": NaN,
    "eval_metrics/recon_non_ccre_den_pval_pearson_1obs": NaN,
    "eval_metrics/recon_non_ccre_den_pval_pearson_dsf1": NaN,
    "eval_metrics/imp_count_r2_gw": -0.08290950983545001,
    "eval_metrics/recon_ccre_imp_pval_pearson_dsf1": NaN,
    "eval_metrics/recon_non_ccre_imp_pval_spearman_gw": NaN,
    "eval_losses/total_loss": 5.9680927991867065,
    "eval_losses/count_obs_loss": 1.2546184015901465,
    "eval_losses/count_imp_loss": 1.2546184015901465,
    "eval_losses/pval_obs_loss": 1.0430848025961925,
    "eval_losses/pval_imp_loss": 1.0430848025961925,
    "eval_losses/peak_obs_loss": 0.686343180505853,
    "eval_losses/peak_imp_loss": 0.686343180505853
  }
}
{
  "epoch": 5,
  "training_metadata_probes": {
    "training_metadata_probes/depth_count_ratio": 0.9986894726753235,
    "training_metadata_probes/runtype_mse": 8.321466339111794e-06,
    "training_metadata_probes/readlen_mse": 3.0773210255574668e-06
  }
}
{
  "epoch": 6,
  "eval_prefixed": {
    "eval_metrics/recon_non_ccre_imp_pval_spearman_dsf1": NaN,
    "eval_metrics/recon_non_ccre_imp_pval_r2_dsf1": NaN,
    "eval_metrics/imp_pval_spearman_gw": 0.014175722578009755,
    "eval_metrics/recon_ccre_den_pval_pearson_gw": NaN,
    "eval_metrics/den_pval_pearson_1obs": 0.007118311265864912,
    "eval_metrics/imp_count_pearson_gw": 0.00861909052163976,
    "eval_metrics/recon_ccre_den_pval_spearman_dsf1": NaN,
    "eval_metrics/recon_ccre_imp_pval_r2_dsf1": NaN,
    "eval_metrics/recon_non_ccre_imp_peak_auroc_gw": NaN,
    "eval_metrics/imp_pval_r2_gw": -1.3532740208982743,
    "eval_metrics/recon_ccre_den_pval_spearman_gw": NaN,
    "eval_metrics/recon_ccre_den_pval_pearson_dsf1": NaN,
    "eval_metrics/recon_non_ccre_den_pval_spearman_gw": NaN,
    "eval_metrics/recon_non_ccre_den_pval_spearman_1obs": NaN,
    "eval_metrics/recon_non_ccre_den_pval_spearman_dsf1": NaN,
    "eval_metrics/recon_ccre_den_pval_pearson_1obs": NaN,
    "eval_metrics/den_pval_spearman_dsf1": 0.023010666674832807,
    "eval_metrics/recon_non_ccre_imp_pval_r2_1obs": NaN,
    "eval_metrics/den_pval_r2_1obs": -25.021583788962236,
    "eval_metrics/imp_pval_pearson_1obs": 0.011638935658589212,
    "eval_metrics/recon_ccre_imp_pval_r2_1obs": NaN,
    "eval_metrics/imp_count_spearman_gw": -0.01866155921840544,
    "eval_metrics/recon_ccre_imp_pval_pearson_1obs": NaN,
    "eval_metrics/recon_ccre_imp_pval_pearson_gw": NaN,
    "eval_metrics/recon_ccre_imp_pval_r2_gw": NaN,
    "eval_metrics/imp_pval_pearson_gw": 0.002298423847865446,
    "eval_metrics/imp_pval_r2_dsf1": -1.3532740208982743,
    "eval_metrics/recon_ccre_den_peak_auroc_gw": NaN,
    "eval_metrics/recon_ccre_imp_peak_auroc_gw": NaN,
    "eval_metrics/recon_ccre_imp_pval_spearman_dsf1": NaN,
    "eval_metrics/den_pval_r2_dsf1": -0.886355067839856,
    "eval_metrics/recon_ccre_den_pval_r2_gw": NaN,
    "eval_metrics/recon_non_ccre_den_pval_r2_1obs": NaN,
    "eval_metrics/recon_ccre_imp_pval_spearman_1obs": NaN,
    "eval_metrics/recon_non_ccre_imp_pval_pearson_gw": NaN,
    "eval_metrics/den_count_spearman_gw": 0.04450352717099636,
    "eval_metrics/den_count_r2_gw": -0.1627649112109304,
    "eval_metrics/den_pval_spearman_1obs": -0.005192490828141154,
    "eval_metrics/den_count_pearson_gw": 0.0530696358458188,
    "eval_metrics/recon_non_ccre_imp_pval_pearson_dsf1": NaN,
    "eval_metrics/recon_non_ccre_imp_pval_spearman_1obs": NaN,
    "eval_metrics/recon_non_ccre_imp_pval_r2_gw": NaN,
    "eval_metrics/recon_non_ccre_den_peak_auroc_gw": NaN,
    "eval_metrics/den_pval_pearson_gw": 0.006591630421670097,
    "eval_metrics/recon_ccre_den_pval_r2_dsf1": NaN,
    "eval_metrics/recon_ccre_den_pval_spearman_1obs": NaN,
    "eval_metrics/recon_ccre_imp_pval_spearman_gw": NaN,
    "eval_metrics/imp_pval_pearson_dsf1": 0.002298423847865446,
    "eval_metrics/den_peak_auroc_gw": 0.4975593554711322,
    "eval_metrics/imp_pval_r2_1obs": -15.254227632357727,
    "eval_metrics/recon_non_ccre_den_pval_pearson_gw": NaN,
    "eval_metrics/imp_pval_spearman_dsf1": 0.014175722578009755,
    "eval_metrics/imp_pval_spearman_1obs": 0.027605283657554686,
    "eval_metrics/den_pval_spearman_gw": 0.023010666674832807,
    "eval_metrics/imp_peak_auroc_gw": 0.44384153112535085,
    "eval_metrics/recon_non_ccre_den_pval_r2_gw": NaN,
    "eval_metrics/den_pval_pearson_dsf1": 0.006591630421670097,
    "eval_metrics/recon_non_ccre_den_pval_r2_dsf1": NaN,
    "eval_metrics/den_pval_r2_gw": -0.886355067839856,
    "eval_metrics/recon_ccre_den_pval_r2_1obs": NaN,
    "eval_metrics/recon_non_ccre_imp_pval_pearson_1obs": NaN,
    "eval_metrics/recon_non_ccre_den_pval_pearson_1obs": NaN,
    "eval_metrics/recon_non_ccre_den_pval_pearson_dsf1": NaN,
    "eval_metrics/imp_count_r2_gw": -0.07347386948078945,
    "eval_metrics/recon_ccre_imp_pval_pearson_dsf1": NaN,
    "eval_metrics/recon_non_ccre_imp_pval_spearman_gw": NaN,
    "eval_losses/total_loss": 5.995075621102986,
    "eval_losses/count_obs_loss": 1.2586782221731387,
    "eval_losses/count_imp_loss": 1.2586782221731387,
    "eval_losses/pval_obs_loss": 1.0516238518451388,
    "eval_losses/pval_imp_loss": 1.0516238518451388,
    "eval_losses/peak_obs_loss": 0.6872357639827227,
    "eval_losses/peak_imp_loss": 0.6872357639827227
  }
}
{
  "epoch": 6,
  "training_metadata_probes": {
    "training_metadata_probes/depth_count_ratio": 0.9997332692146301,
    "training_metadata_probes/runtype_mse": 1.1023038496205118e-05,
    "training_metadata_probes/readlen_mse": 2.8000713427900337e-06
  }
}
{
  "epoch": 7,
  "eval_prefixed": {
    "eval_metrics/recon_non_ccre_imp_pval_spearman_dsf1": NaN,
    "eval_metrics/recon_non_ccre_imp_pval_r2_dsf1": NaN,
    "eval_metrics/imp_pval_spearman_gw": 0.007857489729413724,
    "eval_metrics/recon_ccre_den_pval_pearson_gw": NaN,
    "eval_metrics/den_pval_pearson_1obs": 0.006300238633565114,
    "eval_metrics/imp_count_pearson_gw": 0.012277217252486726,
    "eval_metrics/recon_ccre_den_pval_spearman_dsf1": NaN,
    "eval_metrics/recon_ccre_imp_pval_r2_dsf1": NaN,
    "eval_metrics/recon_non_ccre_imp_peak_auroc_gw": NaN,
    "eval_metrics/imp_pval_r2_gw": -1.0367288199735893,
    "eval_metrics/recon_ccre_den_pval_spearman_gw": NaN,
    "eval_metrics/recon_ccre_den_pval_pearson_dsf1": NaN,
    "eval_metrics/recon_non_ccre_den_pval_spearman_gw": NaN,
    "eval_metrics/recon_non_ccre_den_pval_spearman_1obs": NaN,
    "eval_metrics/recon_non_ccre_den_pval_spearman_dsf1": NaN,
    "eval_metrics/recon_ccre_den_pval_pearson_1obs": NaN,
    "eval_metrics/den_pval_spearman_dsf1": 0.03059359548357164,
    "eval_metrics/recon_non_ccre_imp_pval_r2_1obs": NaN,
    "eval_metrics/den_pval_r2_1obs": -28.934712314314833,
    "eval_metrics/imp_pval_pearson_1obs": 0.01494053809622687,
    "eval_metrics/recon_ccre_imp_pval_r2_1obs": NaN,
    "eval_metrics/imp_count_spearman_gw": -0.013040067157880931,
    "eval_metrics/recon_ccre_imp_pval_pearson_1obs": NaN,
    "eval_metrics/recon_ccre_imp_pval_pearson_gw": NaN,
    "eval_metrics/recon_ccre_imp_pval_r2_gw": NaN,
    "eval_metrics/imp_pval_pearson_gw": 0.0043150994079908175,
    "eval_metrics/imp_pval_r2_dsf1": -1.0367288199735893,
    "eval_metrics/recon_ccre_den_peak_auroc_gw": NaN,
    "eval_metrics/recon_ccre_imp_peak_auroc_gw": NaN,
    "eval_metrics/recon_ccre_imp_pval_spearman_dsf1": NaN,
    "eval_metrics/den_pval_r2_dsf1": -0.8170719689968022,
    "eval_metrics/recon_ccre_den_pval_r2_gw": NaN,
    "eval_metrics/recon_non_ccre_den_pval_r2_1obs": NaN,
    "eval_metrics/recon_ccre_imp_pval_spearman_1obs": NaN,
    "eval_metrics/recon_non_ccre_imp_pval_pearson_gw": NaN,
    "eval_metrics/den_count_spearman_gw": 0.04291198725402457,
    "eval_metrics/den_count_r2_gw": -0.185947530821129,
    "eval_metrics/den_pval_spearman_1obs": -0.0014677930448890398,
    "eval_metrics/den_count_pearson_gw": 0.05515569643926268,
    "eval_metrics/recon_non_ccre_imp_pval_pearson_dsf1": NaN,
    "eval_metrics/recon_non_ccre_imp_pval_spearman_1obs": NaN,
    "eval_metrics/recon_non_ccre_imp_pval_r2_gw": NaN,
    "eval_metrics/recon_non_ccre_den_peak_auroc_gw": NaN,
    "eval_metrics/den_pval_pearson_gw": 0.010929961496099407,
    "eval_metrics/recon_ccre_den_pval_r2_dsf1": NaN,
    "eval_metrics/recon_ccre_den_pval_spearman_1obs": NaN,
    "eval_metrics/recon_ccre_imp_pval_spearman_gw": NaN,
    "eval_metrics/imp_pval_pearson_dsf1": 0.0043150994079908175,
    "eval_metrics/den_peak_auroc_gw": 0.504224366559418,
    "eval_metrics/imp_pval_r2_1obs": -25.932360920886023,
    "eval_metrics/recon_non_ccre_den_pval_pearson_gw": NaN,
    "eval_metrics/imp_pval_spearman_dsf1": 0.007857489729413724,
    "eval_metrics/imp_pval_spearman_1obs": 0.029484067869471567,
    "eval_metrics/den_pval_spearman_gw": 0.03059359548357164,
    "eval_metrics/imp_peak_auroc_gw": 0.4573796197493413,
    "eval_metrics/recon_non_ccre_den_pval_r2_gw": NaN,
    "eval_metrics/den_pval_pearson_dsf1": 0.010929961496099407,
    "eval_metrics/recon_non_ccre_den_pval_r2_dsf1": NaN,
    "eval_metrics/den_pval_r2_gw": -0.8170719689968022,
    "eval_metrics/recon_ccre_den_pval_r2_1obs": NaN,
    "eval_metrics/recon_non_ccre_imp_pval_pearson_1obs": NaN,
    "eval_metrics/recon_non_ccre_den_pval_pearson_1obs": NaN,
    "eval_metrics/recon_non_ccre_den_pval_pearson_dsf1": NaN,
    "eval_metrics/imp_count_r2_gw": -0.0604900392269094,
    "eval_metrics/recon_ccre_imp_pval_pearson_dsf1": NaN,
    "eval_metrics/recon_non_ccre_imp_pval_spearman_gw": NaN,
    "eval_losses/total_loss": 6.000527739524841,
    "eval_losses/count_obs_loss": 1.2755051459136761,
    "eval_losses/count_imp_loss": 1.2755051459136761,
    "eval_losses/pval_obs_loss": 1.037427833990047,
    "eval_losses/pval_imp_loss": 1.037427833990047,
    "eval_losses/peak_obs_loss": 0.6873309188767484,
    "eval_losses/peak_imp_loss": 0.6873309188767484
  }
}
{
  "epoch": 7,
  "training_metadata_probes": {
    "training_metadata_probes/depth_count_ratio": 1.0003724098205566,
    "training_metadata_probes/runtype_mse": 2.566280818427913e-05,
    "training_metadata_probes/readlen_mse": 2.8037791253154865e-06
  }
}
{
  "epoch": 8,
  "eval_prefixed": {
    "eval_metrics/recon_non_ccre_imp_pval_spearman_dsf1": NaN,
    "eval_metrics/recon_non_ccre_imp_pval_r2_dsf1": NaN,
    "eval_metrics/imp_pval_spearman_gw": -0.010838289200613983,
    "eval_metrics/recon_ccre_den_pval_pearson_gw": NaN,
    "eval_metrics/den_pval_pearson_1obs": 0.0053570352787286725,
    "eval_metrics/imp_count_pearson_gw": 0.011245036778587198,
    "eval_metrics/recon_ccre_den_pval_spearman_dsf1": NaN,
    "eval_metrics/recon_ccre_imp_pval_r2_dsf1": NaN,
    "eval_metrics/recon_non_ccre_imp_peak_auroc_gw": NaN,
    "eval_metrics/imp_pval_r2_gw": -0.7718540124587416,
    "eval_metrics/recon_ccre_den_pval_spearman_gw": NaN,
    "eval_metrics/recon_ccre_den_pval_pearson_dsf1": NaN,
    "eval_metrics/recon_non_ccre_den_pval_spearman_gw": NaN,
    "eval_metrics/recon_non_ccre_den_pval_spearman_1obs": NaN,
    "eval_metrics/recon_non_ccre_den_pval_spearman_dsf1": NaN,
    "eval_metrics/recon_ccre_den_pval_pearson_1obs": NaN,
    "eval_metrics/den_pval_spearman_dsf1": 0.030869952300895048,
    "eval_metrics/recon_non_ccre_imp_pval_r2_1obs": NaN,
    "eval_metrics/den_pval_r2_1obs": -30.88323958019016,
    "eval_metrics/imp_pval_pearson_1obs": 0.014566490515356972,
    "eval_metrics/recon_ccre_imp_pval_r2_1obs": NaN,
    "eval_metrics/imp_count_spearman_gw": -0.00780479018545565,
    "eval_metrics/recon_ccre_imp_pval_pearson_1obs": NaN,
    "eval_metrics/recon_ccre_imp_pval_pearson_gw": NaN,
    "eval_metrics/recon_ccre_imp_pval_r2_gw": NaN,
    "eval_metrics/imp_pval_pearson_gw": 0.0023218352796411925,
    "eval_metrics/imp_pval_r2_dsf1": -0.7718540124587416,
    "eval_metrics/recon_ccre_den_peak_auroc_gw": NaN,
    "eval_metrics/recon_ccre_imp_peak_auroc_gw": NaN,
    "eval_metrics/recon_ccre_imp_pval_spearman_dsf1": NaN,
    "eval_metrics/den_pval_r2_dsf1": -0.6809858867632016,
    "eval_metrics/recon_ccre_den_pval_r2_gw": NaN,
    "eval_metrics/recon_non_ccre_den_pval_r2_1obs": NaN,
    "eval_metrics/recon_ccre_imp_pval_spearman_1obs": NaN,
    "eval_metrics/recon_non_ccre_imp_pval_pearson_gw": NaN,
    "eval_metrics/den_count_spearman_gw": 0.041692468731192533,
    "eval_metrics/den_count_r2_gw": -0.19429351371997863,
    "eval_metrics/den_pval_spearman_1obs": -0.0002143216933688286,
    "eval_metrics/den_count_pearson_gw": 0.05636893064806109,
    "eval_metrics/recon_non_ccre_imp_pval_pearson_dsf1": NaN,
    "eval_metrics/recon_non_ccre_imp_pval_spearman_1obs": NaN,
    "eval_metrics/recon_non_ccre_imp_pval_r2_gw": NaN,
    "eval_metrics/recon_non_ccre_den_peak_auroc_gw": NaN,
    "eval_metrics/den_pval_pearson_gw": 0.014636301775393995,
    "eval_metrics/recon_ccre_den_pval_r2_dsf1": NaN,
    "eval_metrics/recon_ccre_den_pval_spearman_1obs": NaN,
    "eval_metrics/recon_ccre_imp_pval_spearman_gw": NaN,
    "eval_metrics/imp_pval_pearson_dsf1": 0.0023218352796411925,
    "eval_metrics/den_peak_auroc_gw": 0.5100617050278786,
    "eval_metrics/imp_pval_r2_1obs": -33.609858910293696,
    "eval_metrics/recon_non_ccre_den_pval_pearson_gw": NaN,
    "eval_metrics/imp_pval_spearman_dsf1": -0.010838289200613983,
    "eval_metrics/imp_pval_spearman_1obs": 0.02707893327504413,
    "eval_metrics/den_pval_spearman_gw": 0.030869952300895048,
    "eval_metrics/imp_peak_auroc_gw": 0.4763369866621405,
    "eval_metrics/recon_non_ccre_den_pval_r2_gw": NaN,
    "eval_metrics/den_pval_pearson_dsf1": 0.014636301775393995,
    "eval_metrics/recon_non_ccre_den_pval_r2_dsf1": NaN,
    "eval_metrics/den_pval_r2_gw": -0.6809858867632016,
    "eval_metrics/recon_ccre_den_pval_r2_1obs": NaN,
    "eval_metrics/recon_non_ccre_imp_pval_pearson_1obs": NaN,
    "eval_metrics/recon_non_ccre_den_pval_pearson_1obs": NaN,
    "eval_metrics/recon_non_ccre_den_pval_pearson_dsf1": NaN,
    "eval_metrics/imp_count_r2_gw": -0.07026659199711487,
    "eval_metrics/recon_ccre_imp_pval_pearson_dsf1": NaN,
    "eval_metrics/recon_non_ccre_imp_pval_spearman_gw": NaN,
    "eval_losses/total_loss": 6.017557564534639,
    "eval_losses/count_obs_loss": 1.307303506292795,
    "eval_losses/count_imp_loss": 1.307303506292795,
    "eval_losses/pval_obs_loss": 1.014824937832983,
    "eval_losses/pval_imp_loss": 1.014824937832983,
    "eval_losses/peak_obs_loss": 0.6866503608854193,
    "eval_losses/peak_imp_loss": 0.6866503608854193
  }
}
{
  "epoch": 8,
  "training_metadata_probes": {
    "training_metadata_probes/depth_count_ratio": 1.0006862878799438,
    "training_metadata_probes/runtype_mse": 0.00023616811085958034,
    "training_metadata_probes/readlen_mse": 3.105580162809929e-06
  }
}
{
  "epoch": 9,
  "eval_prefixed": {
    "eval_metrics/recon_non_ccre_imp_pval_spearman_dsf1": NaN,
    "eval_metrics/recon_non_ccre_imp_pval_r2_dsf1": NaN,
    "eval_metrics/imp_pval_spearman_gw": -0.00529805683222155,
    "eval_metrics/recon_ccre_den_pval_pearson_gw": NaN,
    "eval_metrics/den_pval_pearson_1obs": 0.012849329427186413,
    "eval_metrics/imp_count_pearson_gw": 0.012843424195630683,
    "eval_metrics/recon_ccre_den_pval_spearman_dsf1": NaN,
    "eval_metrics/recon_ccre_imp_pval_r2_dsf1": NaN,
    "eval_metrics/recon_non_ccre_imp_peak_auroc_gw": NaN,
    "eval_metrics/imp_pval_r2_gw": -0.641716097655716,
    "eval_metrics/recon_ccre_den_pval_spearman_gw": NaN,
    "eval_metrics/recon_ccre_den_pval_pearson_dsf1": NaN,
    "eval_metrics/recon_non_ccre_den_pval_spearman_gw": NaN,
    "eval_metrics/recon_non_ccre_den_pval_spearman_1obs": NaN,
    "eval_metrics/recon_non_ccre_den_pval_spearman_dsf1": NaN,
    "eval_metrics/recon_ccre_den_pval_pearson_1obs": NaN,
    "eval_metrics/den_pval_spearman_dsf1": 0.039179355945364314,
    "eval_metrics/recon_non_ccre_imp_pval_r2_1obs": NaN,
    "eval_metrics/den_pval_r2_1obs": -28.0157070049911,
    "eval_metrics/imp_pval_pearson_1obs": 0.019688610289622807,
    "eval_metrics/recon_ccre_imp_pval_r2_1obs": NaN,
    "eval_metrics/imp_count_spearman_gw": -6.504055192159201e-05,
    "eval_metrics/recon_ccre_imp_pval_pearson_1obs": NaN,
    "eval_metrics/recon_ccre_imp_pval_pearson_gw": NaN,
    "eval_metrics/recon_ccre_imp_pval_r2_gw": NaN,
    "eval_metrics/imp_pval_pearson_gw": 0.00503458380736115,
    "eval_metrics/imp_pval_r2_dsf1": -0.641716097655716,
    "eval_metrics/recon_ccre_den_peak_auroc_gw": NaN,
    "eval_metrics/recon_ccre_imp_peak_auroc_gw": NaN,
    "eval_metrics/recon_ccre_imp_pval_spearman_dsf1": NaN,
    "eval_metrics/den_pval_r2_dsf1": -0.5613906163611637,
    "eval_metrics/recon_ccre_den_pval_r2_gw": NaN,
    "eval_metrics/recon_non_ccre_den_pval_r2_1obs": NaN,
    "eval_metrics/recon_ccre_imp_pval_spearman_1obs": NaN,
    "eval_metrics/recon_non_ccre_imp_pval_pearson_gw": NaN,
    "eval_metrics/den_count_spearman_gw": 0.045434465197917696,
    "eval_metrics/den_count_r2_gw": -0.2056763002228109,
    "eval_metrics/den_pval_spearman_1obs": 0.008840347778030206,
    "eval_metrics/den_count_pearson_gw": 0.057498188390653876,
    "eval_metrics/recon_non_ccre_imp_pval_pearson_dsf1": NaN,
    "eval_metrics/recon_non_ccre_imp_pval_spearman_1obs": NaN,
    "eval_metrics/recon_non_ccre_imp_pval_r2_gw": NaN,
    "eval_metrics/recon_non_ccre_den_peak_auroc_gw": NaN,
    "eval_metrics/den_pval_pearson_gw": 0.0200587267080616,
    "eval_metrics/recon_ccre_den_pval_r2_dsf1": NaN,
    "eval_metrics/recon_ccre_den_pval_spearman_1obs": NaN,
    "eval_metrics/recon_ccre_imp_pval_spearman_gw": NaN,
    "eval_metrics/imp_pval_pearson_dsf1": 0.00503458380736115,
    "eval_metrics/den_peak_auroc_gw": 0.5145265704055836,
    "eval_metrics/imp_pval_r2_1obs": -25.444337087677724,
    "eval_metrics/recon_non_ccre_den_pval_pearson_gw": NaN,
    "eval_metrics/imp_pval_spearman_dsf1": -0.00529805683222155,
    "eval_metrics/imp_pval_spearman_1obs": 0.030618315288563007,
    "eval_metrics/den_pval_spearman_gw": 0.039179355945364314,
    "eval_metrics/imp_peak_auroc_gw": 0.47089419997361065,
    "eval_metrics/recon_non_ccre_den_pval_r2_gw": NaN,
    "eval_metrics/den_pval_pearson_dsf1": 0.0200587267080616,
    "eval_metrics/recon_non_ccre_den_pval_r2_dsf1": NaN,
    "eval_metrics/den_pval_r2_gw": -0.5613906163611637,
    "eval_metrics/recon_ccre_den_pval_r2_1obs": NaN,
    "eval_metrics/recon_non_ccre_imp_pval_pearson_1obs": NaN,
    "eval_metrics/recon_non_ccre_den_pval_pearson_1obs": NaN,
    "eval_metrics/recon_non_ccre_den_pval_pearson_dsf1": NaN,
    "eval_metrics/imp_count_r2_gw": -0.060567821949180825,
    "eval_metrics/recon_ccre_imp_pval_pearson_dsf1": NaN,
    "eval_metrics/recon_non_ccre_imp_pval_spearman_gw": NaN,
    "eval_losses/total_loss": 5.768271226631968,
    "eval_losses/count_obs_loss": 1.235256590341267,
    "eval_losses/count_imp_loss": 1.235256590341267,
    "eval_losses/pval_obs_loss": 0.961442871313346,
    "eval_losses/pval_imp_loss": 0.961442871313346,
    "eval_losses/peak_obs_loss": 0.6874361712681619,
    "eval_losses/peak_imp_loss": 0.6874361712681619
  }
}
{
  "epoch": 9,
  "training_metadata_probes": {
    "training_metadata_probes/depth_count_ratio": 1.0009465217590332,
    "training_metadata_probes/runtype_mse": 0.0008190961088985205,
    "training_metadata_probes/readlen_mse": 3.699048193084309e-06
  }
}
slurmstepd: error: *** JOB 37336739 ON fc11013 CANCELLED AT 2026-04-26T00:32:15 ***
