[gate_g] host=fc10511 h5=sandbox/data/sandbox.h5 regime=type1_chr19 run_dir=sandbox/runs/gate_g_type1_chr19
GPU 0: NVIDIA H100 80GB HBM3 (UUID: GPU-1e434305-9071-f499-c736-f80657148d4f)
{
  "run_dir": "sandbox/runs/gate_g_type1_chr19",
  "checks": {
    "resolved_config_exists": {
      "ok": true,
      "path": "sandbox/runs/gate_g_type1_chr19/resolved_config.yaml"
    },
    "wall_clock": {
      "ok": true,
      "elapsed_seconds": 63.104,
      "budget_seconds": 5400
    },
    "resolved_config_round_trip": {
      "ok": true,
      "detail": "ok"
    },
    "parity_ok_present": {
      "ok": true,
      "path": "/project/6014832/mforooz/EpiDenoise/sandbox/data/parity.ok"
    },
    "metrics_jsonl_nonempty": {
      "ok": true,
      "path": "sandbox/runs/gate_g_type1_chr19/metrics.jsonl"
    }
  },
  "ok": true
}
[gate_g] DONE
