Traceback (most recent call last):
  File "/cvmfs/soft.computecanada.ca/easybuild/software/2023/x86-64-v4/Compiler/gcccore/python/3.10.13/lib/python3.10/runpy.py", line 196, in _run_module_as_main
    return _run_code(code, main_globals, None,
  File "/cvmfs/soft.computecanada.ca/easybuild/software/2023/x86-64-v4/Compiler/gcccore/python/3.10.13/lib/python3.10/runpy.py", line 86, in _run_code
    exec(code, run_globals)
  File "/project/6014832/mforooz/EpiDenoise/sandbox/prepare_h5.py", line 608, in <module>
    raise SystemExit(main())
  File "/project/6014832/mforooz/EpiDenoise/sandbox/prepare_h5.py", line 604, in main
    return int(args.func(args))
  File "/project/6014832/mforooz/EpiDenoise/sandbox/prepare_h5.py", line 406, in cmd_validate_parity
    validate_parity(
  File "/project/6014832/mforooz/EpiDenoise/sandbox/prepare_h5.py", line 303, in validate_parity
    bios_order = json.loads(h5["biosamples"].attrs["order"])
  File "h5py/_objects.pyx", line 54, in h5py._objects.with_phil.wrapper
  File "h5py/_objects.pyx", line 55, in h5py._objects.with_phil.wrapper
  File "/project/6014832/mforooz/EpiDenoise/candi_venv/lib/python3.10/site-packages/h5py/_hl/group.py", line 357, in __getitem__
    oid = h5o.open(self.id, self._e(name), lapl=self._lapl)
  File "h5py/_objects.pyx", line 54, in h5py._objects.with_phil.wrapper
  File "h5py/_objects.pyx", line 55, in h5py._objects.with_phil.wrapper
  File "h5py/h5o.pyx", line 257, in h5py.h5o.open
KeyError: 'Unable to synchronously open object (addr overflow, addr = 6144, size = 328, eoa = 2048)'
