Number of assays: 35
CANDIIterableDataset initialized with bios_batchsize=1, loci_batchsize=1, dsf_list=[1, 2, 4]
Signal transformation: log1p
Fill-in-prompt mode: median
Training on device: cuda:0. DDP: False
Number of assays: 35
CANDIIterableDataset initialized with bios_batchsize=1, loci_batchsize=1, dsf_list=[1, 2, 4]
Signal transformation: log1p
Fill-in-prompt mode: median
Successfully initialized dataset with 35 assays
Loss weights - Count: 0.5, P-value: 1.0, Peak: 0.25
Obs/Imp weights - Observed: 0.25, Imputed: 1.0
Signal distribution: gaussian
Mixed precision training disabled
🏷️  Model name: 20260223_144452_CANDI_eic_random_200loci_bal_on_smoke
================================================================================
🚀 CANDI Training Configuration
================================================================================
📊 Dataset: EIC (/project/6014832/mforooz/)
   Loci: 200, Context: 3072, Strategy: random
🏗️  Model: CANDI-Standard with Separate Decoders
   Parameters: 52,407,151 total, 52,407,151 trainable
   Architecture: 9 heads, 4 SAB layers, 3 CNN layers
   DNA Encoder: XL (wide channels, biophysical kernels)
   MaskStem: Enabled (depth-wise missing data handling)

📝 Model Summary:
==========================================================================================
Layer (type:depth-idx)                                            Param #
==========================================================================================
CANDI                                                             --
├─MetadataEncoder: 1-1                                            560
│    └─Linear: 2-1                                                280
│    └─Linear: 2-2                                                280
│    └─Embedding: 2-3                                             5,320
│    └─Embedding: 2-4                                             560
│    └─Sequential: 2-5                                            --
│    │    └─Linear: 3-1                                           78,540
│    │    └─GELU: 3-2                                             --
│    │    └─Linear: 3-3                                           19,740
│    │    └─LayerNorm: 3-4                                        280
├─QueryMetadataEncoder: 1-2                                       560
│    └─Linear: 2-6                                                280
│    └─Linear: 2-7                                                280
│    └─Embedding: 2-8                                             5,320
│    └─Embedding: 2-9                                             560
│    └─Sequential: 2-10                                           --
│    │    └─Linear: 3-5                                           78,540
│    │    └─GELU: 3-6                                             --
│    │    └─Linear: 3-7                                           19,740
│    │    └─LayerNorm: 3-8                                        280
├─QueryMetadataEncoder: 1-3                                       (recursive)
│    └─Linear: 2-11                                               (recursive)
│    └─Linear: 2-12                                               (recursive)
│    └─Embedding: 2-13                                            (recursive)
│    └─Embedding: 2-14                                            (recursive)
│    └─Sequential: 2-15                                           (recursive)
│    │    └─Linear: 3-9                                           (recursive)
│    │    └─GELU: 3-10                                            --
│    │    └─Linear: 3-11                                          (recursive)
│    │    └─LayerNorm: 3-12                                       (recursive)
├─CANDI_DNA_Encoder: 1-4                                          --
│    └─MaskStem: 2-16                                             --
│    │    └─Conv1d: 3-13                                          108
│    └─ModuleList: 2-17                                           --
│    │    └─ConvTower: 3-14                                       6,528
│    │    └─ConvTower: 3-15                                       111,360
│    │    └─ConvTower: 3-16                                       443,904
│    │    └─ConvTower: 3-17                                       1,772,544
│    │    └─ConvTower: 3-18                                       7,084,032
│    └─ModuleList: 2-18                                           --
│    │    └─ConvTower: 3-19                                       864
│    │    └─ConvTower: 3-20                                       5,184
│    │    └─ConvTower: 3-21                                       38,880
│    └─ModuleList: 2-19                                           --
│    │    └─FiLMLayer: 3-22                                       846
│    │    └─FiLMLayer: 3-23                                       2,538
│    │    └─FiLMLayer: 3-24                                       7,614
│    └─LinearFusion: 2-20                                         --
│    │    └─Linear: 3-25                                          2,438,748
│    │    └─GELU: 3-26                                            --
│    │    └─LayerNorm: 3-27                                       1,944
│    │    └─Dropout: 3-28                                         --
│    └─ModuleList: 2-21                                           --
│    │    └─XTransformerEncoderBlock: 3-29                        9,805,536
│    │    └─XTransformerEncoderBlock: 3-30                        9,805,536
│    │    └─XTransformerEncoderBlock: 3-31                        9,805,536
│    │    └─XTransformerEncoderBlock: 3-32                        9,805,536
├─Sequential: 1-5                                                 --
│    └─Linear: 2-22                                               919,485
│    └─GELU: 2-23                                                 --
│    └─LayerNorm: 2-24                                            1,890
├─CANDI_Decoder: 1-6                                              --
│    └─ModuleList: 2-25                                           --
│    │    └─DeconvTower: 3-33                                     35,280
│    │    └─DeconvTower: 3-34                                     4,200
│    │    └─DeconvTower: 3-35                                     560
│    └─ModuleList: 2-26                                           --
│    │    └─FiLMLayer: 3-36                                       2,538
│    │    └─FiLMLayer: 3-37                                       846
│    │    └─FiLMLayer: 3-38                                       282
├─CANDI_Decoder: 1-7                                              --
│    └─ModuleList: 2-27                                           --
│    │    └─DeconvTower: 3-39                                     35,280
│    │    └─DeconvTower: 3-40                                     4,200
│    │    └─DeconvTower: 3-41                                     560
│    └─ModuleList: 2-28                                           --
│    │    └─FiLMLayer: 3-42                                       2,538
│    │    └─FiLMLayer: 3-43                                       846
│    │    └─FiLMLayer: 3-44                                       282
├─CANDI_Decoder: 1-8                                              --
│    └─ModuleList: 2-29                                           --
│    │    └─DeconvTower: 3-45                                     35,280
│    │    └─DeconvTower: 3-46                                     4,200
│    │    └─DeconvTower: 3-47                                     560
│    └─ModuleList: 2-30                                           --
│    │    └─FiLMLayer: 3-48                                       2,538
│    │    └─FiLMLayer: 3-49                                       846
│    │    └─FiLMLayer: 3-50                                       282
├─NegativeBinomialLayer: 1-9                                      --
│    └─Linear: 2-31                                               1,260
│    └─Linear: 2-32                                               1,260
├─GaussianLayer: 1-10                                             --
│    └─Linear: 2-33                                               1,260
│    └─Linear: 2-34                                               1,260
├─PeakLayer: 1-11                                                 --
│    └─Linear: 2-35                                               1,260
==========================================================================================
Total params: 52,407,151
Trainable params: 52,407,151
Non-trainable params: 0
==========================================================================================
🎯 Training: 1 epochs, batch size 4
/project/6014832/mforooz/EpiDenoise/candi_venv/lib/python3.10/site-packages/pydantic/_internal/_generate_schema.py:2249: UnsupportedFieldAttributeWarning: The 'repr' attribute with value False was provided to the `Field()` function, which has no effect in the context it was used. 'repr' is field-specific metadata, and can only be attached to a model field using `Annotated` metadata or by assignment. This may have happened because an `Annotated` type alias using the `type` statement was used, or if the `Field()` function was attached to a single member of a union type.
  warnings.warn(
/project/6014832/mforooz/EpiDenoise/candi_venv/lib/python3.10/site-packages/pydantic/_internal/_generate_schema.py:2249: UnsupportedFieldAttributeWarning: The 'frozen' attribute with value True was provided to the `Field()` function, which has no effect in the context it was used. 'frozen' is field-specific metadata, and can only be attached to a model field using `Annotated` metadata or by assignment. This may have happened because an `Annotated` type alias using the `type` statement was used, or if the `Field()` function was attached to a single member of a union type.
  warnings.warn(
/project/6014832/mforooz/EpiDenoise/candi_venv/lib/python3.10/site-packages/torch/utils/data/dataloader.py:624: UserWarning: This DataLoader will create 4 worker processes in total. Our suggested max number of worker in current system is 2, which is smaller than what this DataLoader is going to create. Please be aware that excessive worker creation might get DataLoader running slow or even freeze, lower the worker number to avoid potential slowness/freeze if necessary.
  warnings.warn(
   Optimizer: ADAMAX, LR: 0.001, Scheduler: Cosine (Linear Warmup + Cosine Annealing)
   Masking: Random masking
💻 System: cuda:0
================================================================================
Validation is disabled
Number of assays: 35
CANDIIterableDataset initialized with bios_batchsize=1, loci_batchsize=1, dsf_list=[1, 2, 4]
Signal transformation: log1p
Fill-in-prompt mode: median
--- Setting up data looper for split: train ---
Generating 200 loci using 'random' strategy...
Generated 200 regions.
Filtering navigation for split: train...
Balanced bios order: enabled (5 buckets), bucket_sizes=[6, 5, 5, 5, 5]
Using 26 biosamples with signal dimension 35.
--- Datalooper setup complete. ---
Estimated batches per epoch: 3900 (samples: 15600, batch_size: 4)
Dataset composition: 26 biosamples × 200 loci × 3 DSF factors = 15600 total samples
Setting up cosine scheduler: 3900 total steps, 390 warmup steps, 3510 cosine steps
Using 4 workers for data loading (CPU count: 48, DDP: False)

Epoch 1/1
[NQ_DEBUG] batch_ok Nq_count=72 Nq_signal=72 k_mean=18.00 k_max=18
Progress will be saved to: progress/training_progress_20260223_144524.csv
Progress updated in progress/training_progress_20260223_144524.csv (1 records)
====================================================================================
 Epoch: 1      Batch: 0   /3900  (0.0%)                                           
------------------------------------------------------------------------------------
Type          nbNLL       gNLL     peakLoss
------------------------------------------------------------------------------------
Imp            0.59       1.07         0.23
Obs           0.17       0.27         0.06
------------------------------------------------------------------------------------
           Count R2    Pval R2
Imp           -0.44      -4.30
Obs           -2.35      -9.53
------------------------------------------------------------------------------------
         Count SRCC  Pval SRCC
Imp           -0.00      -0.01
Obs            0.01      -0.01
------------------------------------------------------------------------------------
          Count PCC   Pval PCC
Imp            0.00       0.00
Obs            0.00      -0.01
------------------------------------------------------------------------------------
          Count MSE   Pval MSE
Imp            1.10       0.34
Obs            0.79       0.34
------------------------------------------------------------------------------------
           Peak AUC
Imp            0.49
Obs            0.51
------------------------------------------------------------------------------------
EMA (Exponential Moving Average):
         Count_Loss  Obs_Count_Loss       Pval_Loss   Obs_Pval_Loss
EMA            0.59            0.17            1.07            0.27
            Pval_R2    Pval_SRCC     Pval_PCC   Obs_Peak_AUC
EMA           -4.30        -0.01         0.00           0.51
           Count_R2   Count_SRCC    Count_PCC       Peak_AUC
EMA           -0.44        -0.00         0.00           0.49
------------------------------------------------------------------------------------
DSF-Trans: up=0 down=0 same=72 ctrl_non1=0
Gradient Norm: 15.92   Mask Probs: A:1.0/L:0.0/C:0.0   LR 2.00e-04   Batch time: 6.53s
====================================================================================


[NQ_DEBUG] batch_ok Nq_count=36 Nq_signal=36 k_mean=9.00 k_max=9
Progress updated in progress/training_progress_20260223_144524.csv (2 records)
====================================================================================
 Epoch: 1      Batch: 1   /3900  (0.0%)                                           
------------------------------------------------------------------------------------
Type          nbNLL       gNLL     peakLoss
------------------------------------------------------------------------------------
Imp            0.36       1.08         0.18
Obs           0.11       0.30         0.05
------------------------------------------------------------------------------------
           Count R2    Pval R2
Imp           -0.73      -7.59
Obs           -0.01      -0.45
------------------------------------------------------------------------------------
         Count SRCC  Pval SRCC
Imp            0.00      -0.00
Obs           -0.00      -0.00
------------------------------------------------------------------------------------
          Count PCC   Pval PCC
Imp            0.00      -0.00
Obs           -0.00       0.00
------------------------------------------------------------------------------------
          Count MSE   Pval MSE
Imp            0.52       0.35
Obs            3.65       0.72
------------------------------------------------------------------------------------
           Peak AUC
Imp            0.50
Obs            0.50
------------------------------------------------------------------------------------
EMA (Exponential Moving Average):
         Count_Loss  Obs_Count_Loss       Pval_Loss   Obs_Pval_Loss
EMA            0.59            0.17            1.07            0.27
            Pval_R2    Pval_SRCC     Pval_PCC   Obs_Peak_AUC
EMA           -4.31        -0.01         0.00           0.51
           Count_R2   Count_SRCC    Count_PCC       Peak_AUC
EMA           -0.44        -0.00         0.00           0.49
------------------------------------------------------------------------------------
DSF-Trans: up=0 down=0 same=36 ctrl_non1=0
Gradient Norm: 14.19   Mask Probs: A:1.0/L:0.0/C:0.0   LR 2.02e-04   Batch time: 2.39s
====================================================================================


Applying reverse complement augmentation
[NQ_DEBUG] batch_ok Nq_count=24 Nq_signal=24 k_mean=6.00 k_max=6
Progress updated in progress/training_progress_20260223_144524.csv (3 records)
====================================================================================
 Epoch: 1      Batch: 2   /3900  (0.1%)                                           
------------------------------------------------------------------------------------
Type          nbNLL       gNLL     peakLoss
------------------------------------------------------------------------------------
Imp            0.40       0.94         0.17
Obs           0.11       0.23         0.04
------------------------------------------------------------------------------------
           Count R2    Pval R2
Imp           -0.35      -8.33
Obs           -0.20      -7.13
------------------------------------------------------------------------------------
         Count SRCC  Pval SRCC
Imp            0.00      -0.01
Obs           -0.00      -0.00
------------------------------------------------------------------------------------
          Count PCC   Pval PCC
Imp           -0.00      -0.00
Obs            0.00      -0.00
------------------------------------------------------------------------------------
          Count MSE   Pval MSE
Imp            0.58       0.22
Obs            0.53       0.21
------------------------------------------------------------------------------------
           Peak AUC
Imp            0.52
Obs            0.50
------------------------------------------------------------------------------------
EMA (Exponential Moving Average):
         Count_Loss  Obs_Count_Loss       Pval_Loss   Obs_Pval_Loss
EMA            0.59            0.17            1.07            0.27
            Pval_R2    Pval_SRCC     Pval_PCC   Obs_Peak_AUC
EMA           -4.33        -0.01         0.00           0.51
           Count_R2   Count_SRCC    Count_PCC       Peak_AUC
EMA           -0.44        -0.00         0.00           0.49
------------------------------------------------------------------------------------
DSF-Trans: up=0 down=0 same=24 ctrl_non1=0
Gradient Norm: 56.57   Mask Probs: A:1.0/L:0.0/C:0.0   LR 2.04e-04   Batch time: 2.19s
====================================================================================


Applying reverse complement augmentation
[NQ_DEBUG] batch_ok Nq_count=20 Nq_signal=20 k_mean=5.00 k_max=5
Progress updated in progress/training_progress_20260223_144524.csv (4 records)
====================================================================================
 Epoch: 1      Batch: 3   /3900  (0.1%)                                           
------------------------------------------------------------------------------------
Type          nbNLL       gNLL     peakLoss
------------------------------------------------------------------------------------
Imp            0.47       5.52         0.17
Obs           0.12       1.96         0.04
------------------------------------------------------------------------------------
           Count R2    Pval R2
Imp           -0.28      -1.18
Obs           -0.29      -1.35
------------------------------------------------------------------------------------
         Count SRCC  Pval SRCC
Imp           -0.01       0.00
Obs           -0.00       0.00
------------------------------------------------------------------------------------
          Count PCC   Pval PCC
Imp           -0.00      -0.00
Obs           -0.00      -0.00
------------------------------------------------------------------------------------
          Count MSE   Pval MSE
Imp            0.90       0.18
Obs            0.62       0.12
------------------------------------------------------------------------------------
           Peak AUC
Imp            0.47
Obs            0.49
------------------------------------------------------------------------------------
EMA (Exponential Moving Average):
         Count_Loss  Obs_Count_Loss       Pval_Loss   Obs_Pval_Loss
EMA            0.59            0.17            1.10            0.28
            Pval_R2    Pval_SRCC     Pval_PCC   Obs_Peak_AUC
EMA           -4.32        -0.01         0.00           0.51
           Count_R2   Count_SRCC    Count_PCC       Peak_AUC
EMA           -0.44        -0.00         0.00           0.49
------------------------------------------------------------------------------------
DSF-Trans: up=0 down=0 same=20 ctrl_non1=0
Gradient Norm: 41078.67   Mask Probs: A:1.0/L:0.0/C:0.0   LR 2.06e-04   Batch time: 2.13s
====================================================================================


Applying reverse complement augmentation
[NQ_DEBUG] batch_ok Nq_count=72 Nq_signal=72 k_mean=18.00 k_max=18
Progress updated in progress/training_progress_20260223_144524.csv (5 records)
====================================================================================
 Epoch: 1      Batch: 4   /3900  (0.1%)                                           
------------------------------------------------------------------------------------
Type          nbNLL       gNLL     peakLoss
------------------------------------------------------------------------------------
Imp            0.49       0.85         0.18
Obs           0.18       0.21         0.04
------------------------------------------------------------------------------------
           Count R2    Pval R2
Imp           -0.13      -1.54
Obs           -0.12      -1.86
------------------------------------------------------------------------------------
         Count SRCC  Pval SRCC
Imp            0.00      -0.00
Obs            0.00      -0.00
------------------------------------------------------------------------------------
          Count PCC   Pval PCC
Imp            0.00      -0.00
Obs           -0.00      -0.00
------------------------------------------------------------------------------------
          Count MSE   Pval MSE
Imp            0.91       0.22
Obs            1.16       0.20
------------------------------------------------------------------------------------
           Peak AUC
Imp            0.50
Obs            0.50
------------------------------------------------------------------------------------
EMA (Exponential Moving Average):
         Count_Loss  Obs_Count_Loss       Pval_Loss   Obs_Pval_Loss
EMA            0.58            0.17            1.09            0.28
            Pval_R2    Pval_SRCC     Pval_PCC   Obs_Peak_AUC
EMA           -4.30        -0.01         0.00           0.51
           Count_R2   Count_SRCC    Count_PCC       Peak_AUC
EMA           -0.44        -0.00         0.00           0.49
------------------------------------------------------------------------------------
DSF-Trans: up=0 down=0 same=72 ctrl_non1=0
Gradient Norm: 111.92   Mask Probs: A:1.0/L:0.0/C:0.0   LR 2.08e-04   Batch time: 2.57s
====================================================================================


[NQ_DEBUG] batch_ok Nq_count=36 Nq_signal=36 k_mean=9.00 k_max=9
Progress updated in progress/training_progress_20260223_144524.csv (6 records)
====================================================================================
 Epoch: 1      Batch: 5   /3900  (0.1%)                                           
------------------------------------------------------------------------------------
Type          nbNLL       gNLL     peakLoss
------------------------------------------------------------------------------------
Imp            0.38     230.58         0.13
Obs           0.11      95.57         0.04
------------------------------------------------------------------------------------
           Count R2    Pval R2
Imp           -0.41      -1.30
Obs           -0.07      -0.31
------------------------------------------------------------------------------------
         Count SRCC  Pval SRCC
Imp           -0.00       0.00
Obs            0.00       0.00
------------------------------------------------------------------------------------
          Count PCC   Pval PCC
Imp            0.00      -0.00
Obs            0.00       0.00
------------------------------------------------------------------------------------
          Count MSE   Pval MSE
Imp            0.63       0.21
Obs            0.76       0.25
------------------------------------------------------------------------------------
           Peak AUC
Imp            0.50
Obs            0.50
------------------------------------------------------------------------------------
EMA (Exponential Moving Average):
         Count_Loss  Obs_Count_Loss       Pval_Loss   Obs_Pval_Loss
EMA            0.58            0.17            2.24            0.75
            Pval_R2    Pval_SRCC     Pval_PCC   Obs_Peak_AUC
EMA           -4.29        -0.01         0.00           0.51
           Count_R2   Count_SRCC    Count_PCC       Peak_AUC
EMA           -0.44        -0.00         0.00           0.49
------------------------------------------------------------------------------------
DSF-Trans: up=9 down=0 same=27 ctrl_non1=1
Gradient Norm: 1887028.75   Mask Probs: A:1.0/L:0.0/C:0.0   LR 2.10e-04   Batch time: 1.92s
====================================================================================


[NQ_DEBUG] batch_ok Nq_count=24 Nq_signal=24 k_mean=6.00 k_max=6
Progress updated in progress/training_progress_20260223_144524.csv (7 records)
====================================================================================
 Epoch: 1      Batch: 6   /3900  (0.2%)                                           
------------------------------------------------------------------------------------
Type          nbNLL       gNLL     peakLoss
------------------------------------------------------------------------------------
Imp            0.48      21.65         0.18
Obs           0.12       3.20         0.03
------------------------------------------------------------------------------------
           Count R2    Pval R2
Imp           -0.04      -1.42
Obs           -0.12      -1.28
------------------------------------------------------------------------------------
         Count SRCC  Pval SRCC
Imp           -0.00       0.00
Obs           -0.00      -0.00
------------------------------------------------------------------------------------
          Count PCC   Pval PCC
Imp            0.01       0.00
Obs           -0.00      -0.00
------------------------------------------------------------------------------------
          Count MSE   Pval MSE
Imp            0.78       0.10
Obs            0.71       0.10
------------------------------------------------------------------------------------
           Peak AUC
Imp            0.49
Obs            0.55
------------------------------------------------------------------------------------
EMA (Exponential Moving Average):
         Count_Loss  Obs_Count_Loss       Pval_Loss   Obs_Pval_Loss
EMA            0.58            0.17            2.34            0.77
            Pval_R2    Pval_SRCC     Pval_PCC   Obs_Peak_AUC
EMA           -4.27        -0.01         0.00           0.51
           Count_R2   Count_SRCC    Count_PCC       Peak_AUC
EMA           -0.44        -0.00         0.00           0.49
------------------------------------------------------------------------------------
DSF-Trans: up=12 down=0 same=12 ctrl_non1=2
Gradient Norm: 92047.06   Mask Probs: A:1.0/L:0.0/C:0.0   LR 2.12e-04   Batch time: 2.23s
====================================================================================


Applying reverse complement augmentation
[NQ_DEBUG] batch_ok Nq_count=20 Nq_signal=20 k_mean=5.00 k_max=5
Progress updated in progress/training_progress_20260223_144524.csv (8 records)
====================================================================================
 Epoch: 1      Batch: 7   /3900  (0.2%)                                           
------------------------------------------------------------------------------------
Type          nbNLL       gNLL     peakLoss
------------------------------------------------------------------------------------
Imp            0.49       2.52         0.15
Obs           0.12       0.61         0.05
------------------------------------------------------------------------------------
           Count R2    Pval R2
Imp           -1.08      -1.09
Obs           -0.83      -1.01
------------------------------------------------------------------------------------
         Count SRCC  Pval SRCC
Imp           -0.00      -0.00
Obs           -0.00       0.00
------------------------------------------------------------------------------------
          Count PCC   Pval PCC
Imp           -0.00       0.00
Obs            0.00      -0.00
------------------------------------------------------------------------------------
          Count MSE   Pval MSE
Imp            0.57       0.09
Obs            0.55       0.10
------------------------------------------------------------------------------------
           Peak AUC
Imp            0.52
Obs            0.52
------------------------------------------------------------------------------------
EMA (Exponential Moving Average):
         Count_Loss  Obs_Count_Loss       Pval_Loss   Obs_Pval_Loss
EMA            0.58            0.17            2.34            0.77
            Pval_R2    Pval_SRCC     Pval_PCC   Obs_Peak_AUC
EMA           -4.26        -0.01         0.00           0.51
           Count_R2   Count_SRCC    Count_PCC       Peak_AUC
EMA           -0.44        -0.00         0.00           0.49
------------------------------------------------------------------------------------
DSF-Trans: up=0 down=0 same=20 ctrl_non1=0
Gradient Norm: 6337.61   Mask Probs: A:1.0/L:0.0/C:0.0   LR 2.14e-04   Batch time: 1.60s
====================================================================================


[NQ_DEBUG] batch_ok Nq_count=72 Nq_signal=72 k_mean=18.00 k_max=18
Progress updated in progress/training_progress_20260223_144524.csv (9 records)
====================================================================================
 Epoch: 1      Batch: 8   /3900  (0.2%)                                           
------------------------------------------------------------------------------------
Type          nbNLL       gNLL     peakLoss
------------------------------------------------------------------------------------
Imp            0.98       1.00         0.18
Obs           0.19       0.23         0.05
------------------------------------------------------------------------------------
           Count R2    Pval R2
Imp           -0.09      -0.13
Obs           -0.11      -0.76
------------------------------------------------------------------------------------
         Count SRCC  Pval SRCC
Imp            0.00       0.01
Obs            0.01       0.00
------------------------------------------------------------------------------------
          Count PCC   Pval PCC
Imp            0.00       0.00
Obs           -0.00       0.00
------------------------------------------------------------------------------------
          Count MSE   Pval MSE
Imp            5.56       0.31
Obs            1.28       0.20
------------------------------------------------------------------------------------
           Peak AUC
Imp            0.50
Obs            0.50
------------------------------------------------------------------------------------
EMA (Exponential Moving Average):
         Count_Loss  Obs_Count_Loss       Pval_Loss   Obs_Pval_Loss
EMA            0.58            0.17            2.33            0.76
            Pval_R2    Pval_SRCC     Pval_PCC   Obs_Peak_AUC
EMA           -4.24        -0.01         0.00           0.51
           Count_R2   Count_SRCC    Count_PCC       Peak_AUC
EMA           -0.44        -0.00         0.00           0.49
------------------------------------------------------------------------------------
DSF-Trans: up=0 down=0 same=72 ctrl_non1=0
Gradient Norm: 17.33   Mask Probs: A:1.0/L:0.0/C:0.0   LR 2.16e-04   Batch time: 3.00s
====================================================================================


Applying reverse complement augmentation
[NQ_DEBUG] batch_ok Nq_count=36 Nq_signal=36 k_mean=9.00 k_max=9
Progress updated in progress/training_progress_20260223_144524.csv (10 records)
====================================================================================
 Epoch: 1      Batch: 9   /3900  (0.2%)                                           
------------------------------------------------------------------------------------
Type          nbNLL       gNLL     peakLoss
------------------------------------------------------------------------------------
Imp            0.40       0.79         0.14
Obs           0.10       0.23         0.03
------------------------------------------------------------------------------------
           Count R2    Pval R2
Imp           -0.48      -1.46
Obs           -0.24      -0.46
------------------------------------------------------------------------------------
         Count SRCC  Pval SRCC
Imp            0.00       0.00
Obs           -0.01      -0.00
------------------------------------------------------------------------------------
          Count PCC   Pval PCC
Imp            0.00       0.00
Obs           -0.00       0.00
------------------------------------------------------------------------------------
          Count MSE   Pval MSE
Imp            0.60       0.14
Obs            1.81       0.29
------------------------------------------------------------------------------------
           Peak AUC
Imp            0.50
Obs            0.50
------------------------------------------------------------------------------------
EMA (Exponential Moving Average):
         Count_Loss  Obs_Count_Loss       Pval_Loss   Obs_Pval_Loss
EMA            0.58            0.17            2.33            0.76
            Pval_R2    Pval_SRCC     Pval_PCC   Obs_Peak_AUC
EMA           -4.22        -0.01         0.00           0.51
           Count_R2   Count_SRCC    Count_PCC       Peak_AUC
EMA           -0.44        -0.00         0.00           0.49
------------------------------------------------------------------------------------
DSF-Trans: up=36 down=0 same=0 ctrl_non1=4
Gradient Norm: 56.09   Mask Probs: A:1.0/L:0.0/C:0.0   LR 2.18e-04   Batch time: 2.31s
====================================================================================


[NQ_DEBUG] batch_ok Nq_count=24 Nq_signal=24 k_mean=6.00 k_max=6
====================================================================================
 Epoch: 1      Batch: 10  /3900  (0.3%)                                           
------------------------------------------------------------------------------------
Type          nbNLL       gNLL     peakLoss
------------------------------------------------------------------------------------
Imp            0.51       0.66         0.16
Obs           0.12       0.16         0.04
------------------------------------------------------------------------------------
           Count R2    Pval R2
Imp           -0.19      -0.75
Obs           -0.27      -1.13
------------------------------------------------------------------------------------
         Count SRCC  Pval SRCC
Imp           -0.00       0.00
Obs           -0.00      -0.00
------------------------------------------------------------------------------------
          Count PCC   Pval PCC
Imp           -0.00       0.00
Obs            0.00       0.00
------------------------------------------------------------------------------------
          Count MSE   Pval MSE
Imp            0.99       0.08
Obs            0.79       0.07
------------------------------------------------------------------------------------
           Peak AUC
Imp            0.50
Obs            0.56
------------------------------------------------------------------------------------
EMA (Exponential Moving Average):
         Count_Loss  Obs_Count_Loss       Pval_Loss   Obs_Pval_Loss
EMA            0.58            0.17            2.32            0.76
            Pval_R2    Pval_SRCC     Pval_PCC   Obs_Peak_AUC
EMA           -4.20        -0.01         0.00           0.51
           Count_R2   Count_SRCC    Count_PCC       Peak_AUC
EMA           -0.44        -0.00         0.00           0.49
------------------------------------------------------------------------------------
DSF-Trans: up=24 down=0 same=0 ctrl_non1=4
Gradient Norm: 82.84   Mask Probs: A:1.0/L:0.0/C:0.0   LR 2.21e-04   Batch time: 1.75s
====================================================================================


Applying reverse complement augmentation
[NQ_DEBUG] batch_ok Nq_count=20 Nq_signal=20 k_mean=5.00 k_max=5
====================================================================================
 Epoch: 1      Batch: 11  /3900  (0.3%)                                           
------------------------------------------------------------------------------------
Type          nbNLL       gNLL     peakLoss
------------------------------------------------------------------------------------
Imp            0.52       0.75         0.16
Obs           0.14       0.19         0.04
------------------------------------------------------------------------------------
           Count R2    Pval R2
Imp           -0.57      -0.80
Obs           -0.21      -0.42
------------------------------------------------------------------------------------
         Count SRCC  Pval SRCC
Imp           -0.00      -0.00
Obs           -0.00       0.00
------------------------------------------------------------------------------------
          Count PCC   Pval PCC
Imp            0.00      -0.00
Obs           -0.00      -0.00
------------------------------------------------------------------------------------
          Count MSE   Pval MSE
Imp            0.64       0.09
Obs            1.37       0.12
------------------------------------------------------------------------------------
           Peak AUC
Imp            0.51
Obs            0.48
------------------------------------------------------------------------------------
EMA (Exponential Moving Average):
         Count_Loss  Obs_Count_Loss       Pval_Loss   Obs_Pval_Loss
EMA            0.58            0.17            2.31            0.75
            Pval_R2    Pval_SRCC     Pval_PCC   Obs_Peak_AUC
EMA           -4.19        -0.01         0.00           0.51
           Count_R2   Count_SRCC    Count_PCC       Peak_AUC
EMA           -0.44        -0.00         0.00           0.49
------------------------------------------------------------------------------------
DSF-Trans: up=5 down=0 same=15 ctrl_non1=1
Gradient Norm: 72.87   Mask Probs: A:1.0/L:0.0/C:0.0   LR 2.23e-04   Batch time: 1.57s
====================================================================================


Applying reverse complement augmentation
[NQ_DEBUG] batch_ok Nq_count=72 Nq_signal=72 k_mean=18.00 k_max=18
====================================================================================
 Epoch: 1      Batch: 12  /3900  (0.3%)                                           
------------------------------------------------------------------------------------
Type          nbNLL       gNLL     peakLoss
------------------------------------------------------------------------------------
Imp            0.72       0.84         0.18
Obs           0.17       0.22         0.05
------------------------------------------------------------------------------------
           Count R2    Pval R2
Imp           -0.05      -1.45
Obs           -0.07      -0.43
------------------------------------------------------------------------------------
         Count SRCC  Pval SRCC
Imp            0.00       0.00
Obs            0.00       0.00
------------------------------------------------------------------------------------
          Count PCC   Pval PCC
Imp            0.00      -0.00
Obs           -0.00       0.00
------------------------------------------------------------------------------------
          Count MSE   Pval MSE
Imp            0.88       0.16
Obs            2.08       0.21
------------------------------------------------------------------------------------
           Peak AUC
Imp            0.51
Obs            0.50
------------------------------------------------------------------------------------
EMA (Exponential Moving Average):
         Count_Loss  Obs_Count_Loss       Pval_Loss   Obs_Pval_Loss
EMA            0.58            0.17            2.30            0.75
            Pval_R2    Pval_SRCC     Pval_PCC   Obs_Peak_AUC
EMA           -4.17        -0.01         0.00           0.51
           Count_R2   Count_SRCC    Count_PCC       Peak_AUC
EMA           -0.43        -0.00         0.00           0.49
------------------------------------------------------------------------------------
DSF-Trans: up=0 down=0 same=72 ctrl_non1=0
Gradient Norm: 26.66   Mask Probs: A:1.0/L:0.0/C:0.0   LR 2.25e-04   Batch time: 3.54s
====================================================================================


[NQ_DEBUG] batch_ok Nq_count=36 Nq_signal=36 k_mean=9.00 k_max=9
====================================================================================
 Epoch: 1      Batch: 13  /3900  (0.3%)                                           
------------------------------------------------------------------------------------
Type          nbNLL       gNLL     peakLoss
------------------------------------------------------------------------------------
Imp            0.47       0.99         0.12
Obs           0.11       0.22         0.04
------------------------------------------------------------------------------------
           Count R2    Pval R2
Imp           -0.13      -0.15
Obs           -0.20      -0.25
------------------------------------------------------------------------------------
         Count SRCC  Pval SRCC
Imp           -0.00       0.00
Obs            0.00       0.00
------------------------------------------------------------------------------------
          Count PCC   Pval PCC
Imp           -0.00      -0.00
Obs            0.00       0.00
------------------------------------------------------------------------------------
          Count MSE   Pval MSE
Imp            0.99       0.26
Obs            1.97       0.28
------------------------------------------------------------------------------------
           Peak AUC
Imp            0.50
Obs            0.50
------------------------------------------------------------------------------------
EMA (Exponential Moving Average):
         Count_Loss  Obs_Count_Loss       Pval_Loss   Obs_Pval_Loss
EMA            0.58            0.17            2.30            0.75
            Pval_R2    Pval_SRCC     Pval_PCC   Obs_Peak_AUC
EMA           -4.15        -0.01         0.00           0.51
           Count_R2   Count_SRCC    Count_PCC       Peak_AUC
EMA           -0.43        -0.00         0.00           0.49
------------------------------------------------------------------------------------
DSF-Trans: up=36 down=0 same=0 ctrl_non1=4
Gradient Norm: 111.34   Mask Probs: A:1.0/L:0.0/C:0.0   LR 2.27e-04   Batch time: 2.70s
====================================================================================


[NQ_DEBUG] batch_ok Nq_count=24 Nq_signal=24 k_mean=6.00 k_max=6
====================================================================================
 Epoch: 1      Batch: 14  /3900  (0.4%)                                           
------------------------------------------------------------------------------------
Type          nbNLL       gNLL     peakLoss
------------------------------------------------------------------------------------
Imp            0.42       0.51         0.17
Obs           0.12       0.13         0.03
------------------------------------------------------------------------------------
           Count R2    Pval R2
Imp           -3.07      -1.38
Obs           -1.17      -1.13
------------------------------------------------------------------------------------
         Count SRCC  Pval SRCC
Imp            0.00       0.00
Obs           -0.00       0.00
------------------------------------------------------------------------------------
          Count PCC   Pval PCC
Imp            0.00       0.00
Obs           -0.00       0.00
------------------------------------------------------------------------------------
          Count MSE   Pval MSE
Imp            0.72       0.05
Obs            0.94       0.05
------------------------------------------------------------------------------------
           Peak AUC
Imp            0.48
Obs            0.50
------------------------------------------------------------------------------------
EMA (Exponential Moving Average):
         Count_Loss  Obs_Count_Loss       Pval_Loss   Obs_Pval_Loss
EMA            0.58            0.17            2.29            0.75
            Pval_R2    Pval_SRCC     Pval_PCC   Obs_Peak_AUC
EMA           -4.14        -0.01         0.00           0.51
           Count_R2   Count_SRCC    Count_PCC       Peak_AUC
EMA           -0.45        -0.00         0.00           0.49
------------------------------------------------------------------------------------
DSF-Trans: up=24 down=0 same=0 ctrl_non1=4
Gradient Norm: 81.16   Mask Probs: A:1.0/L:0.0/C:0.0   LR 2.29e-04   Batch time: 1.46s
====================================================================================


[NQ_DEBUG] batch_ok Nq_count=20 Nq_signal=20 k_mean=5.00 k_max=5
/project/6014832/mforooz/EpiDenoise/train.py:1630: ConstantInputWarning: An input array is constant; the correlation coefficient is not defined.
  spearman_result = spearmanr(all_obs_count_true, all_obs_count_pred)
/project/6014832/mforooz/EpiDenoise/train.py:1635: ConstantInputWarning: An input array is constant; the correlation coefficient is not defined.
  pearson_result = pearsonr(all_obs_count_true, all_obs_count_pred)
====================================================================================
 Epoch: 1      Batch: 15  /3900  (0.4%)                                           
------------------------------------------------------------------------------------
Type          nbNLL       gNLL     peakLoss
------------------------------------------------------------------------------------
Imp            0.53       0.69         0.14
Obs           0.12       0.16         0.04
------------------------------------------------------------------------------------
           Count R2    Pval R2
Imp           -0.35      -0.68
Obs           -0.21      -0.49
------------------------------------------------------------------------------------
         Count SRCC  Pval SRCC
Imp            0.00      -0.00
Obs           -0.00       0.00
------------------------------------------------------------------------------------
          Count PCC   Pval PCC
Imp            0.01      -0.00
Obs           -0.00       0.00
------------------------------------------------------------------------------------
          Count MSE   Pval MSE
Imp            1.37       0.11
Obs            1.11       0.10
------------------------------------------------------------------------------------
           Peak AUC
Imp            0.49
Obs            0.49
------------------------------------------------------------------------------------
EMA (Exponential Moving Average):
         Count_Loss  Obs_Count_Loss       Pval_Loss   Obs_Pval_Loss
EMA            0.58            0.17            2.28            0.74
            Pval_R2    Pval_SRCC     Pval_PCC   Obs_Peak_AUC
EMA           -4.12        -0.01         0.00           0.51
           Count_R2   Count_SRCC    Count_PCC       Peak_AUC
EMA           -0.45        -0.00         0.00           0.49
------------------------------------------------------------------------------------
DSF-Trans: up=20 down=0 same=0 ctrl_non1=4
Gradient Norm: 71.14   Mask Probs: A:1.0/L:0.0/C:0.0   LR 2.31e-04   Batch time: 2.83s
====================================================================================


Applying reverse complement augmentation
[NQ_DEBUG] batch_ok Nq_count=72 Nq_signal=72 k_mean=18.00 k_max=18
====================================================================================
 Epoch: 1      Batch: 16  /3900  (0.4%)                                           
------------------------------------------------------------------------------------
Type          nbNLL       gNLL     peakLoss
------------------------------------------------------------------------------------
Imp            0.51       0.71         0.18
Obs           0.11       0.18         0.04
------------------------------------------------------------------------------------
           Count R2    Pval R2
Imp           -0.17      -1.49
Obs           -0.60      -2.87
------------------------------------------------------------------------------------
         Count SRCC  Pval SRCC
Imp            0.01       0.00
Obs            0.00       0.00
------------------------------------------------------------------------------------
          Count PCC   Pval PCC
Imp            0.00       0.00
Obs            0.00      -0.00
------------------------------------------------------------------------------------
          Count MSE   Pval MSE
Imp            0.92       0.12
Obs            0.62       0.11
------------------------------------------------------------------------------------
           Peak AUC
Imp            0.51
Obs            0.49
------------------------------------------------------------------------------------
EMA (Exponential Moving Average):
         Count_Loss  Obs_Count_Loss       Pval_Loss   Obs_Pval_Loss
EMA            0.58            0.17            2.27            0.74
            Pval_R2    Pval_SRCC     Pval_PCC   Obs_Peak_AUC
EMA           -4.11        -0.01         0.00           0.51
           Count_R2   Count_SRCC    Count_PCC       Peak_AUC
EMA           -0.44        -0.00         0.00           0.49
------------------------------------------------------------------------------------
DSF-Trans: up=54 down=0 same=18 ctrl_non1=3
Gradient Norm: 35.28   Mask Probs: A:1.0/L:0.0/C:0.0   LR 2.33e-04   Batch time: 1.96s
====================================================================================


Applying reverse complement augmentation
[NQ_DEBUG] batch_ok Nq_count=36 Nq_signal=36 k_mean=9.00 k_max=9
====================================================================================
 Epoch: 1      Batch: 17  /3900  (0.4%)                                           
------------------------------------------------------------------------------------
Type          nbNLL       gNLL     peakLoss
------------------------------------------------------------------------------------
Imp            0.41       0.55         0.14
Obs           0.11       0.14         0.03
------------------------------------------------------------------------------------
           Count R2    Pval R2
Imp           -0.83      -1.56
Obs           -0.81      -0.97
------------------------------------------------------------------------------------
         Count SRCC  Pval SRCC
Imp            0.00      -0.00
Obs            0.00      -0.00
------------------------------------------------------------------------------------
          Count PCC   Pval PCC
Imp            0.00       0.00
Obs            0.01      -0.00
------------------------------------------------------------------------------------
          Count MSE   Pval MSE
Imp            0.54       0.07
Obs            0.66       0.10
------------------------------------------------------------------------------------
           Peak AUC
Imp            0.50
Obs            0.50
------------------------------------------------------------------------------------
EMA (Exponential Moving Average):
         Count_Loss  Obs_Count_Loss       Pval_Loss   Obs_Pval_Loss
EMA            0.58            0.17            2.26            0.74
            Pval_R2    Pval_SRCC     Pval_PCC   Obs_Peak_AUC
EMA           -4.10        -0.01         0.00           0.51
           Count_R2   Count_SRCC    Count_PCC       Peak_AUC
EMA           -0.45        -0.00         0.00           0.49
------------------------------------------------------------------------------------
DSF-Trans: up=36 down=0 same=0 ctrl_non1=4
Gradient Norm: 57.24   Mask Probs: A:1.0/L:0.0/C:0.0   LR 2.35e-04   Batch time: 2.25s
====================================================================================


Applying reverse complement augmentation
[NQ_DEBUG] batch_ok Nq_count=34 Nq_signal=34 k_mean=8.50 k_max=11
